Archive member included because of file (symbol)

contiki-sky.a(contiki-sky-pla)
                              obj_sky/contiki-sky-main.o (init_platform)
contiki-sky.a(button-sensor.o)
                              contiki-sky.a(contiki-sky-pla) (button_sensor)
contiki-sky.a(ds2411.o)       obj_sky/contiki-sky-main.o (ds2411_init)
contiki-sky.a(xmem.o)         obj_sky/contiki-sky-main.o (xmem_init)
contiki-sky.a(node-id.o)      obj_sky/contiki-sky-main.o (node_id_restore)
contiki-sky.a(sensors.o)      contiki-sky.a(button-sensor.o) (sensors_changed)
contiki-sky.a(cc2420.o)       obj_sky/contiki-sky-main.o (cc2420_set_pan_addr)
contiki-sky.a(cc2420-arch.o)  contiki-sky.a(cc2420.o) (cc2420_arch_init)
contiki-sky.a(uart1.o)        obj_sky/contiki-sky-main.o (uart1_active)
contiki-sky.a(uart1-putchar.o)
                              sink.co (putchar)
contiki-sky.a(msp430.o)       contiki-sky.a(uart1.o) (msp430_add_lpm_req)
contiki-sky.a(clock.o)        obj_sky/contiki-sky-main.o (clock_init)
contiki-sky.a(leds.o)         obj_sky/contiki-sky-main.o (leds_init)
contiki-sky.a(leds-arch.o)    contiki-sky.a(leds.o) (leds_arch_init)
contiki-sky.a(watchdog.o)     obj_sky/contiki-sky-main.o (watchdog_start)
contiki-sky.a(rtimer-arch.o)  obj_sky/contiki-sky-main.o (rtimer_arch_now)
contiki-sky.a(autostart.o)    obj_sky/contiki-sky-main.o (autostart_start)
contiki-sky.a(ctimer.o)       obj_sky/contiki-sky-main.o (ctimer_init)
contiki-sky.a(energest.o)     obj_sky/contiki-sky-main.o (energest_init)
contiki-sky.a(etimer.o)       contiki-sky.a(clock.o) (etimer_request_poll)
contiki-sky.a(process.o)      contiki-sky.a(ctimer.o) (process_current)
contiki-sky.a(rtimer.o)       obj_sky/contiki-sky-main.o (rtimer_init)
contiki-sky.a(timer.o)        obj_sky/contiki-sky-main.o (timer_set)
contiki-sky.a(list.o)         contiki-sky.a(ctimer.o) (list_init)
contiki-sky.a(random.o)       obj_sky/contiki-sky-main.o (random_init)
contiki-sky.a(sicslowpan.o)   obj_sky/contiki-sky-main.o (sicslowpan_driver)
contiki-sky.a(uip6.o)         sink.co (uip_aligned_buf)
contiki-sky.a(uip-ds6.o)      contiki-sky.a(uip6.o) (uip_ds6_is_addr_onlink)
contiki-sky.a(uip-ds6-nbr.o)  contiki-sky.a(uip-ds6.o) (uip_ds6_neighbors_init)
contiki-sky.a(uip-ds6-route.o)
                              contiki-sky.a(uip-ds6.o) (uip_ds6_route_init)
contiki-sky.a(uip-icmp6.o)    contiki-sky.a(uip6.o) (uip_icmp6_input)
contiki-sky.a(uip-nd6.o)      contiki-sky.a(uip6.o) (uip_nd6_init)
contiki-sky.a(tcpip.o)        contiki-sky.a(sicslowpan.o) (tcpip_set_outputfunc)
contiki-sky.a(uip-debug.o)    sink.co (uip_debug_ipaddr_print)
contiki-sky.a(rpl.o)          contiki-sky.a(uip-ds6-nbr.o) (rpl_link_neighbor_callback)
contiki-sky.a(rpl-dag.o)      contiki-sky.a(rpl.o) (default_instance)
contiki-sky.a(rpl-ext-header.)
                              contiki-sky.a(uip6.o) (rpl_verify_header)
contiki-sky.a(rpl-icmp6.o)    contiki-sky.a(rpl.o) (dao_output_target)
contiki-sky.a(rpl-mrhof.o)    contiki-sky.a(rpl.o) (rpl_mrhof)
contiki-sky.a(rpl-timers.o)   contiki-sky.a(rpl.o) (rpl_reset_periodic_timer)
contiki-sky.a(csma.o)         obj_sky/contiki-sky-main.o (csma_driver)
contiki-sky.a(framer-802154.o)
                              contiki-sky.a(sicslowpan.o) (framer_802154)
contiki-sky.a(framer.o)       contiki-sky.a(framer-802154.o) (framer_canonical_create_and_secure)
contiki-sky.a(mac.o)          contiki-sky.a(csma.o) (mac_call_sent_callback)
contiki-sky.a(linkaddr.o)     obj_sky/contiki-sky-main.o (linkaddr_copy)
contiki-sky.a(nbr-table.o)    contiki-sky.a(uip-ds6-nbr.o) (nbr_table_register)
contiki-sky.a(packetbuf.o)    contiki-sky.a(framer.o) (packetbuf_compact)
contiki-sky.a(queuebuf.o)     obj_sky/contiki-sky-main.o (queuebuf_init)
contiki-sky.a(contikimac.o)   obj_sky/contiki-sky-main.o (contikimac_driver)
contiki-sky.a(nullsec.o)      obj_sky/contiki-sky-main.o (nullsec_driver)
contiki-sky.a(spi.o)          contiki-sky.a(xmem.o) (spi_init)
contiki-sky.a(compower.o)     contiki-sky.a(contikimac.o) (compower_accumulate)
contiki-sky.a(stimer.o)       contiki-sky.a(uip-ds6.o) (stimer_set)
contiki-sky.a(memb.o)         contiki-sky.a(uip-ds6-route.o) (memb_init)
contiki-sky.a(frame802154.o)  contiki-sky.a(framer-802154.o) (frame802154_hdrlen)
contiki-sky.a(mac-sequence.o)
                              contiki-sky.a(contikimac.o) (mac_sequence_is_duplicate)
/usr/lib/gcc/msp430/4.6.3/mmpy-16/libgcc.a(_mulsi3.o)
                              contiki-sky.a(rpl.o) (__mulsi3)
/usr/lib/gcc/msp430/4.6.3/mmpy-16/libgcc.a(_udivmod16.o)
                              contiki-sky.a(rpl-dag.o) (__udivhi3)
/usr/lib/gcc/msp430/4.6.3/mmpy-16/libgcc.a(_divmod16.o)
                              contiki-sky.a(sicslowpan.o) (__divhi3)
/usr/lib/gcc/msp430/4.6.3/mmpy-16/libgcc.a(_udivmod32.o)
                              obj_sky/contiki-sky-main.o (__udivsi3)
/usr/lib/gcc/msp430/4.6.3/mmpy-16/libgcc.a(_mul_sf.o)
                              sink.co (__mulsf3)
[...]
Memory Configuration

Name             Origin             Length             Attributes
sfr              0x00000000         0x00000010
peripheral_8bit  0x00000010         0x000000f0
peripheral_16bit 0x00000100         0x00000100
ram_mirror       0x00000200         0x00000800         xw
infomem          0x00001000         0x00000100
infob            0x00001000         0x00000080
infoa            0x00001080         0x00000080
ram              0x00001100         0x00002800         xw
rom              0x00004000         0x0000bfe0         xr
vectors          0x0000ffe0         0x00000020
bsl              0x00000000         0x00000000
infoc            0x00000000         0x00000000
infod            0x00000000         0x00000000
ram2             0x00000000         0x00000000         xw
usbram           0x00000000         0x00000000         xw
far_rom          0x00000000         0x00000000
*default*        0x00000000         0xffffffff

Linker script and memory map

LOAD /usr/lib/gcc/msp430/4.6.3/mmpy-16/crt0ivtbl16.o
LOAD sink.co
LOAD obj_sky/contiki-sky-main.o
LOAD contiki-sky.a
LOAD /usr/lib/gcc/msp430/4.6.3/mmpy-16/libgcc.a
LOAD /usr/lib/gcc/msp430/4.6.3/../../../../msp430/lib/mmpy-16/libc.a
LOAD /usr/lib/gcc/msp430/4.6.3/mmpy-16/libgcc.a
LOAD /usr/lib/gcc/msp430/4.6.3/mmpy-16/libcrt0.a
                0x00000080                PROVIDE (__info_segment_size, 0x80)
                0x00001000                PROVIDE (__infob, 0x1000)
                0x00001080                PROVIDE (__infoa, 0x1080)
                0x00000000                __IE1 = 0x0
                0x00000002                __IFG1 = 0x2
                0x00000004                __ME1 = 0x4
                0x00000001                __IE2 = 0x1
                0x00000003                __IFG2 = 0x3
                0x00000005                __ME2 = 0x5
                0x00000120                __WDTCTL = 0x120
                0x00000130                __MPY = 0x130
                0x00000132                __MPYS = 0x132
                0x00000134                __MAC = 0x134
                0x00000136                __MACS = 0x136
                0x00000138                __OP2 = 0x138
                0x0000013a                __RESLO = 0x13a
                0x0000013c                __RESHI = 0x13c
                0x0000013e                __SUMEXT = 0x13e
                0x00000020                __P1IN = 0x20
                0x00000021                __P1OUT = 0x21
                0x00000022                __P1DIR = 0x22
                0x00000023                __P1IFG = 0x23
                0x00000024                __P1IES = 0x24
                0x00000025                __P1IE = 0x25
                0x00000026                __P1SEL = 0x26
                0x00000028                __P2IN = 0x28
                0x00000029                __P2OUT = 0x29
                0x0000002a                __P2DIR = 0x2a
                0x0000002b                __P2IFG = 0x2b
                0x0000002c                __P2IES = 0x2c
                0x0000002d                __P2IE = 0x2d
                0x0000002e                __P2SEL = 0x2e
                0x00000018                __P3IN = 0x18
                0x00000019                __P3OUT = 0x19
                0x0000001a                __P3DIR = 0x1a
                0x0000001b                __P3SEL = 0x1b
                0x0000001c                __P4IN = 0x1c
                0x0000001d                __P4OUT = 0x1d
                0x0000001e                __P4DIR = 0x1e
                0x0000001f                __P4SEL = 0x1f
                0x00000030                __P5IN = 0x30
                0x00000031                __P5OUT = 0x31
                0x00000032                __P5DIR = 0x32
                0x00000033                __P5SEL = 0x33
                0x00000034                __P6IN = 0x34
                0x00000035                __P6OUT = 0x35
                0x00000036                __P6DIR = 0x36
                0x00000037                __P6SEL = 0x37
                0x00000070                __U0CTL = 0x70
                0x00000071                __U0TCTL = 0x71
                0x00000072                __U0RCTL = 0x72
                0x00000073                __U0MCTL = 0x73
                0x00000074                __U0BR0 = 0x74
                0x00000075                __U0BR1 = 0x75
                0x00000076                __U0RXBUF = 0x76
                0x00000077                __U0TXBUF = 0x77
                0x00000078                __U1CTL = 0x78
                0x00000079                __U1TCTL = 0x79
                0x0000007a                __U1RCTL = 0x7a
                0x0000007b                __U1MCTL = 0x7b
                0x0000007c                __U1BR0 = 0x7c
                0x0000007d                __U1BR1 = 0x7d
                0x0000007e                __U1RXBUF = 0x7e
                0x0000007f                __U1TXBUF = 0x7f
                0x00000050                __I2CIE = 0x50
                0x00000051                __I2CIFG = 0x51
                0x00000052                __I2CNDAT = 0x52
                0x00000071                __I2CTCTL = 0x71
                0x00000072                __I2CDCTL = 0x72
                0x00000073                __I2CPSC = 0x73
                0x00000074                __I2CSCLH = 0x74
                0x00000075                __I2CSCLL = 0x75
                0x00000076                __I2CDRB = 0x76
                0x00000076                __I2CDRW = 0x76
                0x00000118                __I2COA = 0x118
                0x0000011a                __I2CSA = 0x11a
                0x0000011c                __I2CIV = 0x11c
                0x0000012e                __TAIV = 0x12e
                0x00000160                __TACTL = 0x160
                0x00000162                __TACCTL0 = 0x162
                0x00000164                __TACCTL1 = 0x164
                0x00000166                __TACCTL2 = 0x166
                0x00000170                __TAR = 0x170
                0x00000172                __TACCR0 = 0x172
                0x00000174                __TACCR1 = 0x174
                0x00000176                __TACCR2 = 0x176
                0x0000011e                __TBIV = 0x11e
                0x00000180                __TBCTL = 0x180
                0x00000182                __TBCCTL0 = 0x182
                0x00000184                __TBCCTL1 = 0x184
                0x00000186                __TBCCTL2 = 0x186
                0x00000188                __TBCCTL3 = 0x188
                0x0000018a                __TBCCTL4 = 0x18a
                0x0000018c                __TBCCTL5 = 0x18c
                0x0000018e                __TBCCTL6 = 0x18e
                0x00000190                __TBR = 0x190
                0x00000192                __TBCCR0 = 0x192
                0x00000194                __TBCCR1 = 0x194
                0x00000196                __TBCCR2 = 0x196
                0x00000198                __TBCCR3 = 0x198
                0x0000019a                __TBCCR4 = 0x19a
                0x0000019c                __TBCCR5 = 0x19c
                0x0000019e                __TBCCR6 = 0x19e
                0x00000056                __DCOCTL = 0x56
                0x00000057                __BCSCTL1 = 0x57
                0x00000058                __BCSCTL2 = 0x58
                0x00000055                __SVSCTL = 0x55
                0x00000128                __FCTL1 = 0x128
                0x0000012a                __FCTL2 = 0x12a
                0x0000012c                __FCTL3 = 0x12c
                0x00000059                __CACTL1 = 0x59
                0x0000005a                __CACTL2 = 0x5a
                0x0000005b                __CAPD = 0x5b
                0x000001a0                __ADC12CTL0 = 0x1a0
                0x000001a2                __ADC12CTL1 = 0x1a2
                0x000001a4                __ADC12IFG = 0x1a4
                0x000001a6                __ADC12IE = 0x1a6
                0x000001a8                __ADC12IV = 0x1a8
                0x00000140                __ADC12MEM0 = 0x140
                0x00000142                __ADC12MEM1 = 0x142
                0x00000144                __ADC12MEM2 = 0x144
                0x00000146                __ADC12MEM3 = 0x146
                0x00000148                __ADC12MEM4 = 0x148
                0x0000014a                __ADC12MEM5 = 0x14a
                0x0000014c                __ADC12MEM6 = 0x14c
                0x0000014e                __ADC12MEM7 = 0x14e
                0x00000150                __ADC12MEM8 = 0x150
                0x00000152                __ADC12MEM9 = 0x152
                0x00000154                __ADC12MEM10 = 0x154
                0x00000156                __ADC12MEM11 = 0x156
                0x00000158                __ADC12MEM12 = 0x158
                0x0000015a                __ADC12MEM13 = 0x15a
                0x0000015c                __ADC12MEM14 = 0x15c
                0x0000015e                __ADC12MEM15 = 0x15e
                0x00000080                __ADC12MCTL0 = 0x80
                0x00000081                __ADC12MCTL1 = 0x81
                0x00000082                __ADC12MCTL2 = 0x82
                0x00000083                __ADC12MCTL3 = 0x83
                0x00000084                __ADC12MCTL4 = 0x84
                0x00000085                __ADC12MCTL5 = 0x85
                0x00000086                __ADC12MCTL6 = 0x86
                0x00000087                __ADC12MCTL7 = 0x87
                0x00000088                __ADC12MCTL8 = 0x88
                0x00000089                __ADC12MCTL9 = 0x89
                0x0000008a                __ADC12MCTL10 = 0x8a
                0x0000008b                __ADC12MCTL11 = 0x8b
                0x0000008c                __ADC12MCTL12 = 0x8c
                0x0000008d                __ADC12MCTL13 = 0x8d
                0x0000008e                __ADC12MCTL14 = 0x8e
                0x0000008f                __ADC12MCTL15 = 0x8f
                0x000001c0                __DAC12_0CTL = 0x1c0
                0x000001c2                __DAC12_1CTL = 0x1c2
                0x000001c8                __DAC12_0DAT = 0x1c8
                0x000001ca                __DAC12_1DAT = 0x1ca
                0x00000122                __DMACTL0 = 0x122
                0x00000124                __DMACTL1 = 0x124
                0x000001e0                __DMA0CTL = 0x1e0
                0x000001e8                __DMA1CTL = 0x1e8
                0x000001f0                __DMA2CTL = 0x1f0
                0x000001e2                __DMA0SA = 0x1e2
                0x000001e4                __DMA0DA = 0x1e4
                0x000001e6                __DMA0SZ = 0x1e6
                0x000001ea                __DMA1SA = 0x1ea
                0x000001ec                __DMA1DA = 0x1ec
                0x000001ee                __DMA1SZ = 0x1ee
                0x000001f2                __DMA2SA = 0x1f2
                0x000001f4                __DMA2DA = 0x1f4
                0x000001f6                __DMA2SZ = 0x1f6

.hash
 *(.hash)

.dynsym
 *(.dynsym)

.dynstr
 *(.dynstr)

.gnu.version
 *(.gnu.version)

.gnu.version_d
 *(.gnu.version_d)

.gnu.version_r
 *(.gnu.version_r)

.rel.init
 *(.rel.init)

.rela.init
 *(.rela.init)

.rel.fini
 *(.rel.fini)

.rela.fini
 *(.rela.fini)

.rel.text
 *(.rel.text .rel.text.* .rel.gnu.linkonce.t.*)

.rela.text
 *(.rela.text .rela.text.* .rela.gnu.linkonce.t.*)

.rel.rodata
 *(.rel.rodata .rel.rodata.* .rel.gnu.linkonce.r.*)

.rela.rodata
 *(.rela.rodata .rela.rodata.* .rela.gnu.linkonce.r.*)

.rel.data
 *(.rel.data .rel.data.* .rel.gnu.linkonce.d.*)

.rela.data
 *(.rela.data .rela.data.* .rela.gnu.linkonce.d.*)

.rel.bss
 *(.rel.bss .rel.bss.* .rel.gnu.linkonce.b.*)

.rela.bss
 *(.rela.bss .rela.bss.* .rela.gnu.linkonce.b.*)

.rel.ctors
 *(.rel.ctors)

.rela.ctors
 *(.rela.ctors)

.rel.dtors
 *(.rel.dtors)

.rela.dtors
 *(.rela.dtors)

.rel.got
 *(.rel.got)

.rela.got
 *(.rela.got)

.rel.plt
 *(.rel.plt)

.rela.plt
 *(.rela.plt)

.text           0x00004000     0xaf54
                0x00004000                . = ALIGN (0x2)
 *(.init .init.*)
 *(.init0)
 .init0         0x00004000        0x0 /usr/lib/gcc/msp430/4.6.3/mmpy-16/libcrt0.a(_reset_vector__.o)
                0x00004000                _reset_vector__
 *(.init1)
 .init1         0x00004000        0xc /usr/lib/gcc/msp430/4.6.3/mmpy-16/libcrt0.a(__watchdog_support.o)
                0x00004000                __watchdog_support
 *(.init2)
 .init2         0x0000400c        0x4 /usr/lib/gcc/msp430/4.6.3/mmpy-16/libcrt0.a(__init_stack.o)
                0x0000400c                __init_stack
 *(.init3)
 .init3         0x00004010        0x0 /usr/lib/gcc/msp430/4.6.3/mmpy-16/libcrt0.a(__low_level_init.o)
                0x00004010                __low_level_init
 *(.init4)
 .init4         0x00004010       0x18 /usr/lib/gcc/msp430/4.6.3/mmpy-16/libcrt0.a(_copy_data.o)
                0x00004010                __do_copy_data
 .init4         0x00004028       0x16 /usr/lib/gcc/msp430/4.6.3/mmpy-16/libcrt0.a(_clear_bss.o)
                0x00004028                __do_clear_bss
 *(.init5)
 *(.init6)
 *(.init7)
 *(.init8)
 *(.init9)
 .init9         0x0000403e      0x2d8 obj_sky/contiki-sky-main.o
                0x0000403e                main
 *(.fini9)
 .fini9         0x00004316        0x0 /usr/lib/gcc/msp430/4.6.3/mmpy-16/libcrt0.a(__stop_progExec__.o)
                0x00004316                __stop_progExec__
 *(.fini8)
 *(.fini7)
 *(.fini6)
 *(.fini5)
 *(.fini4)
 *(.fini3)
 *(.fini2)
 *(.fini1)
 *(.fini0)
 .fini0         0x00004316        0x6 /usr/lib/gcc/msp430/4.6.3/mmpy-16/libcrt0.a(_endless_loop__.o)
                0x00004316                _endless_loop__
 *(.fini .fini.*)
                0x0000431c                . = ALIGN (0x2)
                0x0000431c                __ctors_start = .
 *(.ctors)
                0x0000431c                __ctors_end = .
                0x0000431c                __dtors_start = .
 *(.dtors)
                0x0000431c                __dtors_end = .
                0x0000431c                . = ALIGN (0x2)
 *(.text .text.* .gnu.linkonce.t.*)
 .text          0x0000431c        0x4 /usr/lib/gcc/msp430/4.6.3/mmpy-16/crt0ivtbl16.o
                0x0000431c                __isr_14
                0x0000431c                __isr_11
                0x0000431c                __isr_2
                0x0000431c                __isr_7
                0x0000431c                __isr_0
                0x0000431c                __isr_8
                0x0000431c                __isr_3
                0x0000431c                __isr_12
                0x0000431c                __isr_13
                0x0000431c                __isr_9
 .text.process_thread_mcast_sink_process
                0x00004320      0x1d6 sink.co
 .text.start_network_layer
                0x000044f6       0xa2 obj_sky/contiki-sky-main.o
 .text.init_platform
                0x00004598        0xc contiki-sky.a(contiki-sky-pla)
                0x00004598                init_platform
 .text.status   0x000045a4       0x16 contiki-sky.a(button-sensor.o)
 .text.configure
                0x000045ba       0x52 contiki-sky.a(button-sensor.o)
 .text.value    0x0000460c       0x22 contiki-sky.a(button-sensor.o)
 .text.irq_p2   0x0000462e       0x8a contiki-sky.a(button-sensor.o)
                0x0000462e                irq_p2
                0x0000462e                __isr_1
 .text.owreadb  0x000046b8       0x52 contiki-sky.a(ds2411.o)
 .text.ds2411_init
                0x0000470a      0x122 contiki-sky.a(ds2411.o)
                0x0000470a                ds2411_init
 .text.wait_ready
                0x0000482c       0x50 contiki-sky.a(xmem.o)
 .text.xmem_init
                0x0000487c       0x3e contiki-sky.a(xmem.o)
                0x0000487c                xmem_init
 .text.xmem_pread
                0x000048ba       0xea contiki-sky.a(xmem.o)
                0x000048ba                xmem_pread
 .text.node_id_restore
                0x000049a4       0x38 contiki-sky.a(node-id.o)
                0x000049a4                node_id_restore
 .text.process_thread_sensors_process
                0x000049dc       0xbe contiki-sky.a(sensors.o)
 .text.sensors_changed
                0x00004a9a       0x2a contiki-sky.a(sensors.o)
                0x00004a9a                sensors_changed
 .text.get_object
                0x00004ac4        0x4 contiki-sky.a(cc2420.o)
 .text.set_object
                0x00004ac8        0x4 contiki-sky.a(cc2420.o)
 .text.strobe   0x00004acc       0x20 contiki-sky.a(cc2420.o)
 .text.getreg   0x00004aec       0x54 contiki-sky.a(cc2420.o)
 .text.setreg   0x00004b40       0x52 contiki-sky.a(cc2420.o)
 .text.write_ram
                0x00004b92       0x80 contiki-sky.a(cc2420.o)
 .text.write_fifo_buf
                0x00004c12       0x40 contiki-sky.a(cc2420.o)
 .text.get_status
                0x00004c52       0x24 contiki-sky.a(cc2420.o)
 .text.set_txpower
                0x00004c76       0x26 contiki-sky.a(cc2420.o)
 .text.cc2420_receiving_packet
                0x00004c9c        0xe contiki-sky.a(cc2420.o)
 .text.pending_packet
                0x00004caa        0x8 contiki-sky.a(cc2420.o)
 .text.on       0x00004cb2       0x1e contiki-sky.a(cc2420.o)
 .text.wait_for_transmission
                0x00004cd0       0x22 contiki-sky.a(cc2420.o)
 .text.wait_for_status
                0x00004cf2       0x2a contiki-sky.a(cc2420.o)
 .text.getrxdata
                0x00004d1c       0x56 contiki-sky.a(cc2420.o)
 .text.flushrx  0x00004d72       0x1a contiki-sky.a(cc2420.o)
 .text.off      0x00004d8c       0x5a contiki-sky.a(cc2420.o)
 .text.RELEASE_LOCK
                0x00004de6       0x28 contiki-sky.a(cc2420.o)
 .text.set_key  0x00004e0e       0x18 contiki-sky.a(cc2420.o)
 .text.cc2420_prepare
                0x00004e26       0x3c contiki-sky.a(cc2420.o)
 .text.cc2420_on
                0x00004e62       0x22 contiki-sky.a(cc2420.o)
                0x00004e62                cc2420_on
 .text.cc2420_off
                0x00004e84       0x30 contiki-sky.a(cc2420.o)
                0x00004e84                cc2420_off
 .text.cc2420_cca
                0x00004eb4       0x5e contiki-sky.a(cc2420.o)
 .text.cc2420_read
                0x00004f12       0xb0 contiki-sky.a(cc2420.o)
 .text.process_thread_cc2420_process
                0x00004fc2       0x50 contiki-sky.a(cc2420.o)
 .text.encrypt  0x00005012       0x8e contiki-sky.a(cc2420.o)
 .text.cc2420_set_channel
                0x000050a0       0x3c contiki-sky.a(cc2420.o)
                0x000050a0                cc2420_set_channel
 .text.cc2420_set_pan_addr
                0x000050dc       0x4c contiki-sky.a(cc2420.o)
                0x000050dc                cc2420_set_pan_addr
 .text.cc2420_interrupt
                0x00005128       0x18 contiki-sky.a(cc2420.o)
                0x00005128                cc2420_interrupt
 .text.cc2420_set_txpower
                0x00005140        0xe contiki-sky.a(cc2420.o)
                0x00005140                cc2420_set_txpower
 .text.cc2420_get_txpower
                0x0000514e       0x1e contiki-sky.a(cc2420.o)
                0x0000514e                cc2420_get_txpower
 .text.cc2420_transmit
                0x0000516c      0x10e contiki-sky.a(cc2420.o)
 .text.cc2420_send
                0x0000527a       0x12 contiki-sky.a(cc2420.o)
 .text.cc2420_rssi
                0x0000528c       0x4c contiki-sky.a(cc2420.o)
                0x0000528c                cc2420_rssi
 .text.get_value
                0x000052d8       0xac contiki-sky.a(cc2420.o)
 .text.cc2420_set_cca_threshold
                0x00005384       0x16 contiki-sky.a(cc2420.o)
                0x00005384                cc2420_set_cca_threshold
 .text.set_value
                0x0000539a       0x8a contiki-sky.a(cc2420.o)
 .text.cc2420_init
                0x00005424       0xde contiki-sky.a(cc2420.o)
                0x00005424                cc2420_init
 .text.cc2420_port1_interrupt
                0x00005502       0x62 contiki-sky.a(cc2420-arch.o)
                0x00005502                __isr_4
                0x00005502                cc2420_port1_interrupt
 .text.cc2420_arch_init
                0x00005564       0x1a contiki-sky.a(cc2420-arch.o)
                0x00005564                cc2420_arch_init
 .text.uart1_active
                0x0000557e       0x1a contiki-sky.a(uart1.o)
                0x0000557e                uart1_active
 .text.uart1_writeb
                0x00005598       0x1a contiki-sky.a(uart1.o)
                0x00005598                uart1_writeb
 .text.uart1_init
                0x000055b2       0xf6 contiki-sky.a(uart1.o)
                0x000055b2                uart1_init
 .text.putchar  0x000056a8       0x10 contiki-sky.a(uart1-putchar.o)
                0x000056a8                putchar
 .text.msp430_init_dco
                0x000056b8       0x84 contiki-sky.a(msp430.o)
                0x000056b8                msp430_init_dco
 .text.msp430_add_lpm_req
                0x0000573c        0xc contiki-sky.a(msp430.o)
                0x0000573c                msp430_add_lpm_req
 .text.msp430_cpu_init
                0x00005748       0x2a contiki-sky.a(msp430.o)
                0x00005748                msp430_cpu_init
 .text.splhigh_
                0x00005772        0x8 contiki-sky.a(msp430.o)
                0x00005772                splhigh_
 .text.msp430_sync_dco
                0x0000577a       0x68 contiki-sky.a(msp430.o)
                0x0000577a                msp430_sync_dco
 .text.timera1  0x000057e2      0x11e contiki-sky.a(clock.o)
                0x000057e2                __isr_5
                0x000057e2                timera1
 .text.clock_time
                0x00005900       0x1a contiki-sky.a(clock.o)
                0x00005900                clock_time
 .text.clock_init
                0x0000591a       0x28 contiki-sky.a(clock.o)
                0x0000591a                clock_init
 .text.clock_delay
                0x00005942        0xc contiki-sky.a(clock.o)
                0x00005942                clock_delay
 .text.clock_seconds
                0x0000594e       0x1a contiki-sky.a(clock.o)
                0x0000594e                clock_seconds
 .text.show_leds
                0x00005968       0xf6 contiki-sky.a(leds.o)
 .text.leds_init
                0x00005a5e        0xa contiki-sky.a(leds.o)
                0x00005a5e                leds_init
 .text.leds_on  0x00005a68        0xa contiki-sky.a(leds.o)
                0x00005a68                leds_on
 .text.leds_off
                0x00005a72        0xe contiki-sky.a(leds.o)
                0x00005a72                leds_off
 .text.leds_arch_init
                0x00005a80        0xe contiki-sky.a(leds-arch.o)
                0x00005a80                leds_arch_init
 .text.leds_arch_set
                0x00005a8e       0x3a contiki-sky.a(leds-arch.o)
                0x00005a8e                leds_arch_set
 .text.watchdog_interrupt
                0x00005ac8        0x6 contiki-sky.a(watchdog.o)
                0x00005ac8                __isr_10
                0x00005ac8                watchdog_interrupt
 .text.watchdog_start
                0x00005ace       0x14 contiki-sky.a(watchdog.o)
                0x00005ace                watchdog_start
 .text.watchdog_periodic
                0x00005ae2       0x12 contiki-sky.a(watchdog.o)
                0x00005ae2                watchdog_periodic
 .text.watchdog_stop
                0x00005af4       0x16 contiki-sky.a(watchdog.o)
                0x00005af4                watchdog_stop
 .text.watchdog_init
                0x00005b0a       0x14 contiki-sky.a(watchdog.o)
                0x00005b0a                watchdog_init
 .text.rtimer_arch_init
                0x00005b1e        0xe contiki-sky.a(rtimer-arch.o)
                0x00005b1e                rtimer_arch_init
 .text.rtimer_arch_now
                0x00005b2c        0xe contiki-sky.a(rtimer-arch.o)
                0x00005b2c                rtimer_arch_now
 .text.timera0  0x00005b3a       0x70 contiki-sky.a(rtimer-arch.o)
                0x00005b3a                __isr_6
                0x00005b3a                timera0
 .text.rtimer_arch_schedule
                0x00005baa        0x6 contiki-sky.a(rtimer-arch.o)
                0x00005baa                rtimer_arch_schedule
 .text.autostart_start
                0x00005bb0       0x16 contiki-sky.a(autostart.o)
                0x00005bb0                autostart_start
 .text.process_thread_ctimer_process
                0x00005bc6       0xa4 contiki-sky.a(ctimer.o)
 .text.ctimer_init
                0x00005c6a       0x18 contiki-sky.a(ctimer.o)
                0x00005c6a                ctimer_init
 .text.ctimer_set
                0x00005c82       0x50 contiki-sky.a(ctimer.o)
                0x00005c82                ctimer_set
 .text.ctimer_reset
                0x00005cd2       0x30 contiki-sky.a(ctimer.o)
                0x00005cd2                ctimer_reset
 .text.ctimer_stop
                0x00005d02       0x28 contiki-sky.a(ctimer.o)
                0x00005d02                ctimer_stop
 .text.energest_init
                0x00005d2a       0x28 contiki-sky.a(energest.o)
                0x00005d2a                energest_init
 .text.energest_type_time
                0x00005d52       0x46 contiki-sky.a(energest.o)
                0x00005d52                energest_type_time
 .text.energest_type_set
                0x00005d98        0xe contiki-sky.a(energest.o)
                0x00005d98                energest_type_set
 .text.energest_flush
                0x00005da6       0x48 contiki-sky.a(energest.o)
                0x00005da6                energest_flush
 .text.update_time
                0x00005dee       0x78 contiki-sky.a(etimer.o)
 .text.etimer_request_poll
                0x00005e66        0xa contiki-sky.a(etimer.o)
                0x00005e66                etimer_request_poll
 .text.process_thread_etimer_process
                0x00005e70       0xc8 contiki-sky.a(etimer.o)
 .text.add_timer
                0x00005f38       0x40 contiki-sky.a(etimer.o)
 .text.etimer_set
                0x00005f78       0x12 contiki-sky.a(etimer.o)
                0x00005f78                etimer_set
 .text.etimer_reset
                0x00005f8a       0x12 contiki-sky.a(etimer.o)
                0x00005f8a                etimer_reset
 .text.etimer_restart
                0x00005f9c       0x12 contiki-sky.a(etimer.o)
                0x00005f9c                etimer_restart
 .text.etimer_expired
                0x00005fae        0xe contiki-sky.a(etimer.o)
                0x00005fae                etimer_expired
 .text.etimer_expiration_time
                0x00005fbc       0x14 contiki-sky.a(etimer.o)
                0x00005fbc                etimer_expiration_time
 .text.etimer_pending
                0x00005fd0        0xc contiki-sky.a(etimer.o)
                0x00005fd0                etimer_pending
 .text.etimer_next_expiration_time
                0x00005fdc       0x16 contiki-sky.a(etimer.o)
                0x00005fdc                etimer_next_expiration_time
 .text.etimer_stop
                0x00005ff2       0x3c contiki-sky.a(etimer.o)
                0x00005ff2                etimer_stop
 .text.call_process
                0x0000602e       0x4a contiki-sky.a(process.o)
 .text.exit_process
                0x00006078       0x96 contiki-sky.a(process.o)
 .text.do_poll  0x0000610e       0x30 contiki-sky.a(process.o)
 .text.process_alloc_event
                0x0000613e        0xe contiki-sky.a(process.o)
                0x0000613e                process_alloc_event
 .text.process_init
                0x0000614c       0x1c contiki-sky.a(process.o)
                0x0000614c                process_init
 .text.process_run
                0x00006168       0xa2 contiki-sky.a(process.o)
                0x00006168                process_run
 .text.process_nevents
                0x0000620a        0xe contiki-sky.a(process.o)
                0x0000620a                process_nevents
 .text.process_post
                0x00006218       0x54 contiki-sky.a(process.o)
                0x00006218                process_post
 .text.process_post_synch
                0x0000626c       0x12 contiki-sky.a(process.o)
                0x0000626c                process_post_synch
 .text.process_start
                0x0000627e       0x32 contiki-sky.a(process.o)
                0x0000627e                process_start
 .text.process_poll
                0x000062b0       0x18 contiki-sky.a(process.o)
                0x000062b0                process_poll
 .text.rtimer_init
                0x000062c8        0x6 contiki-sky.a(rtimer.o)
                0x000062c8                rtimer_init
 .text.rtimer_set
                0x000062ce       0x24 contiki-sky.a(rtimer.o)
                0x000062ce                rtimer_set
 .text.rtimer_run_next
                0x000062f2       0x26 contiki-sky.a(rtimer.o)
                0x000062f2                rtimer_run_next
 .text.timer_set
                0x00006318       0x1c contiki-sky.a(timer.o)
                0x00006318                timer_set
 .text.timer_reset
                0x00006334        0xe contiki-sky.a(timer.o)
                0x00006334                timer_reset
 .text.timer_restart
                0x00006342       0x14 contiki-sky.a(timer.o)
                0x00006342                timer_restart
 .text.timer_expired
                0x00006356       0x2a contiki-sky.a(timer.o)
                0x00006356                timer_expired
 .text.list_init
                0x00006380        0x6 contiki-sky.a(list.o)
                0x00006380                list_init
 .text.list_head
                0x00006386        0x4 contiki-sky.a(list.o)
                0x00006386                list_head
 .text.list_tail
                0x0000638a       0x12 contiki-sky.a(list.o)
                0x0000638a                list_tail
 .text.list_remove
                0x0000639c       0x34 contiki-sky.a(list.o)
                0x0000639c                list_remove
 .text.list_push
                0x000063d0       0x1a contiki-sky.a(list.o)
                0x000063d0                list_push
 .text.list_add
                0x000063ea       0x2a contiki-sky.a(list.o)
                0x000063ea                list_add
 .text.list_length
                0x00006414       0x10 contiki-sky.a(list.o)
                0x00006414                list_length
 .text.list_item_next
                0x00006424        0xc contiki-sky.a(list.o)
                0x00006424                list_item_next
 .text.random_init
                0x00006430        0x6 contiki-sky.a(random.o)
                0x00006430                random_init
 .text.random_rand
                0x00006436        0x6 contiki-sky.a(random.o)
                0x00006436                random_rand
 .text.set_packet_attrs
                0x0000643c       0x44 contiki-sky.a(sicslowpan.o)
 .text.addr_context_lookup_by_number
                0x00006480       0x36 contiki-sky.a(sicslowpan.o)
 .text.compress_addr_64
                0x000064b6       0xae contiki-sky.a(sicslowpan.o)
 .text.uncompress_addr
                0x00006564       0xb4 contiki-sky.a(sicslowpan.o)
 .text.input    0x00006618      0x65c contiki-sky.a(sicslowpan.o)
 .text.sicslowpan_init
                0x00006c74       0x26 contiki-sky.a(sicslowpan.o)
                0x00006c74                sicslowpan_init
 .text.addr_context_lookup_by_prefix
                0x00006c9a       0x4c contiki-sky.a(sicslowpan.o)
 .text.send_packet
                0x00006ce6       0x1a contiki-sky.a(sicslowpan.o)
 .text.output   0x00006d00      0x6da contiki-sky.a(sicslowpan.o)
 .text.packet_sent
                0x000073da       0x22 contiki-sky.a(sicslowpan.o)
 .text.chksum   0x000073fc       0x32 contiki-sky.a(uip6.o)
 .text.upper_layer_chksum
                0x0000742e       0x56 contiki-sky.a(uip6.o)
 .text.ext_hdr_options_process
                0x00007484       0xda contiki-sky.a(uip6.o)
 .text.uip_add32
                0x0000755e       0x68 contiki-sky.a(uip6.o)
                0x0000755e                uip_add32
 .text.unlikely.uip_add_rcv_nxt
                0x000075c6       0x2e contiki-sky.a(uip6.o)
 .text.uip_icmp6chksum
                0x000075f4        0xa contiki-sky.a(uip6.o)
                0x000075f4                uip_icmp6chksum
 .text.uip_tcpchksum
                0x000075fe        0xa contiki-sky.a(uip6.o)
                0x000075fe                uip_tcpchksum
 .text.uip_udpchksum
                0x00007608        0xa contiki-sky.a(uip6.o)
                0x00007608                uip_udpchksum
 .text.uip_init
                0x00007612       0x7a contiki-sky.a(uip6.o)
                0x00007612                uip_init
 .text.remove_ext_hdr
                0x0000768c       0x5a contiki-sky.a(uip6.o)
                0x0000768c                remove_ext_hdr
 .text.uip_udp_new
                0x000076e6       0xf4 contiki-sky.a(uip6.o)
                0x000076e6                uip_udp_new
 .text.uip_unlisten
                0x000077da       0x2a contiki-sky.a(uip6.o)
                0x000077da                uip_unlisten
 .text.uip_process
                0x00007804      0xe9e contiki-sky.a(uip6.o)
                0x00007804                uip_process
 .text.uip_htonl
                0x000086a2       0x2e contiki-sky.a(uip6.o)
                0x000086a2                uip_htonl
 .text.uip_ds6_list_loop
                0x000086d0       0x86 contiki-sky.a(uip-ds6.o)
                0x000086d0                uip_ds6_list_loop
 .text.uip_ds6_prefix_add
                0x00008756       0x80 contiki-sky.a(uip-ds6.o)
                0x00008756                uip_ds6_prefix_add
 .text.uip_ds6_is_addr_onlink
                0x000087d6       0x54 contiki-sky.a(uip-ds6.o)
                0x000087d6                uip_ds6_is_addr_onlink
 .text.uip_ds6_addr_lookup
                0x0000882a       0x2a contiki-sky.a(uip-ds6.o)
                0x0000882a                uip_ds6_addr_lookup
 .text.uip_ds6_get_link_local
                0x00008854       0x3e contiki-sky.a(uip-ds6.o)
                0x00008854                uip_ds6_get_link_local
 .text.uip_ds6_maddr_add
                0x00008892       0x4c contiki-sky.a(uip-ds6.o)
                0x00008892                uip_ds6_maddr_add
 .text.uip_ds6_addr_add
                0x000088de       0xc4 contiki-sky.a(uip-ds6.o)
                0x000088de                uip_ds6_addr_add
 .text.uip_ds6_maddr_lookup
                0x000089a2       0x2a contiki-sky.a(uip-ds6.o)
                0x000089a2                uip_ds6_maddr_lookup
 .text.uip_ds6_addr_rm
                0x000089cc       0x54 contiki-sky.a(uip-ds6.o)
                0x000089cc                uip_ds6_addr_rm
 .text.uip_ds6_periodic
                0x00008a20       0x4a contiki-sky.a(uip-ds6.o)
                0x00008a20                uip_ds6_periodic
 .text.uip_ds6_set_addr_iid
                0x00008a6a       0x14 contiki-sky.a(uip-ds6.o)
                0x00008a6a                uip_ds6_set_addr_iid
 .text.get_match_length
                0x00008a7e       0x3e contiki-sky.a(uip-ds6.o)
                0x00008a7e                get_match_length
 .text.uip_ds6_select_src
                0x00008abc       0xaa contiki-sky.a(uip-ds6.o)
                0x00008abc                uip_ds6_select_src
 .text.uip_ds6_compute_reachable_time
                0x00008b66       0x3e contiki-sky.a(uip-ds6.o)
                0x00008b66                uip_ds6_compute_reachable_time
 .text.uip_ds6_init
                0x00008ba4      0x154 contiki-sky.a(uip-ds6.o)
                0x00008ba4                uip_ds6_init
 .text.uip_ds6_nbr_rm
                0x00008cf8       0x1a contiki-sky.a(uip-ds6-nbr.o)
                0x00008cf8                uip_ds6_nbr_rm
 .text.uip_ds6_neighbors_init
                0x00008d12        0xe contiki-sky.a(uip-ds6-nbr.o)
                0x00008d12                uip_ds6_neighbors_init
 .text.uip_ds6_nbr_add
                0x00008d20       0x60 contiki-sky.a(uip-ds6-nbr.o)
                0x00008d20                uip_ds6_nbr_add
 .text.uip_ds6_nbr_get_ll
                0x00008d80        0xc contiki-sky.a(uip-ds6-nbr.o)
                0x00008d80                uip_ds6_nbr_get_ll
 .text.uip_ds6_nbr_lookup
                0x00008d8c       0x42 contiki-sky.a(uip-ds6-nbr.o)
                0x00008d8c                uip_ds6_nbr_lookup
 .text.uip_ds6_nbr_ll_lookup
                0x00008dce        0xc contiki-sky.a(uip-ds6-nbr.o)
                0x00008dce                uip_ds6_nbr_ll_lookup
 .text.uip_ds6_nbr_ipaddr_from_lladdr
                0x00008dda        0x6 contiki-sky.a(uip-ds6-nbr.o)
                0x00008dda                uip_ds6_nbr_ipaddr_from_lladdr
 .text.uip_ds6_nbr_lladdr_from_ipaddr
                0x00008de0       0x12 contiki-sky.a(uip-ds6-nbr.o)
                0x00008de0                uip_ds6_nbr_lladdr_from_ipaddr
 .text.uip_ds6_link_neighbor_callback
                0x00008df2       0x2a contiki-sky.a(uip-ds6-nbr.o)
                0x00008df2                uip_ds6_link_neighbor_callback
 .text.uip_ds6_neighbor_periodic
                0x00008e1c       0x60 contiki-sky.a(uip-ds6-nbr.o)
                0x00008e1c                uip_ds6_neighbor_periodic
 .text.call_route_callback
                0x00008e7c       0x4c contiki-sky.a(uip-ds6-route.o)
 .text.uip_ds6_route_init
                0x00008ec8       0x36 contiki-sky.a(uip-ds6-route.o)
                0x00008ec8                uip_ds6_route_init
 .text.uip_ds6_route_nexthop
                0x00008efe       0x1a contiki-sky.a(uip-ds6-route.o)
                0x00008efe                uip_ds6_route_nexthop
 .text.uip_ds6_route_head
                0x00008f18        0xa contiki-sky.a(uip-ds6-route.o)
                0x00008f18                uip_ds6_route_head
 .text.uip_ds6_route_next
                0x00008f22        0xe contiki-sky.a(uip-ds6-route.o)
                0x00008f22                uip_ds6_route_next
 .text.uip_ds6_route_lookup
                0x00008f30       0x8c contiki-sky.a(uip-ds6-route.o)
                0x00008f30                uip_ds6_route_lookup
 .text.uip_ds6_route_rm
                0x00008fbc       0xa4 contiki-sky.a(uip-ds6-route.o)
                0x00008fbc                uip_ds6_route_rm
 .text.rm_routelist
                0x00009060       0x34 contiki-sky.a(uip-ds6-route.o)
 .text.rm_routelist_callback
                0x00009094        0x6 contiki-sky.a(uip-ds6-route.o)
 .text.uip_ds6_route_add
                0x0000909a      0x10c contiki-sky.a(uip-ds6-route.o)
                0x0000909a                uip_ds6_route_add
 .text.uip_ds6_defrt_rm
                0x000091a6       0x48 contiki-sky.a(uip-ds6-route.o)
                0x000091a6                uip_ds6_defrt_rm
 .text.uip_ds6_defrt_lookup
                0x000091ee       0x36 contiki-sky.a(uip-ds6-route.o)
                0x000091ee                uip_ds6_defrt_lookup
 .text.uip_ds6_defrt_add
                0x00009224       0x74 contiki-sky.a(uip-ds6-route.o)
                0x00009224                uip_ds6_defrt_add
 .text.uip_ds6_defrt_choose
                0x00009298       0x3a contiki-sky.a(uip-ds6-route.o)
                0x00009298                uip_ds6_defrt_choose
 .text.uip_ds6_defrt_periodic
                0x000092d2       0x38 contiki-sky.a(uip-ds6-route.o)
                0x000092d2                uip_ds6_defrt_periodic
 .text.echo_reply_input
                0x0000930a      0x112 contiki-sky.a(uip-icmp6.o)
 .text.echo_request_input
                0x0000941c      0x12c contiki-sky.a(uip-icmp6.o)
 .text.uip_icmp6_input
                0x00009548       0x44 contiki-sky.a(uip-icmp6.o)
                0x00009548                uip_icmp6_input
 .text.uip_icmp6_register_input_handler
                0x0000958c        0xc contiki-sky.a(uip-icmp6.o)
                0x0000958c                uip_icmp6_register_input_handler
 .text.uip_icmp6_error_output
                0x00009598      0x17a contiki-sky.a(uip-icmp6.o)
                0x00009598                uip_icmp6_error_output
 .text.uip_icmp6_send
                0x00009712       0x96 contiki-sky.a(uip-icmp6.o)
                0x00009712                uip_icmp6_send
 .text.uip_icmp6_init
                0x000097a8       0x12 contiki-sky.a(uip-icmp6.o)
                0x000097a8                uip_icmp6_init
 .text.uip_nd6_init
                0x000097ba        0x2 contiki-sky.a(uip-nd6.o)
                0x000097ba                uip_nd6_init
 .text.start_periodic_tcp_timer
                0x000097bc       0x16 contiki-sky.a(tcpip.o)
 .text.tcpip_output
                0x000097d2       0x10 contiki-sky.a(tcpip.o)
                0x000097d2                tcpip_output
 .text.tcpip_set_outputfunc
                0x000097e2        0x6 contiki-sky.a(tcpip.o)
                0x000097e2                tcpip_set_outputfunc
 .text.udp_new  0x000097e8       0x1a contiki-sky.a(tcpip.o)
                0x000097e8                udp_new
 .text.tcpip_input
                0x00009802       0x16 contiki-sky.a(tcpip.o)
                0x00009802                tcpip_input
 .text.tcpip_ipv6_output
                0x00009818       0xce contiki-sky.a(tcpip.o)
                0x00009818                tcpip_ipv6_output
 .text.process_thread_tcpip_process
                0x000098e6      0x1d0 contiki-sky.a(tcpip.o)
 .text.tcpip_uipcall
                0x00009ab6       0x72 contiki-sky.a(tcpip.o)
                0x00009ab6                tcpip_uipcall
 .text.uip_debug_ipaddr_print
                0x00009b28       0x7c contiki-sky.a(uip-debug.o)
                0x00009b28                uip_debug_ipaddr_print
 .text.rpl_get_mode
                0x00009ba4        0x6 contiki-sky.a(rpl.o)
                0x00009ba4                rpl_get_mode
 .text.rpl_purge_routes
                0x00009baa       0x96 contiki-sky.a(rpl.o)
                0x00009baa                rpl_purge_routes
 .text.rpl_remove_routes
                0x00009c40       0x22 contiki-sky.a(rpl.o)
                0x00009c40                rpl_remove_routes
 .text.rpl_remove_routes_by_nexthop
                0x00009c62       0x46 contiki-sky.a(rpl.o)
                0x00009c62                rpl_remove_routes_by_nexthop
 .text.rpl_add_route
                0x00009ca8       0x44 contiki-sky.a(rpl.o)
                0x00009ca8                rpl_add_route
 .text.rpl_link_neighbor_callback
                0x00009cec       0x7c contiki-sky.a(rpl.o)
                0x00009cec                rpl_link_neighbor_callback
 .text.rpl_ipv6_neighbor_callback
                0x00009d68       0x1e contiki-sky.a(rpl.o)
                0x00009d68                rpl_ipv6_neighbor_callback
 .text.rpl_init
                0x00009d86       0x4a contiki-sky.a(rpl.o)
                0x00009d86                rpl_init
 .text.lollipop_greater_than
                0x00009dd0       0x44 contiki-sky.a(rpl-dag.o)
 .text.acceptable_rank
                0x00009e14       0x50 contiki-sky.a(rpl-dag.o)
 .text.find_parent_any_dag_any_instance
                0x00009e64       0x14 contiki-sky.a(rpl-dag.o)
 .text.rpl_set_preferred_parent
                0x00009e78       0x30 contiki-sky.a(rpl-dag.o)
 .text.set_ip_from_prefix
                0x00009ea8       0x38 contiki-sky.a(rpl-dag.o)
 .text.check_prefix
                0x00009ee0       0x80 contiki-sky.a(rpl-dag.o)
 .text.rpl_get_nbr
                0x00009f60       0x1e contiki-sky.a(rpl-dag.o)
                0x00009f60                rpl_get_nbr
 .text.rpl_dag_init
                0x00009f7e        0xe contiki-sky.a(rpl-dag.o)
                0x00009f7e                rpl_dag_init
 .text.rpl_get_parent
                0x00009f8c        0xc contiki-sky.a(rpl-dag.o)
                0x00009f8c                rpl_get_parent
 .text.rpl_get_parent_ipaddr
                0x00009f98       0x10 contiki-sky.a(rpl-dag.o)
                0x00009f98                rpl_get_parent_ipaddr
 .text.rpl_set_prefix
                0x00009fa8       0x8e contiki-sky.a(rpl-dag.o)
                0x00009fa8                rpl_set_prefix
 .text.rpl_set_default_route
                0x0000a036       0x5a contiki-sky.a(rpl-dag.o)
                0x0000a036                rpl_set_default_route
 .text.rpl_alloc_instance
                0x0000a090       0x34 contiki-sky.a(rpl-dag.o)
                0x0000a090                rpl_alloc_instance
 .text.rpl_add_parent
                0x0000a0c4       0x56 contiki-sky.a(rpl-dag.o)
                0x0000a0c4                rpl_add_parent
 .text.rpl_find_parent
                0x0000a11a       0x1a contiki-sky.a(rpl-dag.o)
                0x0000a11a                rpl_find_parent
 .text.rpl_find_parent_any_dag
                0x0000a134       0x22 contiki-sky.a(rpl-dag.o)
                0x0000a134                rpl_find_parent_any_dag
 .text.rpl_select_parent
                0x0000a156       0x7e contiki-sky.a(rpl-dag.o)
                0x0000a156                rpl_select_parent
 .text.rpl_select_dag
                0x0000a1d4      0x182 contiki-sky.a(rpl-dag.o)
                0x0000a1d4                rpl_select_dag
 .text.rpl_nullify_parent
                0x0000a356       0x54 contiki-sky.a(rpl-dag.o)
                0x0000a356                rpl_nullify_parent
 .text.rpl_remove_parent
                0x0000a3aa       0x16 contiki-sky.a(rpl-dag.o)
                0x0000a3aa                rpl_remove_parent
 .text.nbr_callback
                0x0000a3c0        0x6 contiki-sky.a(rpl-dag.o)
 .text.remove_parents.constprop.2
                0x0000a3c6       0x32 contiki-sky.a(rpl-dag.o)
 .text.rpl_move_parent
                0x0000a3f8       0x5a contiki-sky.a(rpl-dag.o)
                0x0000a3f8                rpl_move_parent
 .text.rpl_get_any_dag
                0x0000a452       0x18 contiki-sky.a(rpl-dag.o)
                0x0000a452                rpl_get_any_dag
 .text.rpl_get_instance
                0x0000a46a       0x1a contiki-sky.a(rpl-dag.o)
                0x0000a46a                rpl_get_instance
 .text.rpl_alloc_dag
                0x0000a484       0x60 contiki-sky.a(rpl-dag.o)
                0x0000a484                rpl_alloc_dag
 .text.rpl_repair_root
                0x0000a4e4       0x50 contiki-sky.a(rpl-dag.o)
                0x0000a4e4                rpl_repair_root
 .text.rpl_find_of
                0x0000a534       0x10 contiki-sky.a(rpl-dag.o)
                0x0000a534                rpl_find_of
 .text.rpl_join_instance
                0x0000a544      0x13c contiki-sky.a(rpl-dag.o)
                0x0000a544                rpl_join_instance
 .text.rpl_local_repair
                0x0000a680       0x7c contiki-sky.a(rpl-dag.o)
                0x0000a680                rpl_local_repair
 .text.rpl_process_parent_event
                0x0000a6fc       0x4e contiki-sky.a(rpl-dag.o)
                0x0000a6fc                rpl_process_parent_event
 .text.rpl_recalculate_ranks
                0x0000a74a       0x48 contiki-sky.a(rpl-dag.o)
                0x0000a74a                rpl_recalculate_ranks
 .text.rpl_add_dag
                0x0000a792      0x112 contiki-sky.a(rpl-dag.o)
                0x0000a792                rpl_add_dag
 .text.rpl_process_dio
                0x0000a8a4      0x2e2 contiki-sky.a(rpl-dag.o)
                0x0000a8a4                rpl_process_dio
 .text.rpl_lock_parent
                0x0000ab86        0xc contiki-sky.a(rpl-dag.o)
                0x0000ab86                rpl_lock_parent
 .text.rpl_verify_header
                0x0000ab92       0xba contiki-sky.a(rpl-ext-header.)
                0x0000ab92                rpl_verify_header
 .text.rpl_update_header_empty
                0x0000ac4c      0x126 contiki-sky.a(rpl-ext-header.)
                0x0000ac4c                rpl_update_header_empty
 .text.rpl_update_header_final
                0x0000ad72       0x94 contiki-sky.a(rpl-ext-header.)
                0x0000ad72                rpl_update_header_final
 .text.rpl_invert_header
                0x0000ae06       0x7a contiki-sky.a(rpl-ext-header.)
                0x0000ae06                rpl_invert_header
 .text.rpl_insert_header
                0x0000ae80       0x12 contiki-sky.a(rpl-ext-header.)
                0x0000ae80                rpl_insert_header
 .text.get32    0x0000ae92       0x46 contiki-sky.a(rpl-icmp6.o)
 .text.set32    0x0000aed8       0x2a contiki-sky.a(rpl-icmp6.o)
 .text.get16    0x0000af02        0xe contiki-sky.a(rpl-icmp6.o)
 .text.set16    0x0000af10       0x10 contiki-sky.a(rpl-icmp6.o)
 .text.dao_ack_input
                0x0000af20        0x6 contiki-sky.a(rpl-icmp6.o)
 .text.dio_input
                0x0000af26      0x2d2 contiki-sky.a(rpl-icmp6.o)
 .text.dis_output
                0x0000b1f8       0x50 contiki-sky.a(rpl-icmp6.o)
                0x0000b1f8                dis_output
 .text.dio_output
                0x0000b248      0x268 contiki-sky.a(rpl-icmp6.o)
                0x0000b248                dio_output
 .text.dis_input
                0x0000b4b0       0x28 contiki-sky.a(rpl-icmp6.o)
 .text.dao_output_target
                0x0000b4d8       0xea contiki-sky.a(rpl-icmp6.o)
                0x0000b4d8                dao_output_target
 .text.dao_output
                0x0000b5c2       0x80 contiki-sky.a(rpl-icmp6.o)
                0x0000b5c2                dao_output
 .text.dao_ack_output
                0x0000b642       0x32 contiki-sky.a(rpl-icmp6.o)
                0x0000b642                dao_ack_output
 .text.dao_input
                0x0000b674      0x2a8 contiki-sky.a(rpl-icmp6.o)
 .text.rpl_icmp6_register_handlers
                0x0000b91c       0x22 contiki-sky.a(rpl-icmp6.o)
                0x0000b91c                rpl_icmp6_register_handlers
 .text.reset    0x0000b93e        0x2 contiki-sky.a(rpl-mrhof.o)
 .text.update_metric_container
                0x0000b940        0x6 contiki-sky.a(rpl-mrhof.o)
 .text.calculate_rank
                0x0000b946       0x3e contiki-sky.a(rpl-mrhof.o)
 .text.best_parent
                0x0000b984       0x74 contiki-sky.a(rpl-mrhof.o)
 .text.neighbor_link_callback
                0x0000b9f8       0xa2 contiki-sky.a(rpl-mrhof.o)
 .text.best_dag
                0x0000ba9a       0x34 contiki-sky.a(rpl-mrhof.o)
 .text.new_dio_interval
                0x0000bace       0x92 contiki-sky.a(rpl-timers.o)
 .text.handle_periodic_timer
                0x0000bb60       0x2e contiki-sky.a(rpl-timers.o)
 .text.set_dao_lifetime_timer
                0x0000bb8e       0x52 contiki-sky.a(rpl-timers.o)
 .text.schedule_dao
                0x0000bbe0       0x82 contiki-sky.a(rpl-timers.o)
 .text.handle_dio_timer
                0x0000bc62       0x88 contiki-sky.a(rpl-timers.o)
 .text.handle_dao_timer
                0x0000bcea       0x64 contiki-sky.a(rpl-timers.o)
 .text.rpl_reset_periodic_timer
                0x0000bd4e       0x60 contiki-sky.a(rpl-timers.o)
                0x0000bd4e                rpl_reset_periodic_timer
 .text.rpl_reset_dio_timer
                0x0000bdae       0x18 contiki-sky.a(rpl-timers.o)
                0x0000bdae                rpl_reset_dio_timer
 .text.rpl_schedule_dao
                0x0000bdc6        0xc contiki-sky.a(rpl-timers.o)
                0x0000bdc6                rpl_schedule_dao
 .text.rpl_schedule_probing
                0x0000bdd2       0x3c contiki-sky.a(rpl-timers.o)
                0x0000bdd2                rpl_schedule_probing
 .text.handle_probing_timer
                0x0000be0e      0x124 contiki-sky.a(rpl-timers.o)
 .text.input_packet
                0x0000bf32        0x6 contiki-sky.a(csma.o)
 .text.on       0x0000bf38        0x6 contiki-sky.a(csma.o)
 .text.off      0x0000bf3e        0x6 contiki-sky.a(csma.o)
 .text.channel_check_interval
                0x0000bf44       0x10 contiki-sky.a(csma.o)
 .text.transmit_packet_list
                0x0000bf54       0x24 contiki-sky.a(csma.o)
 .text.send_packet
                0x0000bf78      0x17a contiki-sky.a(csma.o)
 .text.init     0x0000c0f2       0x1a contiki-sky.a(csma.o)
 .text.free_packet
                0x0000c10c       0x9c contiki-sky.a(csma.o)
 .text.packet_sent
                0x0000c1a8      0x130 contiki-sky.a(csma.o)
 .text.parse    0x0000c2d8       0xa0 contiki-sky.a(framer-802154.o)
 .text.create_frame.isra.0
                0x0000c378      0x108 contiki-sky.a(framer-802154.o)
 .text.create   0x0000c480        0x8 contiki-sky.a(framer-802154.o)
 .text.hdr_length
                0x0000c488        0x8 contiki-sky.a(framer-802154.o)
 .text.framer_canonical_create_and_secure
                0x0000c490       0x20 contiki-sky.a(framer.o)
                0x0000c490                framer_canonical_create_and_secure
 .text.mac_call_sent_callback
                0x0000c4b0       0x14 contiki-sky.a(mac.o)
                0x0000c4b0                mac_call_sent_callback
 .text.linkaddr_copy
                0x0000c4c4        0x8 contiki-sky.a(linkaddr.o)
                0x0000c4c4                linkaddr_copy
 .text.linkaddr_cmp
                0x0000c4cc       0x12 contiki-sky.a(linkaddr.o)
                0x0000c4cc                linkaddr_cmp
 .text.linkaddr_set_node_addr
                0x0000c4de        0xc contiki-sky.a(linkaddr.o)
                0x0000c4de                linkaddr_set_node_addr
 .text.index_from_key
                0x0000c4ea       0x48 contiki-sky.a(nbr-table.o)
 .text.item_from_key
                0x0000c532       0x34 contiki-sky.a(nbr-table.o)
 .text.nbr_set_bit
                0x0000c566       0x8e contiki-sky.a(nbr-table.o)
 .text.index_from_lladdr
                0x0000c5f4       0x42 contiki-sky.a(nbr-table.o)
 .text.nbr_get_bit.constprop.0
                0x0000c636       0x62 contiki-sky.a(nbr-table.o)
 .text.nbr_table_register
                0x0000c698       0x28 contiki-sky.a(nbr-table.o)
                0x0000c698                nbr_table_register
 .text.nbr_table_next
                0x0000c6c0       0x90 contiki-sky.a(nbr-table.o)
                0x0000c6c0                nbr_table_next
 .text.nbr_table_head
                0x0000c750       0x36 contiki-sky.a(nbr-table.o)
                0x0000c750                nbr_table_head
 .text.nbr_table_add_lladdr
                0x0000c786      0x144 contiki-sky.a(nbr-table.o)
                0x0000c786                nbr_table_add_lladdr
 .text.nbr_table_get_from_lladdr
                0x0000c8ca       0x48 contiki-sky.a(nbr-table.o)
                0x0000c8ca                nbr_table_get_from_lladdr
 .text.nbr_table_remove
                0x0000c912       0x32 contiki-sky.a(nbr-table.o)
                0x0000c912                nbr_table_remove
 .text.nbr_table_lock
                0x0000c944       0x10 contiki-sky.a(nbr-table.o)
                0x0000c944                nbr_table_lock
 .text.nbr_table_unlock
                0x0000c954       0x10 contiki-sky.a(nbr-table.o)
                0x0000c954                nbr_table_unlock
 .text.nbr_table_get_lladdr
                0x0000c964       0x5a contiki-sky.a(nbr-table.o)
                0x0000c964                nbr_table_get_lladdr
 .text.packetbuf_compact
                0x0000c9be       0x2e contiki-sky.a(packetbuf.o)
                0x0000c9be                packetbuf_compact
 .text.packetbuf_copyto
                0x0000c9ec       0x52 contiki-sky.a(packetbuf.o)
                0x0000c9ec                packetbuf_copyto
 .text.packetbuf_hdrreduce
                0x0000ca3e       0x1a contiki-sky.a(packetbuf.o)
                0x0000ca3e                packetbuf_hdrreduce
 .text.packetbuf_set_datalen
                0x0000ca58        0x6 contiki-sky.a(packetbuf.o)
                0x0000ca58                packetbuf_set_datalen
 .text.packetbuf_dataptr
                0x0000ca5e        0xe contiki-sky.a(packetbuf.o)
                0x0000ca5e                packetbuf_dataptr
 .text.packetbuf_hdrptr
                0x0000ca6c        0xa contiki-sky.a(packetbuf.o)
                0x0000ca6c                packetbuf_hdrptr
 .text.packetbuf_datalen
                0x0000ca76        0x6 contiki-sky.a(packetbuf.o)
                0x0000ca76                packetbuf_datalen
 .text.packetbuf_hdrlen
                0x0000ca7c       0x10 contiki-sky.a(packetbuf.o)
                0x0000ca7c                packetbuf_hdrlen
 .text.packetbuf_totlen
                0x0000ca8c        0xc contiki-sky.a(packetbuf.o)
                0x0000ca8c                packetbuf_totlen
 .text.packetbuf_hdralloc
                0x0000ca98       0x2e contiki-sky.a(packetbuf.o)
                0x0000ca98                packetbuf_hdralloc
 .text.packetbuf_attr_clear
                0x0000cac6       0x28 contiki-sky.a(packetbuf.o)
                0x0000cac6                packetbuf_attr_clear
 .text.packetbuf_clear
                0x0000caee       0x1a contiki-sky.a(packetbuf.o)
                0x0000caee                packetbuf_clear
 .text.packetbuf_copyfrom
                0x0000cb08       0x2e contiki-sky.a(packetbuf.o)
                0x0000cb08                packetbuf_copyfrom
 .text.packetbuf_attr_copyto
                0x0000cb36       0x22 contiki-sky.a(packetbuf.o)
                0x0000cb36                packetbuf_attr_copyto
 .text.packetbuf_attr_copyfrom
                0x0000cb58       0x24 contiki-sky.a(packetbuf.o)
                0x0000cb58                packetbuf_attr_copyfrom
 .text.packetbuf_holds_broadcast
                0x0000cb7c        0xe contiki-sky.a(packetbuf.o)
                0x0000cb7c                packetbuf_holds_broadcast
 .text.queuebuf_init
                0x0000cb8a       0x12 contiki-sky.a(queuebuf.o)
                0x0000cb8a                queuebuf_init
 .text.queuebuf_numfree
                0x0000cb9c        0xa contiki-sky.a(queuebuf.o)
                0x0000cb9c                queuebuf_numfree
 .text.queuebuf_new_from_packetbuf
                0x0000cba6       0x52 contiki-sky.a(queuebuf.o)
                0x0000cba6                queuebuf_new_from_packetbuf
 .text.queuebuf_update_attr_from_packetbuf
                0x0000cbf8       0x12 contiki-sky.a(queuebuf.o)
                0x0000cbf8                queuebuf_update_attr_from_packetbuf
 .text.queuebuf_update_from_packetbuf
                0x0000cc0a       0x22 contiki-sky.a(queuebuf.o)
                0x0000cc0a                queuebuf_update_from_packetbuf
 .text.queuebuf_free
                0x0000cc2c       0x2a contiki-sky.a(queuebuf.o)
                0x0000cc2c                queuebuf_free
 .text.queuebuf_to_packetbuf
                0x0000cc56       0x32 contiki-sky.a(queuebuf.o)
                0x0000cc56                queuebuf_to_packetbuf
 .text.queuebuf_attr
                0x0000cc88        0xe contiki-sky.a(queuebuf.o)
                0x0000cc88                queuebuf_attr
 .text.duty_cycle
                0x0000cc96        0x6 contiki-sky.a(contikimac.o)
 .text.init     0x0000cc9c       0x2a contiki-sky.a(contikimac.o)
 .text.on       0x0000ccc6       0x1a contiki-sky.a(contikimac.o)
 .text.off      0x0000cce0       0x22 contiki-sky.a(contikimac.o)
 .text.recv_burst_off
                0x0000cd02        0xa contiki-sky.a(contikimac.o)
 .text.turn_off
                0x0000cd0c       0x20 contiki-sky.a(contikimac.o)
 .text.turn_on  0x0000cd2c       0x30 contiki-sky.a(contikimac.o)
 .text.schedule_powercycle_fixed.part.4
                0x0000cd5c       0x36 contiki-sky.a(contikimac.o)
 .text.powercycle_turn_radio_off
                0x0000cd92       0x30 contiki-sky.a(contikimac.o)
 .text.powercycle
                0x0000cdc2      0x1d2 contiki-sky.a(contikimac.o)
 .text.input_packet
                0x0000cf94       0xb2 contiki-sky.a(contikimac.o)
 .text.send_packet.isra.7
                0x0000d046      0x1ec contiki-sky.a(contikimac.o)
 .text.qsend_list
                0x0000d232       0xc4 contiki-sky.a(contikimac.o)
 .text.qsend_packet
                0x0000d2f6       0x28 contiki-sky.a(contikimac.o)
 .text.bootstrap
                0x0000d31e        0x4 contiki-sky.a(nullsec.o)
 .text.send     0x0000d322        0xa contiki-sky.a(nullsec.o)
 .text.on_frame_created
                0x0000d32c        0x4 contiki-sky.a(nullsec.o)
 .text.input    0x0000d330        0x6 contiki-sky.a(nullsec.o)
 .text.get_overhead
                0x0000d336        0x4 contiki-sky.a(nullsec.o)
 .text.spi_init
                0x0000d33a       0x32 contiki-sky.a(spi.o)
                0x0000d33a                spi_init
 .text.compower_accumulate
                0x0000d36c       0x72 contiki-sky.a(compower.o)
                0x0000d36c                compower_accumulate
 .text.compower_clear
                0x0000d3de       0x12 contiki-sky.a(compower.o)
                0x0000d3de                compower_clear
 .text.compower_attrconv
                0x0000d3f0       0x10 contiki-sky.a(compower.o)
                0x0000d3f0                compower_attrconv
 .text.stimer_set
                0x0000d400       0x1c contiki-sky.a(stimer.o)
                0x0000d400                stimer_set
 .text.stimer_expired
                0x0000d41c       0x30 contiki-sky.a(stimer.o)
                0x0000d41c                stimer_expired
 .text.memb_init
                0x0000d44c       0x36 contiki-sky.a(memb.o)
                0x0000d44c                memb_init
 .text.memb_alloc
                0x0000d482       0x3e contiki-sky.a(memb.o)
                0x0000d482                memb_alloc
 .text.memb_free
                0x0000d4c0       0x3a contiki-sky.a(memb.o)
                0x0000d4c0                memb_free
 .text.memb_inmemb
                0x0000d4fa       0x2e contiki-sky.a(memb.o)
                0x0000d4fa                memb_inmemb
 .text.memb_numfree
                0x0000d528       0x26 contiki-sky.a(memb.o)
                0x0000d528                memb_numfree
 .text.field_len
                0x0000d54e       0x98 contiki-sky.a(frame802154.o)
 .text.frame802154_hdrlen
                0x0000d5e6       0x2e contiki-sky.a(frame802154.o)
                0x0000d5e6                frame802154_hdrlen
 .text.frame802154_create
                0x0000d614      0x146 contiki-sky.a(frame802154.o)
                0x0000d614                frame802154_create
 .text.frame802154_parse
                0x0000d75a      0x1da contiki-sky.a(frame802154.o)
                0x0000d75a                frame802154_parse
 .text.mac_sequence_is_duplicate
                0x0000d934       0x44 contiki-sky.a(mac-sequence.o)
                0x0000d934                mac_sequence_is_duplicate
 .text.mac_sequence_register_seqno
                0x0000d978       0x76 contiki-sky.a(mac-sequence.o)
                0x0000d978                mac_sequence_register_seqno
 .text.libgcc   0x0000d9ee       0x2c /usr/lib/gcc/msp430/4.6.3/mmpy-16/libgcc.a(_mulsi3.o)
                0x0000d9ee                __mulsi3
 .text.libgcc   0x0000da1a       0x22 /usr/lib/gcc/msp430/4.6.3/mmpy-16/libgcc.a(_udivmod16.o)
                0x0000da1a                __udivhi3
                0x0000da1a                __ext_udivmod16
                0x0000da34                __umodhi3
 .text.libgcc   0x0000da3c       0x3a /usr/lib/gcc/msp430/4.6.3/mmpy-16/libgcc.a(_divmod16.o)
                0x0000da3c                __ext_divmod16
                0x0000da3c                __divhi3
                0x0000da6e                __modhi3
 .text.libgcc   0x0000da76       0x40 /usr/lib/gcc/msp430/4.6.3/mmpy-16/libgcc.a(_udivmod32.o)
                0x0000da76                __udivsi3
                0x0000da76                __ext_udivmod32
                0x0000daac                __umodsi3
 .text          0x0000dab6      0x224 /usr/lib/gcc/msp430/4.6.3/mmpy-16/libgcc.a(_mul_sf.o)
                0x0000dab6                __mulsf3
 .text          0x0000dcda      0x150 /usr/lib/gcc/msp430/4.6.3/mmpy-16/libgcc.a(_div_sf.o)
                0x0000dcda                __divsf3
 .text          0x0000de2a       0x90 /usr/lib/gcc/msp430/4.6.3/mmpy-16/libgcc.a(_sf_to_si.o)
                0x0000de2a                __fixsfsi
 .text          0x0000deba       0xe2 /usr/lib/gcc/msp430/4.6.3/mmpy-16/libgcc.a(_usi_to_sf.o)
                0x0000deba                __floatunsisf
 .text          0x0000df9c       0x72 /usr/lib/gcc/msp430/4.6.3/mmpy-16/libgcc.a(_clzsi2.o)
                0x0000df9c                __clzsi2
 .text          0x0000e00e      0x1de /usr/lib/gcc/msp430/4.6.3/mmpy-16/libgcc.a(_pack_sf.o)
                0x0000e00e                __pack_f
 .text          0x0000e1ec      0x124 /usr/lib/gcc/msp430/4.6.3/mmpy-16/libgcc.a(_unpack_sf.o)
                0x0000e1ec                __unpack_f
 .text          0x0000e310       0x20 /usr/lib/gcc/msp430/4.6.3/../../../../msp430/lib/mmpy-16/libc.a(memcmp.o)
                0x0000e310                memcmp
 .text          0x0000e330       0xfa /usr/lib/gcc/msp430/4.6.3/../../../../msp430/lib/mmpy-16/libc.a(memcpy.o)
                0x0000e330                memcpy
 .text          0x0000e42a       0xfa /usr/lib/gcc/msp430/4.6.3/../../../../msp430/lib/mmpy-16/libc.a(memmove.o)
                0x0000e42a                memmove
 .text          0x0000e524       0x6a /usr/lib/gcc/msp430/4.6.3/../../../../msp430/lib/mmpy-16/libc.a(memset.o)
                0x0000e524                memset
 .text          0x0000e58e       0x1e /usr/lib/gcc/msp430/4.6.3/../../../../msp430/lib/mmpy-16/libc.a(printf.o)
                0x0000e58e                printf
                0x0000e59e                vprintf
 .text          0x0000e5ac      0x836 /usr/lib/gcc/msp430/4.6.3/../../../../msp430/lib/mmpy-16/libc.a(vuprintf.o)
                0x0000e744                vuprintf
 .text          0x0000ede2       0x2c /usr/lib/gcc/msp430/4.6.3/../../../../msp430/lib/mmpy-16/libc.a(puts.o)
                0x0000ede2                puts
 .text          0x0000ee0e       0x54 /usr/lib/gcc/msp430/4.6.3/../../../../msp430/lib/mmpy-16/libc.a(rand.o)
                0x0000ee0e                rand_r
                0x0000ee32                rand
                0x0000ee58                srand
 .text.libgcc   0x0000ee62       0xf0 /usr/lib/gcc/msp430/4.6.3/mmpy-16/libgcc.a(_udivmod64.o)
                0x0000ee62                __xabi_udivmod64
                0x0000eec0                __udivdi3
                0x0000eee6                __umoddi3
                0x0000ef14                __udivmoddi4
 .text.crt0     0x0000ef52        0x2 /usr/lib/gcc/msp430/4.6.3/mmpy-16/libcrt0.a(_unexpected_.o)
                0x0000ef52                _unexpected_
                0x0000ef54                . = ALIGN (0x2)

.rodata         0x0000ef54      0x50e
                0x0000ef54                . = ALIGN (0x2)
 *(.rodata .rodata.* .gnu.linkonce.r.*)
 .rodata        0x0000ef54      0x172 sink.co
                0x0000f0a8                autostart_processes
 .rodata        0x0000f0c6      0x12e obj_sky/contiki-sky-main.o
 .rodata        0x0000f1f4       0x10 contiki-sky.a(button-sensor.o)
                0x0000f1fc                button_sensor
 .rodata        0x0000f204        0x8 contiki-sky.a(sensors.o)
 .rodata        0x0000f20c       0x5a contiki-sky.a(cc2420.o)
                0x0000f228                cc2420_aes_128_driver
                0x0000f22c                cc2420_driver
 .rodata        0x0000f266        0xf contiki-sky.a(ctimer.o)
 .rodata        0x0000f275        0xc contiki-sky.a(etimer.o)
 *fill*         0x0000f281        0x1 00
 .rodata        0x0000f282       0x24 contiki-sky.a(sicslowpan.o)
                0x0000f28e                sicslowpan_driver
                0x0000f294                llprefix
                0x0000f296                unc_mxconf
                0x0000f29a                unc_ctxconf
                0x0000f29e                unc_llconf
 .rodata        0x0000f2a6       0x20 contiki-sky.a(uip6.o)
 .rodata        0x0000f2c6        0xd contiki-sky.a(tcpip.o)
 .rodata        0x0000f2d3       0x29 contiki-sky.a(uip-debug.o)
 .rodata        0x0000f2fc       0x14 contiki-sky.a(csma.o)
                0x0000f302                csma_driver
 .rodata        0x0000f310        0x8 contiki-sky.a(framer-802154.o)
                0x0000f310                framer_802154
 .rodata        0x0000f318        0x8 contiki-sky.a(linkaddr.o)
                0x0000f318                linkaddr_null
 .rodata        0x0000f320       0x1c contiki-sky.a(contikimac.o)
                0x0000f32c                contikimac_driver
 .rodata        0x0000f33c       0x14 contiki-sky.a(nullsec.o)
                0x0000f344                nullsec_driver
 .rodata        0x0000f350        0x2 contiki-sky.a(frame802154.o)
 .rodata        0x0000f352        0x8 /usr/lib/gcc/msp430/4.6.3/mmpy-16/libgcc.a(_thenan_sf.o)
                0x0000f352                __thenan_sf
 .rodata        0x0000f35a      0x100 /usr/lib/gcc/msp430/4.6.3/mmpy-16/libgcc.a(_clz.o)
                0x0000f35a                __clz_tab
 .rodata        0x0000f45a        0x7 /usr/lib/gcc/msp430/4.6.3/../../../../msp430/lib/mmpy-16/libc.a(vuprintf.o)
                0x0000f462                . = ALIGN (0x2)
 *fill*         0x0000f461        0x1 00
                0x0000f462                _etext = .

.data           0x00001100       0xe2 load address 0x0000f462
                0x00001100                . = ALIGN (0x2)
                0x00001100                PROVIDE (__data_start, .)
 *(.data .data.* .gnu.linkonce.d.*)
 .data          0x00001100        0xe sink.co
                0x00001100                mcast_sink_process
 .data          0x0000110e        0x4 contiki-sky.a(contiki-sky-pla)
                0x0000110e                sensors
 .data          0x00001112        0xa contiki-sky.a(sensors.o)
                0x00001112                sensors_process
 .data          0x0000111c        0xa contiki-sky.a(cc2420.o)
                0x0000111c                cc2420_process
 .data          0x00001126        0x2 contiki-sky.a(msp430.o)
 .data          0x00001128        0xa contiki-sky.a(ctimer.o)
                0x00001128                ctimer_process
 .data          0x00001132        0xa contiki-sky.a(etimer.o)
                0x00001132                etimer_process
 .data          0x0000113c        0xa contiki-sky.a(uip-ds6-nbr.o)
                0x0000113c                ds6_neighbors
 .data          0x00001146       0x20 contiki-sky.a(uip-ds6-route.o)
 .data          0x00001166        0xc contiki-sky.a(uip-icmp6.o)
 .data          0x00001172        0xa contiki-sky.a(tcpip.o)
                0x00001172                tcpip_process
 .data          0x0000117c        0xa contiki-sky.a(rpl-dag.o)
                0x0000117c                rpl_parents
 .data          0x00001186       0x1a contiki-sky.a(rpl-icmp6.o)
 .data          0x000011a0        0xe contiki-sky.a(rpl-mrhof.o)
                0x000011a0                rpl_mrhof
 .data          0x000011ae       0x18 contiki-sky.a(csma.o)
 .data          0x000011c6        0x8 contiki-sky.a(nbr-table.o)
 .data          0x000011ce       0x10 contiki-sky.a(queuebuf.o)
 .data          0x000011de        0x4 /usr/lib/gcc/msp430/4.6.3/../../../../msp430/lib/mmpy-16/libc.a(rand.o)
                0x000011e2                . = ALIGN (0x2)
                0x000011e2                _edata = .
                0x0000f462                PROVIDE (__data_load_start, LOADADDR (.data))
                0x000000e2                PROVIDE (__data_size, SIZEOF (.data))

.bss            0x000011e2     0x192c load address 0x0000f544
                0x000011e2                PROVIDE (__bss_start, .)
 *(.bss .bss.*)
 .bss           0x000011e2        0xa sink.co
 .bss           0x000011ec        0xc obj_sky/contiki-sky-main.o
 .bss           0x000011f8        0x8 contiki-sky.a(button-sensor.o)
 .bss           0x00001200        0x2 contiki-sky.a(node-id.o)
                0x00001200                node_id
 .bss           0x00001202        0x6 contiki-sky.a(sensors.o)
 .bss           0x00001208        0x8 contiki-sky.a(cc2420.o)
 .bss           0x00001210       0x9a contiki-sky.a(uart1.o)
 .bss           0x000012aa        0xa contiki-sky.a(clock.o)
 .bss           0x000012b4        0x1 contiki-sky.a(leds.o)
 *fill*         0x000012b5        0x1 00
 .bss           0x000012b6        0x2 contiki-sky.a(watchdog.o)
 .bss           0x000012b8        0x4 contiki-sky.a(ctimer.o)
 .bss           0x000012bc        0x6 contiki-sky.a(etimer.o)
 .bss           0x000012c2       0x42 contiki-sky.a(process.o)
                0x000012c2                process_current
                0x000012c4                process_list
 .bss           0x00001304        0x2 contiki-sky.a(rtimer.o)
 .bss           0x00001306      0x124 contiki-sky.a(sicslowpan.o)
 .bss           0x0000142a       0x12 contiki-sky.a(uip6.o)
                0x0000142a                uip_ext_opt_offset
                0x0000142c                uip_ext_len
                0x0000142e                uip_ext_bitmap
 .bss           0x0000143c       0x18 contiki-sky.a(uip-ds6.o)
 .bss           0x00001454      0x2f8 contiki-sky.a(uip-ds6-nbr.o)
 .bss           0x0000174c      0x362 contiki-sky.a(uip-ds6-route.o)
 .bss           0x00001aae       0x14 contiki-sky.a(uip-icmp6.o)
 .bss           0x00001ac2       0x36 contiki-sky.a(tcpip.o)
 .bss           0x00001af8        0x2 contiki-sky.a(rpl.o)
 .bss           0x00001afa       0xf0 contiki-sky.a(rpl-dag.o)
 .bss           0x00001bea       0x18 contiki-sky.a(rpl-timers.o)
 .bss           0x00001c02       0xc4 contiki-sky.a(csma.o)
 .bss           0x00001cc6        0x2 contiki-sky.a(framer-802154.o)
 .bss           0x00001cc8      0x118 contiki-sky.a(nbr-table.o)
 .bss           0x00001de0       0xb8 contiki-sky.a(packetbuf.o)
 .bss           0x00001e98      0x5a0 contiki-sky.a(queuebuf.o)
 .bss           0x00002438       0x32 contiki-sky.a(contikimac.o)
 .bss           0x0000246a        0x8 contiki-sky.a(compower.o)
 .bss           0x00002472       0xa0 contiki-sky.a(mac-sequence.o)
 *(COMMON)
 COMMON         0x00002512        0x2 contiki-sky.a(contiki-sky-pla)
                0x00002512                sensors_flags
 COMMON         0x00002514        0x8 contiki-sky.a(ds2411.o)
                0x00002514                ds2411_id
 COMMON         0x0000251c        0x1 contiki-sky.a(sensors.o)
                0x0000251c                sensors_event
 *fill*         0x0000251d        0x1 00
 COMMON         0x0000251e       0x10 contiki-sky.a(cc2420.o)
                0x0000251e                cc2420_last_rssi
                0x00002520                cc2420_sfd_start_time
                0x00002522                cc2420_time_of_departure
                0x00002524                cc2420_time_of_arrival
                0x00002526                cc2420_last_correlation
                0x00002528                cc2420_authority_level_of_sender
                0x0000252a                cc2420_sfd_counter
                0x0000252c                cc2420_sfd_end_time
 COMMON         0x0000252e        0x2 contiki-sky.a(msp430.o)
                0x0000252e                msp430_dco_required
 COMMON         0x00002530       0x56 contiki-sky.a(energest.o)
                0x00002530                energest_total_time
                0x00002560                energest_total_count
                0x00002562                energest_current_mode
                0x0000256e                energest_current_time
 COMMON         0x00002586        0x1 contiki-sky.a(process.o)
                0x00002586                process_maxevents
 *fill*         0x00002587        0x1 00
 COMMON         0x00002588        0x8 contiki-sky.a(sicslowpan.o)
                0x00002588                frag_sender
 COMMON         0x00002590      0x304 contiki-sky.a(uip6.o)
                0x00002590                uip_len
                0x00002592                uip_sappdata
                0x00002594                uip_acc32
                0x00002598                uip_lladdr
                0x000025a0                uip_aligned_buf
                0x00002690                uip_flags
                0x00002692                uip_next_hdr
                0x00002694                uip_udp_conn
                0x00002696                uip_appdata
                0x00002698                uip_conn
                0x0000269a                uip_conns
                0x0000274a                uip_listenports
                0x0000275a                uip_slen
                0x0000275c                uip_udp_conns
 COMMON         0x00002894      0x15c contiki-sky.a(uip-ds6.o)
                0x00002894                uip_ds6_timer_ra
                0x0000289c                uip_ds6_if
                0x00002988                uip_ds6_netif_addr_list_offset
                0x00002989                uip_ds6_addr_size
                0x0000298a                uip_ds6_prefix_list
                0x000029e4                uip_ds6_timer_periodic
 COMMON         0x000029f0        0x1 contiki-sky.a(tcpip.o)
                0x000029f0                tcpip_event
 *fill*         0x000029f1        0x1 00
 COMMON         0x000029f2       0xde contiki-sky.a(rpl-dag.o)
                0x000029f2                default_instance
                0x000029f4                instance_table
 COMMON         0x00002ad0        0x8 contiki-sky.a(linkaddr.o)
                0x00002ad0                linkaddr_node_addr
 COMMON         0x00002ad8       0x2e contiki-sky.a(packetbuf.o)
                0x00002ad8                packetbuf_addrs
                0x00002ae8                packetbuf_attrs
 COMMON         0x00002b06        0x8 contiki-sky.a(compower.o)
                0x00002b06                compower_idle_activity
                0x00002b0e                . = ALIGN (0x2)
                0x00002b0e                PROVIDE (__bss_end, .)
                0x0000192c                PROVIDE (__bss_size, SIZEOF (.bss))

.noinit         0x00002b0e        0x2 load address 0x0000f544
                0x00002b0e                PROVIDE (__noinit_start, .)
 *(.noinit .noinit.*)
 .noinit.crt0   0x00002b0e        0x2 /usr/lib/gcc/msp430/4.6.3/mmpy-16/libcrt0.a(__watchdog_support.o)
                0x00002b0e                __wdt_clear_value
                0x00002b10                . = ALIGN (0x2)
                0x00002b10                PROVIDE (__noinit_end, .)
                0x00002b10                . = ALIGN (0x2)
                0x00002b10                _end = .

.infomem        0x00001000        0x0
 *(.infomem)
                0x00001000                . = ALIGN (0x2)
 *(.infomem.*)

.infomemnobits  0x00001000        0x0
 *(.infomemnobits)
                0x00001000                . = ALIGN (0x2)
 *(.infomemnobits.*)

.infoa
 *(.infoa .infoa.*)

.infob
 *(.infob .infob.*)

.infoc
 *(.infoc .infoc.*)

.infod
 *(.infod .infod.*)

.vectors        0x0000ffe0       0x20
                0x0000ffe0                PROVIDE (__vectors_start, .)
 *(.vectors*)
 .vectors       0x0000ffe0       0x20 /usr/lib/gcc/msp430/4.6.3/mmpy-16/crt0ivtbl16.o
                0x0000ffe0                __ivtbl_16
                0x00010000                _vectors_end = .

.fartext        0x00000000        0x0
                0x00000000                . = ALIGN (0x2)
 *(.fartext)
                0x00000000                . = ALIGN (0x2)
 *(.fartext.*)
                0x00000000                _efartext = .

.profiler
 *(.profiler)

.stab           0x00000000    0x27c0c
 *(.stab)
 .stab          0x00000000     0x19bc sink.co
 .stab          0x000019bc     0x12b4 obj_sky/contiki-sky-main.o
                               0x1b0c (size before relaxing)
 .stab          0x00002c70      0x264 contiki-sky.a(contiki-sky-pla)
                                0x5b8 (size before relaxing)
 .stab          0x00002ed4      0x468 contiki-sky.a(button-sensor.o)
                                0x7d4 (size before relaxing)
 .stab          0x0000333c      0x624 contiki-sky.a(ds2411.o)
                                0xb40 (size before relaxing)
 .stab          0x00003960      0xbac contiki-sky.a(xmem.o)
                                0xf60 (size before relaxing)
 .stab          0x0000450c      0x2b8 contiki-sky.a(node-id.o)
                                0x4e0 (size before relaxing)
 .stab          0x000047c4      0x654 contiki-sky.a(sensors.o)
                                0xb70 (size before relaxing)
 .stab          0x00004e18     0x25e0 contiki-sky.a(cc2420.o)
                               0x2cac (size before relaxing)
 .stab          0x000073f8      0x63c contiki-sky.a(cc2420-arch.o)
                               0x1728 (size before relaxing)
 .stab          0x00007a34      0x60c contiki-sky.a(uart1.o)
                                0x960 (size before relaxing)
 .stab          0x00008040      0x27c contiki-sky.a(uart1-putchar.o)
                                0x7bc (size before relaxing)
 .stab          0x000082bc      0x744 contiki-sky.a(msp430.o)
                                0xa98 (size before relaxing)
 .stab          0x00008a00      0x948 contiki-sky.a(clock.o)
                                0xc9c (size before relaxing)
 .stab          0x00009348      0x5dc contiki-sky.a(leds.o)
                                0x828 (size before relaxing)
 .stab          0x00009924      0x3a8 contiki-sky.a(leds-arch.o)
                                0x6fc (size before relaxing)
 .stab          0x00009ccc      0x3fc contiki-sky.a(watchdog.o)
                                0x750 (size before relaxing)
 .stab          0x0000a0c8      0x3cc contiki-sky.a(rtimer-arch.o)
                                0x720 (size before relaxing)
 .stab          0x0000a494      0x294 contiki-sky.a(autostart.o)
                                0x534 (size before relaxing)
 .stab          0x0000a728      0x7a4 contiki-sky.a(ctimer.o)
                                0xb10 (size before relaxing)
 .stab          0x0000aecc      0x474 contiki-sky.a(energest.o)
                                0x6fc (size before relaxing)
 .stab          0x0000b340      0xa38 contiki-sky.a(etimer.o)
                                0xd08 (size before relaxing)
 .stab          0x0000bd78      0xb7c contiki-sky.a(process.o)
                               0x1014 (size before relaxing)
 .stab          0x0000c8f4      0x3d8 contiki-sky.a(rtimer.o)
                                0x6c0 (size before relaxing)
 .stab          0x0000cccc      0x354 contiki-sky.a(timer.o)
                                0x594 (size before relaxing)
 .stab          0x0000d020      0x7f8 contiki-sky.a(list.o)
                                0x804 (size before relaxing)
 .stab          0x0000d818      0x24c contiki-sky.a(random.o)
                                0x624 (size before relaxing)
 .stab          0x0000da64     0x1f98 contiki-sky.a(sicslowpan.o)
                               0x2ee0 (size before relaxing)
 .stab          0x0000f9fc     0x2b50 contiki-sky.a(uip6.o)
                               0x378c (size before relaxing)
 .stab          0x0001254c     0x13d4 contiki-sky.a(uip-ds6.o)
                               0x1f74 (size before relaxing)
 .stab          0x00013920      0xcd8 contiki-sky.a(uip-ds6-nbr.o)
                               0x1710 (size before relaxing)
 .stab          0x000145f8     0x1260 contiki-sky.a(uip-ds6-route.o)
                               0x1de8 (size before relaxing)
 .stab          0x00015858      0xcf0 contiki-sky.a(uip-icmp6.o)
                               0x1968 (size before relaxing)
 .stab          0x00016548      0x57c contiki-sky.a(uip-nd6.o)
                               0x1158 (size before relaxing)
 .stab          0x00016ac4     0x1410 contiki-sky.a(tcpip.o)
                               0x2658 (size before relaxing)
 .stab          0x00017ed4      0x444 contiki-sky.a(uip-debug.o)
                                0xbd0 (size before relaxing)
 .stab          0x00018318      0xb64 contiki-sky.a(rpl.o)
                               0x17b8 (size before relaxing)
 .stab          0x00018e7c     0x2f10 contiki-sky.a(rpl-dag.o)
                               0x3c18 (size before relaxing)
 .stab          0x0001bd8c      0xa50 contiki-sky.a(rpl-ext-header.)
                               0x180c (size before relaxing)
 .stab          0x0001c7dc     0x17ac contiki-sky.a(rpl-icmp6.o)
                               0x25b0 (size before relaxing)
 .stab          0x0001df88      0x8ac contiki-sky.a(rpl-mrhof.o)
                               0x159c (size before relaxing)
 .stab          0x0001e834      0xbdc contiki-sky.a(rpl-timers.o)
                               0x18cc (size before relaxing)
 .stab          0x0001f410     0x1050 contiki-sky.a(csma.o)
                               0x1590 (size before relaxing)
 .stab          0x00020460      0x930 contiki-sky.a(framer-802154.o)
                                0xf54 (size before relaxing)
 .stab          0x00020d90      0x3fc contiki-sky.a(framer.o)
                                0xc54 (size before relaxing)
 .stab          0x0002118c      0x1f8 contiki-sky.a(mac.o)
                                0x4ec (size before relaxing)
 .stab          0x00021384      0x2c4 contiki-sky.a(linkaddr.o)
                                0x6c0 (size before relaxing)
 .stab          0x00021648      0xd80 contiki-sky.a(nbr-table.o)
                               0x1428 (size before relaxing)
 .stab          0x000223c8      0xdb0 contiki-sky.a(packetbuf.o)
                               0x1ed8 (size before relaxing)
 .stab          0x00023178      0xaa4 contiki-sky.a(queuebuf.o)
                               0x1bb4 (size before relaxing)
 .stab          0x00023c1c     0x1884 contiki-sky.a(contikimac.o)
                               0x22f8 (size before relaxing)
 .stab          0x000254a0      0x75c contiki-sky.a(nullsec.o)
                                0xda4 (size before relaxing)
 .stab          0x00025bfc      0x204 contiki-sky.a(spi.o)
                                0x42c (size before relaxing)
 .stab          0x00025e00      0x51c contiki-sky.a(compower.o)
                                0xd20 (size before relaxing)
 .stab          0x0002631c      0x3c0 contiki-sky.a(stimer.o)
                                0x600 (size before relaxing)
 .stab          0x000266dc      0x5c4 contiki-sky.a(memb.o)
                                0xaf8 (size before relaxing)
 .stab          0x00026ca0      0x924 contiki-sky.a(frame802154.o)
                               0x10f8 (size before relaxing)
 .stab          0x000275c4      0x648 contiki-sky.a(mac-sequence.o)
                               0x1770 (size before relaxing)

.stabstr        0x00000000    0x1bb74
 *(.stabstr)
 .stabstr       0x00000000    0x1bb74 sink.co

.stab.excl
 *(.stab.excl)

.stab.exclstr
 *(.stab.exclstr)

.stab.index
 *(.stab.index)

.stab.indexstr
 *(.stab.indexstr)

.comment
 *(.comment)

.debug
 *(.debug)

.line
 *(.line)

.debug_srcinfo
 *(.debug_srcinfo)

.debug_sfnames
 *(.debug_sfnames)

.debug_aranges  0x00000000      0x21c
 *(.debug_aranges)
 .debug_aranges
                0x00000000       0x14 /usr/lib/gcc/msp430/4.6.3/mmpy-16/libgcc.a(_mulsi3.o)
 .debug_aranges
                0x00000014       0x14 /usr/lib/gcc/msp430/4.6.3/mmpy-16/libgcc.a(_udivmod16.o)
 .debug_aranges
                0x00000028       0x14 /usr/lib/gcc/msp430/4.6.3/mmpy-16/libgcc.a(_divmod16.o)
 .debug_aranges
                0x0000003c       0x14 /usr/lib/gcc/msp430/4.6.3/mmpy-16/libgcc.a(_udivmod32.o)
 .debug_aranges
                0x00000050       0x14 /usr/lib/gcc/msp430/4.6.3/mmpy-16/libgcc.a(_mul_sf.o)
 .debug_aranges
                0x00000064       0x14 /usr/lib/gcc/msp430/4.6.3/mmpy-16/libgcc.a(_div_sf.o)
 .debug_aranges
                0x00000078       0x14 /usr/lib/gcc/msp430/4.6.3/mmpy-16/libgcc.a(_sf_to_si.o)
 .debug_aranges
                0x0000008c       0x14 /usr/lib/gcc/msp430/4.6.3/mmpy-16/libgcc.a(_usi_to_sf.o)
 .debug_aranges
                0x000000a0       0x14 /usr/lib/gcc/msp430/4.6.3/mmpy-16/libgcc.a(_clzsi2.o)
 .debug_aranges
                0x000000b4       0x14 /usr/lib/gcc/msp430/4.6.3/mmpy-16/libgcc.a(_pack_sf.o)
 .debug_aranges
                0x000000c8       0x14 /usr/lib/gcc/msp430/4.6.3/mmpy-16/libgcc.a(_unpack_sf.o)
 .debug_aranges
                0x000000dc       0x14 /usr/lib/gcc/msp430/4.6.3/../../../../msp430/lib/mmpy-16/libc.a(strncmp.o)
 .debug_aranges
                0x000000f0       0x14 /usr/lib/gcc/msp430/4.6.3/../../../../msp430/lib/mmpy-16/libc.a(memcmp.o)
 .debug_aranges
                0x00000104       0x14 /usr/lib/gcc/msp430/4.6.3/../../../../msp430/lib/mmpy-16/libc.a(memcpy.o)
 .debug_aranges
                0x00000118       0x14 /usr/lib/gcc/msp430/4.6.3/../../../../msp430/lib/mmpy-16/libc.a(memmove.o)
 .debug_aranges
                0x0000012c       0x14 /usr/lib/gcc/msp430/4.6.3/../../../../msp430/lib/mmpy-16/libc.a(memset.o)
 .debug_aranges
                0x00000140       0x14 /usr/lib/gcc/msp430/4.6.3/../../../../msp430/lib/mmpy-16/libc.a(printf.o)
 .debug_aranges
                0x00000154       0x14 /usr/lib/gcc/msp430/4.6.3/../../../../msp430/lib/mmpy-16/libc.a(vuprintf.o)
 .debug_aranges
                0x00000168       0x14 /usr/lib/gcc/msp430/4.6.3/../../../../msp430/lib/mmpy-16/libc.a(puts.o)
 .debug_aranges
                0x0000017c       0x14 /usr/lib/gcc/msp430/4.6.3/../../../../msp430/lib/mmpy-16/libc.a(rand.o)
 .debug_aranges
                0x00000190       0x14 /usr/lib/gcc/msp430/4.6.3/mmpy-16/libgcc.a(_udivmod64.o)
 .debug_aranges
                0x000001a4       0x14 /usr/lib/gcc/msp430/4.6.3/mmpy-16/libcrt0.a(__watchdog_support.o)
 .debug_aranges
                0x000001b8       0x14 /usr/lib/gcc/msp430/4.6.3/mmpy-16/libcrt0.a(__init_stack.o)
 .debug_aranges
                0x000001cc       0x14 /usr/lib/gcc/msp430/4.6.3/mmpy-16/libcrt0.a(_copy_data.o)
 .debug_aranges
                0x000001e0       0x14 /usr/lib/gcc/msp430/4.6.3/mmpy-16/libcrt0.a(_clear_bss.o)
 .debug_aranges
                0x000001f4       0x14 /usr/lib/gcc/msp430/4.6.3/mmpy-16/libcrt0.a(_endless_loop__.o)
 .debug_aranges
                0x00000208       0x14 /usr/lib/gcc/msp430/4.6.3/mmpy-16/libcrt0.a(_unexpected_.o)

.debug_pubnames
 *(.debug_pubnames)

.debug_info     0x00000000     0x2912
 *(.debug_info)
 .debug_info    0x00000000       0xd6 /usr/lib/gcc/msp430/4.6.3/mmpy-16/libgcc.a(_mulsi3.o)
 .debug_info    0x000000d6       0xd6 /usr/lib/gcc/msp430/4.6.3/mmpy-16/libgcc.a(_udivmod16.o)
 .debug_info    0x000001ac       0xd6 /usr/lib/gcc/msp430/4.6.3/mmpy-16/libgcc.a(_divmod16.o)
 .debug_info    0x00000282       0xd6 /usr/lib/gcc/msp430/4.6.3/mmpy-16/libgcc.a(_udivmod32.o)
 .debug_info    0x00000358      0x3c9 /usr/lib/gcc/msp430/4.6.3/mmpy-16/libgcc.a(_mul_sf.o)
 .debug_info    0x00000721      0x35c /usr/lib/gcc/msp430/4.6.3/mmpy-16/libgcc.a(_div_sf.o)
 .debug_info    0x00000a7d      0x289 /usr/lib/gcc/msp430/4.6.3/mmpy-16/libgcc.a(_sf_to_si.o)
 .debug_info    0x00000d06      0x144 /usr/lib/gcc/msp430/4.6.3/mmpy-16/libgcc.a(_thenan_sf.o)
 .debug_info    0x00000e4a      0x204 /usr/lib/gcc/msp430/4.6.3/mmpy-16/libgcc.a(_usi_to_sf.o)
 .debug_info    0x0000104e      0x109 /usr/lib/gcc/msp430/4.6.3/mmpy-16/libgcc.a(_clzsi2.o)
 .debug_info    0x00001157      0x2b1 /usr/lib/gcc/msp430/4.6.3/mmpy-16/libgcc.a(_pack_sf.o)
 .debug_info    0x00001408      0x23e /usr/lib/gcc/msp430/4.6.3/mmpy-16/libgcc.a(_unpack_sf.o)
 .debug_info    0x00001646       0xa0 /usr/lib/gcc/msp430/4.6.3/mmpy-16/libgcc.a(_clz.o)
 .debug_info    0x000016e6       0xbb /usr/lib/gcc/msp430/4.6.3/../../../../msp430/lib/mmpy-16/libc.a(strncmp.o)
 .debug_info    0x000017a1       0xe8 /usr/lib/gcc/msp430/4.6.3/../../../../msp430/lib/mmpy-16/libc.a(memcmp.o)
 .debug_info    0x00001889      0x113 /usr/lib/gcc/msp430/4.6.3/../../../../msp430/lib/mmpy-16/libc.a(memcpy.o)
 .debug_info    0x0000199c      0x113 /usr/lib/gcc/msp430/4.6.3/../../../../msp430/lib/mmpy-16/libc.a(memmove.o)
 .debug_info    0x00001aaf       0xfe /usr/lib/gcc/msp430/4.6.3/../../../../msp430/lib/mmpy-16/libc.a(memset.o)
 .debug_info    0x00001bad      0x105 /usr/lib/gcc/msp430/4.6.3/../../../../msp430/lib/mmpy-16/libc.a(printf.o)
 .debug_info    0x00001cb2      0x565 /usr/lib/gcc/msp430/4.6.3/../../../../msp430/lib/mmpy-16/libc.a(vuprintf.o)
 .debug_info    0x00002217       0x96 /usr/lib/gcc/msp430/4.6.3/../../../../msp430/lib/mmpy-16/libc.a(puts.o)
 .debug_info    0x000022ad      0x13f /usr/lib/gcc/msp430/4.6.3/../../../../msp430/lib/mmpy-16/libc.a(rand.o)
 .debug_info    0x000023ec       0xd6 /usr/lib/gcc/msp430/4.6.3/mmpy-16/libgcc.a(_udivmod64.o)
 .debug_info    0x000024c2       0xb8 /usr/lib/gcc/msp430/4.6.3/mmpy-16/libcrt0.a(__watchdog_support.o)
 .debug_info    0x0000257a       0xb8 /usr/lib/gcc/msp430/4.6.3/mmpy-16/libcrt0.a(__init_stack.o)
 .debug_info    0x00002632       0xb8 /usr/lib/gcc/msp430/4.6.3/mmpy-16/libcrt0.a(_copy_data.o)
 .debug_info    0x000026ea       0xb8 /usr/lib/gcc/msp430/4.6.3/mmpy-16/libcrt0.a(_clear_bss.o)
 .debug_info    0x000027a2       0xb8 /usr/lib/gcc/msp430/4.6.3/mmpy-16/libcrt0.a(_endless_loop__.o)
 .debug_info    0x0000285a       0xb8 /usr/lib/gcc/msp430/4.6.3/mmpy-16/libcrt0.a(_unexpected_.o)
 *(.gnu.linkonce.wi.*)

.debug_abbrev   0x00000000     0x12ef
 *(.debug_abbrev)
 .debug_abbrev  0x00000000       0x14 /usr/lib/gcc/msp430/4.6.3/mmpy-16/libgcc.a(_mulsi3.o)
 .debug_abbrev  0x00000014       0x14 /usr/lib/gcc/msp430/4.6.3/mmpy-16/libgcc.a(_udivmod16.o)
 .debug_abbrev  0x00000028       0x14 /usr/lib/gcc/msp430/4.6.3/mmpy-16/libgcc.a(_divmod16.o)
 .debug_abbrev  0x0000003c       0x14 /usr/lib/gcc/msp430/4.6.3/mmpy-16/libgcc.a(_udivmod32.o)
 .debug_abbrev  0x00000050      0x1d9 /usr/lib/gcc/msp430/4.6.3/mmpy-16/libgcc.a(_mul_sf.o)
 .debug_abbrev  0x00000229      0x1c4 /usr/lib/gcc/msp430/4.6.3/mmpy-16/libgcc.a(_div_sf.o)
 .debug_abbrev  0x000003ed      0x160 /usr/lib/gcc/msp430/4.6.3/mmpy-16/libgcc.a(_sf_to_si.o)
 .debug_abbrev  0x0000054d       0xba /usr/lib/gcc/msp430/4.6.3/mmpy-16/libgcc.a(_thenan_sf.o)
 .debug_abbrev  0x00000607      0x173 /usr/lib/gcc/msp430/4.6.3/mmpy-16/libgcc.a(_usi_to_sf.o)
 .debug_abbrev  0x0000077a       0xac /usr/lib/gcc/msp430/4.6.3/mmpy-16/libgcc.a(_clzsi2.o)
 .debug_abbrev  0x00000826      0x192 /usr/lib/gcc/msp430/4.6.3/mmpy-16/libgcc.a(_pack_sf.o)
 .debug_abbrev  0x000009b8      0x15a /usr/lib/gcc/msp430/4.6.3/mmpy-16/libgcc.a(_unpack_sf.o)
 .debug_abbrev  0x00000b12       0x61 /usr/lib/gcc/msp430/4.6.3/mmpy-16/libgcc.a(_clz.o)