Archive member included because of file (symbol)

contiki-sky.a(contiki-sky-pla)
                              obj_sky/contiki-sky-main.o (init_platform)
contiki-sky.a(button-sensor.o)
                              contiki-sky.a(contiki-sky-pla) (button_sensor)
contiki-sky.a(ds2411.o)       obj_sky/contiki-sky-main.o (ds2411_init)
contiki-sky.a(xmem.o)         obj_sky/contiki-sky-main.o (xmem_init)
contiki-sky.a(node-id.o)      obj_sky/contiki-sky-main.o (node_id_restore)
contiki-sky.a(sensors.o)      contiki-sky.a(button-sensor.o) (sensors_changed)
contiki-sky.a(cc2420.o)       obj_sky/contiki-sky-main.o (cc2420_set_pan_addr)
contiki-sky.a(cc2420-arch.o)  contiki-sky.a(cc2420.o) (cc2420_arch_init)
contiki-sky.a(uart1.o)        obj_sky/contiki-sky-main.o (uart1_active)
contiki-sky.a(uart1-putchar.o)
                              root.co (putchar)
contiki-sky.a(msp430.o)       contiki-sky.a(uart1.o) (msp430_add_lpm_req)
contiki-sky.a(clock.o)        obj_sky/contiki-sky-main.o (clock_init)
contiki-sky.a(leds.o)         obj_sky/contiki-sky-main.o (leds_init)
contiki-sky.a(leds-arch.o)    contiki-sky.a(leds.o) (leds_arch_init)
contiki-sky.a(watchdog.o)     obj_sky/contiki-sky-main.o (watchdog_start)
contiki-sky.a(rtimer-arch.o)  obj_sky/contiki-sky-main.o (rtimer_arch_now)
contiki-sky.a(autostart.o)    obj_sky/contiki-sky-main.o (autostart_start)
contiki-sky.a(ctimer.o)       obj_sky/contiki-sky-main.o (ctimer_init)
contiki-sky.a(energest.o)     obj_sky/contiki-sky-main.o (energest_init)
contiki-sky.a(etimer.o)       contiki-sky.a(clock.o) (etimer_request_poll)
contiki-sky.a(process.o)      contiki-sky.a(ctimer.o) (process_current)
contiki-sky.a(rtimer.o)       obj_sky/contiki-sky-main.o (rtimer_init)
contiki-sky.a(timer.o)        obj_sky/contiki-sky-main.o (timer_set)
contiki-sky.a(list.o)         contiki-sky.a(ctimer.o) (list_init)
contiki-sky.a(random.o)       obj_sky/contiki-sky-main.o (random_init)
contiki-sky.a(sicslowpan.o)   obj_sky/contiki-sky-main.o (sicslowpan_driver)
contiki-sky.a(uip6.o)         contiki-sky.a(sicslowpan.o) (uip_aligned_buf)
contiki-sky.a(uip-ds6.o)      contiki-sky.a(uip6.o) (uip_ds6_is_addr_onlink)
contiki-sky.a(uip-ds6-nbr.o)  contiki-sky.a(uip-ds6.o) (uip_ds6_neighbors_init)
contiki-sky.a(uip-ds6-route.o)
                              contiki-sky.a(uip-ds6.o) (uip_ds6_route_init)
contiki-sky.a(uip-icmp6.o)    contiki-sky.a(uip6.o) (uip_icmp6_input)
contiki-sky.a(uip-nd6.o)      contiki-sky.a(uip6.o) (uip_nd6_init)
contiki-sky.a(tcpip.o)        contiki-sky.a(sicslowpan.o) (tcpip_set_outputfunc)
contiki-sky.a(uip-debug.o)    root.co (uip_debug_ipaddr_print)
contiki-sky.a(uip-udp-packet.)
                              root.co (uip_udp_packet_send)
contiki-sky.a(rpl.o)          contiki-sky.a(uip-ds6-nbr.o) (rpl_link_neighbor_callback)
contiki-sky.a(rpl-dag.o)      contiki-sky.a(rpl.o) (default_instance)
contiki-sky.a(rpl-ext-header.)
                              contiki-sky.a(uip6.o) (rpl_verify_header)
contiki-sky.a(rpl-icmp6.o)    contiki-sky.a(rpl.o) (dao_output_target)
contiki-sky.a(rpl-mrhof.o)    contiki-sky.a(rpl.o) (rpl_mrhof)
contiki-sky.a(rpl-timers.o)   contiki-sky.a(rpl.o) (rpl_reset_periodic_timer)
contiki-sky.a(csma.o)         obj_sky/contiki-sky-main.o (csma_driver)
contiki-sky.a(framer-802154.o)
                              contiki-sky.a(sicslowpan.o) (framer_802154)
contiki-sky.a(framer.o)       contiki-sky.a(framer-802154.o) (framer_canonical_create_and_secure)
contiki-sky.a(mac.o)          contiki-sky.a(csma.o) (mac_call_sent_callback)
contiki-sky.a(linkaddr.o)     obj_sky/contiki-sky-main.o (linkaddr_copy)
contiki-sky.a(nbr-table.o)    contiki-sky.a(uip-ds6-nbr.o) (nbr_table_register)
contiki-sky.a(packetbuf.o)    contiki-sky.a(framer.o) (packetbuf_compact)
contiki-sky.a(queuebuf.o)     obj_sky/contiki-sky-main.o (queuebuf_init)
contiki-sky.a(contikimac.o)   obj_sky/contiki-sky-main.o (contikimac_driver)
contiki-sky.a(nullsec.o)      obj_sky/contiki-sky-main.o (nullsec_driver)
contiki-sky.a(spi.o)          contiki-sky.a(xmem.o) (spi_init)
contiki-sky.a(compower.o)     contiki-sky.a(contikimac.o) (compower_accumulate)
contiki-sky.a(stimer.o)       contiki-sky.a(uip-ds6.o) (stimer_set)
contiki-sky.a(memb.o)         contiki-sky.a(uip-ds6-route.o) (memb_init)
contiki-sky.a(frame802154.o)  contiki-sky.a(framer-802154.o) (frame802154_hdrlen)
contiki-sky.a(mac-sequence.o)
                              contiki-sky.a(contikimac.o) (mac_sequence_is_duplicate)
/usr/lib/gcc/msp430/4.6.3/mmpy-16/libgcc.a(_mulsi3.o)
                              contiki-sky.a(rpl.o) (__mulsi3)
/usr/lib/gcc/msp430/4.6.3/mmpy-16/libgcc.a(_udivmod16.o)
                              contiki-sky.a(rpl-dag.o) (__udivhi3)
/usr/lib/gcc/msp430/4.6.3/mmpy-16/libgcc.a(_divmod16.o)
                              contiki-sky.a(sicslowpan.o) (__divhi3)
/usr/lib/gcc/msp430/4.6.3/mmpy-16/libgcc.a(_udivmod32.o)
                              obj_sky/contiki-sky-main.o (__udivsi3)
[...]
Memory Configuration

Name             Origin             Length             Attributes
sfr              0x00000000         0x00000010
peripheral_8bit  0x00000010         0x000000f0
peripheral_16bit 0x00000100         0x00000100
ram_mirror       0x00000200         0x00000800         xw
infomem          0x00001000         0x00000100
infob            0x00001000         0x00000080
infoa            0x00001080         0x00000080
ram              0x00001100         0x00002800         xw
rom              0x00004000         0x0000bfe0         xr
vectors          0x0000ffe0         0x00000020
bsl              0x00000000         0x00000000
infoc            0x00000000         0x00000000
infod            0x00000000         0x00000000
ram2             0x00000000         0x00000000         xw
usbram           0x00000000         0x00000000         xw
far_rom          0x00000000         0x00000000
*default*        0x00000000         0xffffffff

Linker script and memory map

LOAD /usr/lib/gcc/msp430/4.6.3/mmpy-16/crt0ivtbl16.o
LOAD root.co
LOAD obj_sky/contiki-sky-main.o
LOAD contiki-sky.a
LOAD /usr/lib/gcc/msp430/4.6.3/mmpy-16/libgcc.a
LOAD /usr/lib/gcc/msp430/4.6.3/../../../../msp430/lib/mmpy-16/libc.a
LOAD /usr/lib/gcc/msp430/4.6.3/mmpy-16/libgcc.a
LOAD /usr/lib/gcc/msp430/4.6.3/mmpy-16/libcrt0.a
                0x00000080                PROVIDE (__info_segment_size, 0x80)
                0x00001000                PROVIDE (__infob, 0x1000)
                0x00001080                PROVIDE (__infoa, 0x1080)
                0x00000000                __IE1 = 0x0
                0x00000002                __IFG1 = 0x2
                0x00000004                __ME1 = 0x4
                0x00000001                __IE2 = 0x1
                0x00000003                __IFG2 = 0x3
                0x00000005                __ME2 = 0x5
                0x00000120                __WDTCTL = 0x120
                0x00000130                __MPY = 0x130
                0x00000132                __MPYS = 0x132
                0x00000134                __MAC = 0x134
                0x00000136                __MACS = 0x136
                0x00000138                __OP2 = 0x138
                0x0000013a                __RESLO = 0x13a
                0x0000013c                __RESHI = 0x13c
                0x0000013e                __SUMEXT = 0x13e
                0x00000020                __P1IN = 0x20
                0x00000021                __P1OUT = 0x21
                0x00000022                __P1DIR = 0x22
                0x00000023                __P1IFG = 0x23
                0x00000024                __P1IES = 0x24
                0x00000025                __P1IE = 0x25
                0x00000026                __P1SEL = 0x26
                0x00000028                __P2IN = 0x28
                0x00000029                __P2OUT = 0x29
                0x0000002a                __P2DIR = 0x2a
                0x0000002b                __P2IFG = 0x2b
                0x0000002c                __P2IES = 0x2c
                0x0000002d                __P2IE = 0x2d
                0x0000002e                __P2SEL = 0x2e
                0x00000018                __P3IN = 0x18
                0x00000019                __P3OUT = 0x19
                0x0000001a                __P3DIR = 0x1a
                0x0000001b                __P3SEL = 0x1b
                0x0000001c                __P4IN = 0x1c
                0x0000001d                __P4OUT = 0x1d
                0x0000001e                __P4DIR = 0x1e
                0x0000001f                __P4SEL = 0x1f
                0x00000030                __P5IN = 0x30
                0x00000031                __P5OUT = 0x31
                0x00000032                __P5DIR = 0x32
                0x00000033                __P5SEL = 0x33
                0x00000034                __P6IN = 0x34
                0x00000035                __P6OUT = 0x35
                0x00000036                __P6DIR = 0x36
                0x00000037                __P6SEL = 0x37
                0x00000070                __U0CTL = 0x70
                0x00000071                __U0TCTL = 0x71
                0x00000072                __U0RCTL = 0x72
                0x00000073                __U0MCTL = 0x73
                0x00000074                __U0BR0 = 0x74
                0x00000075                __U0BR1 = 0x75
                0x00000076                __U0RXBUF = 0x76
                0x00000077                __U0TXBUF = 0x77
                0x00000078                __U1CTL = 0x78
                0x00000079                __U1TCTL = 0x79
                0x0000007a                __U1RCTL = 0x7a
                0x0000007b                __U1MCTL = 0x7b
                0x0000007c                __U1BR0 = 0x7c
                0x0000007d                __U1BR1 = 0x7d
                0x0000007e                __U1RXBUF = 0x7e
                0x0000007f                __U1TXBUF = 0x7f
                0x00000050                __I2CIE = 0x50
                0x00000051                __I2CIFG = 0x51
                0x00000052                __I2CNDAT = 0x52
                0x00000071                __I2CTCTL = 0x71
                0x00000072                __I2CDCTL = 0x72
                0x00000073                __I2CPSC = 0x73
                0x00000074                __I2CSCLH = 0x74
                0x00000075                __I2CSCLL = 0x75
                0x00000076                __I2CDRB = 0x76
                0x00000076                __I2CDRW = 0x76
                0x00000118                __I2COA = 0x118
                0x0000011a                __I2CSA = 0x11a
                0x0000011c                __I2CIV = 0x11c
                0x0000012e                __TAIV = 0x12e
                0x00000160                __TACTL = 0x160
                0x00000162                __TACCTL0 = 0x162
                0x00000164                __TACCTL1 = 0x164
                0x00000166                __TACCTL2 = 0x166
                0x00000170                __TAR = 0x170
                0x00000172                __TACCR0 = 0x172
                0x00000174                __TACCR1 = 0x174
                0x00000176                __TACCR2 = 0x176
                0x0000011e                __TBIV = 0x11e
                0x00000180                __TBCTL = 0x180
                0x00000182                __TBCCTL0 = 0x182
                0x00000184                __TBCCTL1 = 0x184
                0x00000186                __TBCCTL2 = 0x186
                0x00000188                __TBCCTL3 = 0x188
                0x0000018a                __TBCCTL4 = 0x18a
                0x0000018c                __TBCCTL5 = 0x18c
                0x0000018e                __TBCCTL6 = 0x18e
                0x00000190                __TBR = 0x190
                0x00000192                __TBCCR0 = 0x192
                0x00000194                __TBCCR1 = 0x194
                0x00000196                __TBCCR2 = 0x196
                0x00000198                __TBCCR3 = 0x198
                0x0000019a                __TBCCR4 = 0x19a
                0x0000019c                __TBCCR5 = 0x19c
                0x0000019e                __TBCCR6 = 0x19e
                0x00000056                __DCOCTL = 0x56
                0x00000057                __BCSCTL1 = 0x57
                0x00000058                __BCSCTL2 = 0x58
                0x00000055                __SVSCTL = 0x55
                0x00000128                __FCTL1 = 0x128
                0x0000012a                __FCTL2 = 0x12a
                0x0000012c                __FCTL3 = 0x12c
                0x00000059                __CACTL1 = 0x59
                0x0000005a                __CACTL2 = 0x5a
                0x0000005b                __CAPD = 0x5b
                0x000001a0                __ADC12CTL0 = 0x1a0
                0x000001a2                __ADC12CTL1 = 0x1a2
                0x000001a4                __ADC12IFG = 0x1a4
                0x000001a6                __ADC12IE = 0x1a6
                0x000001a8                __ADC12IV = 0x1a8
                0x00000140                __ADC12MEM0 = 0x140
                0x00000142                __ADC12MEM1 = 0x142
                0x00000144                __ADC12MEM2 = 0x144
                0x00000146                __ADC12MEM3 = 0x146
                0x00000148                __ADC12MEM4 = 0x148
                0x0000014a                __ADC12MEM5 = 0x14a
                0x0000014c                __ADC12MEM6 = 0x14c
                0x0000014e                __ADC12MEM7 = 0x14e
                0x00000150                __ADC12MEM8 = 0x150
                0x00000152                __ADC12MEM9 = 0x152
                0x00000154                __ADC12MEM10 = 0x154
                0x00000156                __ADC12MEM11 = 0x156
                0x00000158                __ADC12MEM12 = 0x158
                0x0000015a                __ADC12MEM13 = 0x15a
                0x0000015c                __ADC12MEM14 = 0x15c
                0x0000015e                __ADC12MEM15 = 0x15e
                0x00000080                __ADC12MCTL0 = 0x80
                0x00000081                __ADC12MCTL1 = 0x81
                0x00000082                __ADC12MCTL2 = 0x82
                0x00000083                __ADC12MCTL3 = 0x83
                0x00000084                __ADC12MCTL4 = 0x84
                0x00000085                __ADC12MCTL5 = 0x85
                0x00000086                __ADC12MCTL6 = 0x86
                0x00000087                __ADC12MCTL7 = 0x87
                0x00000088                __ADC12MCTL8 = 0x88
                0x00000089                __ADC12MCTL9 = 0x89
                0x0000008a                __ADC12MCTL10 = 0x8a
                0x0000008b                __ADC12MCTL11 = 0x8b
                0x0000008c                __ADC12MCTL12 = 0x8c
                0x0000008d                __ADC12MCTL13 = 0x8d
                0x0000008e                __ADC12MCTL14 = 0x8e
                0x0000008f                __ADC12MCTL15 = 0x8f
                0x000001c0                __DAC12_0CTL = 0x1c0
                0x000001c2                __DAC12_1CTL = 0x1c2
                0x000001c8                __DAC12_0DAT = 0x1c8
                0x000001ca                __DAC12_1DAT = 0x1ca
                0x00000122                __DMACTL0 = 0x122
                0x00000124                __DMACTL1 = 0x124
                0x000001e0                __DMA0CTL = 0x1e0
                0x000001e8                __DMA1CTL = 0x1e8
                0x000001f0                __DMA2CTL = 0x1f0
                0x000001e2                __DMA0SA = 0x1e2
                0x000001e4                __DMA0DA = 0x1e4
                0x000001e6                __DMA0SZ = 0x1e6
                0x000001ea                __DMA1SA = 0x1ea
                0x000001ec                __DMA1DA = 0x1ec
                0x000001ee                __DMA1SZ = 0x1ee
                0x000001f2                __DMA2SA = 0x1f2
                0x000001f4                __DMA2DA = 0x1f4
                0x000001f6                __DMA2SZ = 0x1f6

.hash
 *(.hash)

.dynsym
 *(.dynsym)

.dynstr
 *(.dynstr)

.gnu.version
 *(.gnu.version)

.gnu.version_d
 *(.gnu.version_d)

.gnu.version_r
 *(.gnu.version_r)

.rel.init
 *(.rel.init)

.rela.init
 *(.rela.init)

.rel.fini
 *(.rel.fini)

.rela.fini
 *(.rela.fini)

.rel.text
 *(.rel.text .rel.text.* .rel.gnu.linkonce.t.*)

.rela.text
 *(.rela.text .rela.text.* .rela.gnu.linkonce.t.*)

.rel.rodata
 *(.rel.rodata .rel.rodata.* .rel.gnu.linkonce.r.*)

.rela.rodata
 *(.rela.rodata .rela.rodata.* .rela.gnu.linkonce.r.*)

.rel.data
 *(.rel.data .rel.data.* .rel.gnu.linkonce.d.*)

.rela.data
 *(.rela.data .rela.data.* .rela.gnu.linkonce.d.*)

.rel.bss
 *(.rel.bss .rel.bss.* .rel.gnu.linkonce.b.*)

.rela.bss
 *(.rela.bss .rela.bss.* .rela.gnu.linkonce.b.*)

.rel.ctors
 *(.rel.ctors)

.rela.ctors
 *(.rela.ctors)

.rel.dtors
 *(.rel.dtors)

.rela.dtors
 *(.rela.dtors)

.rel.got
 *(.rel.got)

.rela.got
 *(.rela.got)

.rel.plt
 *(.rel.plt)

.rela.plt
 *(.rela.plt)

.text           0x00004000     0xa074
                0x00004000                . = ALIGN (0x2)
 *(.init .init.*)
 *(.init0)
 .init0         0x00004000        0x0 /usr/lib/gcc/msp430/4.6.3/mmpy-16/libcrt0.a(_reset_vector__.o)
                0x00004000                _reset_vector__
 *(.init1)
 .init1         0x00004000        0xc /usr/lib/gcc/msp430/4.6.3/mmpy-16/libcrt0.a(__watchdog_support.o)
                0x00004000                __watchdog_support
 *(.init2)
 .init2         0x0000400c        0x4 /usr/lib/gcc/msp430/4.6.3/mmpy-16/libcrt0.a(__init_stack.o)
                0x0000400c                __init_stack
 *(.init3)
 .init3         0x00004010        0x0 /usr/lib/gcc/msp430/4.6.3/mmpy-16/libcrt0.a(__low_level_init.o)
                0x00004010                __low_level_init
 *(.init4)
 .init4         0x00004010       0x18 /usr/lib/gcc/msp430/4.6.3/mmpy-16/libcrt0.a(_copy_data.o)
                0x00004010                __do_copy_data
 .init4         0x00004028       0x16 /usr/lib/gcc/msp430/4.6.3/mmpy-16/libcrt0.a(_clear_bss.o)
                0x00004028                __do_clear_bss
 *(.init5)
 *(.init6)
 *(.init7)
 *(.init8)
 *(.init9)
 .init9         0x0000403e      0x2d8 obj_sky/contiki-sky-main.o
                0x0000403e                main
 *(.fini9)
 .fini9         0x00004316        0x0 /usr/lib/gcc/msp430/4.6.3/mmpy-16/libcrt0.a(__stop_progExec__.o)
                0x00004316                __stop_progExec__
 *(.fini8)
 *(.fini7)
 *(.fini6)
 *(.fini5)
 *(.fini4)
 *(.fini3)
 *(.fini2)
 *(.fini1)
 *(.fini0)
 .fini0         0x00004316        0x6 /usr/lib/gcc/msp430/4.6.3/mmpy-16/libcrt0.a(_endless_loop__.o)
                0x00004316                _endless_loop__
 *(.fini .fini.*)
                0x0000431c                . = ALIGN (0x2)
                0x0000431c                __ctors_start = .
 *(.ctors)
                0x0000431c                __ctors_end = .
                0x0000431c                __dtors_start = .
 *(.dtors)
                0x0000431c                __dtors_end = .
                0x0000431c                . = ALIGN (0x2)
 *(.text .text.* .gnu.linkonce.t.*)
 .text          0x0000431c        0x4 /usr/lib/gcc/msp430/4.6.3/mmpy-16/crt0ivtbl16.o
                0x0000431c                __isr_14
                0x0000431c                __isr_11
                0x0000431c                __isr_2
                0x0000431c                __isr_7
                0x0000431c                __isr_0
                0x0000431c                __isr_8
                0x0000431c                __isr_3
                0x0000431c                __isr_12
                0x0000431c                __isr_13
                0x0000431c                __isr_9
 .text.is_new_delegation
                0x00004320       0xac root.co
 .text.process_thread_root_process
                0x000043cc      0x3d6 root.co
 .text.start_network_layer
                0x000047a2       0xa2 obj_sky/contiki-sky-main.o
 .text.init_platform
                0x00004844        0xc contiki-sky.a(contiki-sky-pla)
                0x00004844                init_platform
 .text.status   0x00004850       0x16 contiki-sky.a(button-sensor.o)
 .text.configure
                0x00004866       0x52 contiki-sky.a(button-sensor.o)
 .text.value    0x000048b8       0x22 contiki-sky.a(button-sensor.o)
 .text.irq_p2   0x000048da       0x8a contiki-sky.a(button-sensor.o)
                0x000048da                irq_p2
                0x000048da                __isr_1
 .text.owreadb  0x00004964       0x52 contiki-sky.a(ds2411.o)
 .text.ds2411_init
                0x000049b6      0x122 contiki-sky.a(ds2411.o)
                0x000049b6                ds2411_init
 .text.wait_ready
                0x00004ad8       0x50 contiki-sky.a(xmem.o)
 .text.xmem_init
                0x00004b28       0x3e contiki-sky.a(xmem.o)
                0x00004b28                xmem_init
 .text.xmem_pread
                0x00004b66       0xea contiki-sky.a(xmem.o)
                0x00004b66                xmem_pread
 .text.node_id_restore
                0x00004c50       0x38 contiki-sky.a(node-id.o)
                0x00004c50                node_id_restore
 .text.process_thread_sensors_process
                0x00004c88       0xbe contiki-sky.a(sensors.o)
 .text.sensors_changed
                0x00004d46       0x2a contiki-sky.a(sensors.o)
                0x00004d46                sensors_changed
 .text.get_object
                0x00004d70        0x4 contiki-sky.a(cc2420.o)
 .text.set_object
                0x00004d74        0x4 contiki-sky.a(cc2420.o)
 .text.strobe   0x00004d78       0x20 contiki-sky.a(cc2420.o)
 .text.getreg   0x00004d98       0x54 contiki-sky.a(cc2420.o)
 .text.setreg   0x00004dec       0x52 contiki-sky.a(cc2420.o)
 .text.write_ram
                0x00004e3e       0x80 contiki-sky.a(cc2420.o)
 .text.write_fifo_buf
                0x00004ebe       0x40 contiki-sky.a(cc2420.o)
 .text.get_status
                0x00004efe       0x24 contiki-sky.a(cc2420.o)
 .text.set_txpower
                0x00004f22       0x26 contiki-sky.a(cc2420.o)
 .text.cc2420_receiving_packet
                0x00004f48        0xe contiki-sky.a(cc2420.o)
 .text.pending_packet
                0x00004f56        0x8 contiki-sky.a(cc2420.o)
 .text.on       0x00004f5e       0x1e contiki-sky.a(cc2420.o)
 .text.wait_for_transmission
                0x00004f7c       0x22 contiki-sky.a(cc2420.o)
 .text.wait_for_status
                0x00004f9e       0x2a contiki-sky.a(cc2420.o)
 .text.getrxdata
                0x00004fc8       0x56 contiki-sky.a(cc2420.o)
 .text.flushrx  0x0000501e       0x1a contiki-sky.a(cc2420.o)
 .text.off      0x00005038       0x5a contiki-sky.a(cc2420.o)
 .text.RELEASE_LOCK
                0x00005092       0x28 contiki-sky.a(cc2420.o)
 .text.set_key  0x000050ba       0x18 contiki-sky.a(cc2420.o)
 .text.cc2420_prepare
                0x000050d2       0x3c contiki-sky.a(cc2420.o)
 .text.cc2420_on
                0x0000510e       0x22 contiki-sky.a(cc2420.o)
                0x0000510e                cc2420_on
 .text.cc2420_off
                0x00005130       0x30 contiki-sky.a(cc2420.o)
                0x00005130                cc2420_off
 .text.cc2420_cca
                0x00005160       0x5e contiki-sky.a(cc2420.o)
 .text.cc2420_read
                0x000051be       0xb0 contiki-sky.a(cc2420.o)
 .text.process_thread_cc2420_process
                0x0000526e       0x50 contiki-sky.a(cc2420.o)
 .text.encrypt  0x000052be       0x8e contiki-sky.a(cc2420.o)
 .text.cc2420_set_channel
                0x0000534c       0x3c contiki-sky.a(cc2420.o)
                0x0000534c                cc2420_set_channel
 .text.cc2420_set_pan_addr
                0x00005388       0x4c contiki-sky.a(cc2420.o)
                0x00005388                cc2420_set_pan_addr
 .text.cc2420_interrupt
                0x000053d4       0x18 contiki-sky.a(cc2420.o)
                0x000053d4                cc2420_interrupt
 .text.cc2420_set_txpower
                0x000053ec        0xe contiki-sky.a(cc2420.o)
                0x000053ec                cc2420_set_txpower
 .text.cc2420_get_txpower
                0x000053fa       0x1e contiki-sky.a(cc2420.o)
                0x000053fa                cc2420_get_txpower
 .text.cc2420_transmit
                0x00005418      0x10e contiki-sky.a(cc2420.o)
 .text.cc2420_send
                0x00005526       0x12 contiki-sky.a(cc2420.o)
 .text.cc2420_rssi
                0x00005538       0x4c contiki-sky.a(cc2420.o)
                0x00005538                cc2420_rssi
 .text.get_value
                0x00005584       0xac contiki-sky.a(cc2420.o)
 .text.cc2420_set_cca_threshold
                0x00005630       0x16 contiki-sky.a(cc2420.o)
                0x00005630                cc2420_set_cca_threshold
 .text.set_value
                0x00005646       0x8a contiki-sky.a(cc2420.o)
 .text.cc2420_init
                0x000056d0       0xde contiki-sky.a(cc2420.o)
                0x000056d0                cc2420_init
 .text.cc2420_port1_interrupt
                0x000057ae       0x62 contiki-sky.a(cc2420-arch.o)
                0x000057ae                __isr_4
                0x000057ae                cc2420_port1_interrupt
 .text.cc2420_arch_init
                0x00005810       0x1a contiki-sky.a(cc2420-arch.o)
                0x00005810                cc2420_arch_init
 .text.uart1_active
                0x0000582a       0x1a contiki-sky.a(uart1.o)
                0x0000582a                uart1_active
 .text.uart1_writeb
                0x00005844       0x1a contiki-sky.a(uart1.o)
                0x00005844                uart1_writeb
 .text.uart1_init
                0x0000585e       0xf6 contiki-sky.a(uart1.o)
                0x0000585e                uart1_init
 .text.putchar  0x00005954       0x10 contiki-sky.a(uart1-putchar.o)
                0x00005954                putchar
 .text.msp430_init_dco
                0x00005964       0x84 contiki-sky.a(msp430.o)
                0x00005964                msp430_init_dco
 .text.msp430_add_lpm_req
                0x000059e8        0xc contiki-sky.a(msp430.o)
                0x000059e8                msp430_add_lpm_req
 .text.msp430_cpu_init
                0x000059f4       0x2a contiki-sky.a(msp430.o)
                0x000059f4                msp430_cpu_init
 .text.splhigh_
                0x00005a1e        0x8 contiki-sky.a(msp430.o)
                0x00005a1e                splhigh_
 .text.msp430_sync_dco
                0x00005a26       0x68 contiki-sky.a(msp430.o)
                0x00005a26                msp430_sync_dco
 .text.timera1  0x00005a8e      0x11e contiki-sky.a(clock.o)
                0x00005a8e                __isr_5
                0x00005a8e                timera1
 .text.clock_time
                0x00005bac       0x1a contiki-sky.a(clock.o)
                0x00005bac                clock_time
 .text.clock_init
                0x00005bc6       0x28 contiki-sky.a(clock.o)
                0x00005bc6                clock_init
 .text.clock_delay
                0x00005bee        0xc contiki-sky.a(clock.o)
                0x00005bee                clock_delay
 .text.clock_seconds
                0x00005bfa       0x1a contiki-sky.a(clock.o)
                0x00005bfa                clock_seconds
 .text.show_leds
                0x00005c14       0xf6 contiki-sky.a(leds.o)
 .text.leds_init
                0x00005d0a        0xa contiki-sky.a(leds.o)
                0x00005d0a                leds_init
 .text.leds_on  0x00005d14        0xa contiki-sky.a(leds.o)
                0x00005d14                leds_on
 .text.leds_off
                0x00005d1e        0xe contiki-sky.a(leds.o)
                0x00005d1e                leds_off
 .text.leds_arch_init
                0x00005d2c        0xe contiki-sky.a(leds-arch.o)
                0x00005d2c                leds_arch_init
 .text.leds_arch_set
                0x00005d3a       0x3a contiki-sky.a(leds-arch.o)
                0x00005d3a                leds_arch_set
 .text.watchdog_interrupt
                0x00005d74        0x6 contiki-sky.a(watchdog.o)
                0x00005d74                __isr_10
                0x00005d74                watchdog_interrupt
 .text.watchdog_start
                0x00005d7a       0x14 contiki-sky.a(watchdog.o)
                0x00005d7a                watchdog_start
 .text.watchdog_periodic
                0x00005d8e       0x12 contiki-sky.a(watchdog.o)
                0x00005d8e                watchdog_periodic
 .text.watchdog_stop
                0x00005da0       0x16 contiki-sky.a(watchdog.o)
                0x00005da0                watchdog_stop
 .text.watchdog_init
                0x00005db6       0x14 contiki-sky.a(watchdog.o)
                0x00005db6                watchdog_init
 .text.rtimer_arch_init
                0x00005dca        0xe contiki-sky.a(rtimer-arch.o)
                0x00005dca                rtimer_arch_init
 .text.rtimer_arch_now
                0x00005dd8        0xe contiki-sky.a(rtimer-arch.o)
                0x00005dd8                rtimer_arch_now
 .text.timera0  0x00005de6       0x70 contiki-sky.a(rtimer-arch.o)
                0x00005de6                __isr_6
                0x00005de6                timera0
 .text.rtimer_arch_schedule
                0x00005e56        0x6 contiki-sky.a(rtimer-arch.o)
                0x00005e56                rtimer_arch_schedule
 .text.autostart_start
                0x00005e5c       0x16 contiki-sky.a(autostart.o)
                0x00005e5c                autostart_start
 .text.process_thread_ctimer_process
                0x00005e72       0xa4 contiki-sky.a(ctimer.o)
 .text.ctimer_init
                0x00005f16       0x18 contiki-sky.a(ctimer.o)
                0x00005f16                ctimer_init
 .text.ctimer_set
                0x00005f2e       0x50 contiki-sky.a(ctimer.o)
                0x00005f2e                ctimer_set
 .text.ctimer_reset
                0x00005f7e       0x30 contiki-sky.a(ctimer.o)
                0x00005f7e                ctimer_reset
 .text.ctimer_stop
                0x00005fae       0x28 contiki-sky.a(ctimer.o)
                0x00005fae                ctimer_stop
 .text.energest_init
                0x00005fd6       0x28 contiki-sky.a(energest.o)
                0x00005fd6                energest_init
 .text.energest_type_time
                0x00005ffe       0x46 contiki-sky.a(energest.o)
                0x00005ffe                energest_type_time
 .text.energest_type_set
                0x00006044        0xe contiki-sky.a(energest.o)
                0x00006044                energest_type_set
 .text.energest_flush
                0x00006052       0x48 contiki-sky.a(energest.o)
                0x00006052                energest_flush
 .text.update_time
                0x0000609a       0x78 contiki-sky.a(etimer.o)
 .text.etimer_request_poll
                0x00006112        0xa contiki-sky.a(etimer.o)
                0x00006112                etimer_request_poll
 .text.process_thread_etimer_process
                0x0000611c       0xc8 contiki-sky.a(etimer.o)
 .text.add_timer
                0x000061e4       0x40 contiki-sky.a(etimer.o)
 .text.etimer_set
                0x00006224       0x12 contiki-sky.a(etimer.o)
                0x00006224                etimer_set
 .text.etimer_reset
                0x00006236       0x12 contiki-sky.a(etimer.o)
                0x00006236                etimer_reset
 .text.etimer_expired
                0x00006248        0xe contiki-sky.a(etimer.o)
                0x00006248                etimer_expired
 .text.etimer_expiration_time
                0x00006256       0x14 contiki-sky.a(etimer.o)
                0x00006256                etimer_expiration_time
 .text.etimer_pending
                0x0000626a        0xc contiki-sky.a(etimer.o)
                0x0000626a                etimer_pending
 .text.etimer_next_expiration_time
                0x00006276       0x16 contiki-sky.a(etimer.o)
                0x00006276                etimer_next_expiration_time
 .text.etimer_stop
                0x0000628c       0x3c contiki-sky.a(etimer.o)
                0x0000628c                etimer_stop
 .text.call_process
                0x000062c8       0x4a contiki-sky.a(process.o)
 .text.exit_process
                0x00006312       0x96 contiki-sky.a(process.o)
 .text.do_poll  0x000063a8       0x30 contiki-sky.a(process.o)
 .text.process_alloc_event
                0x000063d8        0xe contiki-sky.a(process.o)
                0x000063d8                process_alloc_event
 .text.process_init
                0x000063e6       0x1c contiki-sky.a(process.o)
                0x000063e6                process_init
 .text.process_run
                0x00006402       0xa2 contiki-sky.a(process.o)
                0x00006402                process_run
 .text.process_nevents
                0x000064a4        0xe contiki-sky.a(process.o)
                0x000064a4                process_nevents
 .text.process_post
                0x000064b2       0x54 contiki-sky.a(process.o)
                0x000064b2                process_post
 .text.process_post_synch
                0x00006506       0x12 contiki-sky.a(process.o)
                0x00006506                process_post_synch
 .text.process_start
                0x00006518       0x32 contiki-sky.a(process.o)
                0x00006518                process_start
 .text.process_poll
                0x0000654a       0x18 contiki-sky.a(process.o)
                0x0000654a                process_poll
 .text.rtimer_init
                0x00006562        0x6 contiki-sky.a(rtimer.o)
                0x00006562                rtimer_init
 .text.rtimer_set
                0x00006568       0x24 contiki-sky.a(rtimer.o)
                0x00006568                rtimer_set
 .text.rtimer_run_next
                0x0000658c       0x26 contiki-sky.a(rtimer.o)
                0x0000658c                rtimer_run_next
 .text.timer_set
                0x000065b2       0x1c contiki-sky.a(timer.o)
                0x000065b2                timer_set
 .text.timer_reset
                0x000065ce        0xe contiki-sky.a(timer.o)
                0x000065ce                timer_reset
 .text.timer_expired
                0x000065dc       0x2a contiki-sky.a(timer.o)
                0x000065dc                timer_expired
 .text.list_init
                0x00006606        0x6 contiki-sky.a(list.o)
                0x00006606                list_init
 .text.list_head
                0x0000660c        0x4 contiki-sky.a(list.o)
                0x0000660c                list_head
 .text.list_tail
                0x00006610       0x12 contiki-sky.a(list.o)
                0x00006610                list_tail
 .text.list_remove
                0x00006622       0x34 contiki-sky.a(list.o)
                0x00006622                list_remove
 .text.list_push
                0x00006656       0x1a contiki-sky.a(list.o)
                0x00006656                list_push
 .text.list_add
                0x00006670       0x2a contiki-sky.a(list.o)
                0x00006670                list_add
 .text.list_length
                0x0000669a       0x10 contiki-sky.a(list.o)
                0x0000669a                list_length
 .text.list_item_next
                0x000066aa        0xc contiki-sky.a(list.o)
                0x000066aa                list_item_next
 .text.random_init
                0x000066b6        0x6 contiki-sky.a(random.o)
                0x000066b6                random_init
 .text.random_rand
                0x000066bc        0x6 contiki-sky.a(random.o)
                0x000066bc                random_rand
 .text.set_packet_attrs
                0x000066c2       0x44 contiki-sky.a(sicslowpan.o)
 .text.addr_context_lookup_by_number
                0x00006706       0x36 contiki-sky.a(sicslowpan.o)
 .text.compress_addr_64
                0x0000673c       0xae contiki-sky.a(sicslowpan.o)
 .text.uncompress_addr
                0x000067ea       0xb4 contiki-sky.a(sicslowpan.o)
 .text.input    0x0000689e      0x65c contiki-sky.a(sicslowpan.o)
 .text.sicslowpan_init
                0x00006efa       0x26 contiki-sky.a(sicslowpan.o)
                0x00006efa                sicslowpan_init
 .text.addr_context_lookup_by_prefix
                0x00006f20       0x4c contiki-sky.a(sicslowpan.o)
 .text.send_packet
                0x00006f6c       0x1a contiki-sky.a(sicslowpan.o)
 .text.output   0x00006f86      0x6da contiki-sky.a(sicslowpan.o)
 .text.packet_sent
                0x00007660       0x22 contiki-sky.a(sicslowpan.o)
 .text.chksum   0x00007682       0x32 contiki-sky.a(uip6.o)
 .text.upper_layer_chksum
                0x000076b4       0x56 contiki-sky.a(uip6.o)
 .text.ext_hdr_options_process
                0x0000770a       0xda contiki-sky.a(uip6.o)
 .text.uip_icmp6chksum
                0x000077e4        0xa contiki-sky.a(uip6.o)
                0x000077e4                uip_icmp6chksum
 .text.uip_udpchksum
                0x000077ee        0xa contiki-sky.a(uip6.o)
                0x000077ee                uip_udpchksum
 .text.uip_init
                0x000077f8       0x42 contiki-sky.a(uip6.o)
                0x000077f8                uip_init
 .text.remove_ext_hdr
                0x0000783a       0x5a contiki-sky.a(uip6.o)
                0x0000783a                remove_ext_hdr
 .text.uip_udp_new
                0x00007894       0xf4 contiki-sky.a(uip6.o)
                0x00007894                uip_udp_new
 .text.uip_process
                0x00007988      0x4a2 contiki-sky.a(uip6.o)
                0x00007988                uip_process
 .text.uip_htonl
                0x00007e2a       0x2e contiki-sky.a(uip6.o)
                0x00007e2a                uip_htonl
 .text.uip_ds6_list_loop
                0x00007e58       0x86 contiki-sky.a(uip-ds6.o)
                0x00007e58                uip_ds6_list_loop
 .text.uip_ds6_prefix_add
                0x00007ede       0x80 contiki-sky.a(uip-ds6.o)
                0x00007ede                uip_ds6_prefix_add
 .text.uip_ds6_is_addr_onlink
                0x00007f5e       0x54 contiki-sky.a(uip-ds6.o)
                0x00007f5e                uip_ds6_is_addr_onlink
 .text.uip_ds6_addr_lookup
                0x00007fb2       0x2a contiki-sky.a(uip-ds6.o)
                0x00007fb2                uip_ds6_addr_lookup
 .text.uip_ds6_get_link_local
                0x00007fdc       0x3e contiki-sky.a(uip-ds6.o)
                0x00007fdc                uip_ds6_get_link_local
 .text.uip_ds6_maddr_add
                0x0000801a       0x4c contiki-sky.a(uip-ds6.o)
                0x0000801a                uip_ds6_maddr_add
 .text.uip_ds6_addr_add
                0x00008066       0xc4 contiki-sky.a(uip-ds6.o)
                0x00008066                uip_ds6_addr_add
 .text.uip_ds6_maddr_lookup
                0x0000812a       0x2a contiki-sky.a(uip-ds6.o)
                0x0000812a                uip_ds6_maddr_lookup
 .text.uip_ds6_addr_rm
                0x00008154       0x54 contiki-sky.a(uip-ds6.o)
                0x00008154                uip_ds6_addr_rm
 .text.uip_ds6_periodic
                0x000081a8       0x4a contiki-sky.a(uip-ds6.o)
                0x000081a8                uip_ds6_periodic
 .text.uip_ds6_set_addr_iid
                0x000081f2       0x14 contiki-sky.a(uip-ds6.o)
                0x000081f2                uip_ds6_set_addr_iid
 .text.get_match_length
                0x00008206       0x3e contiki-sky.a(uip-ds6.o)
                0x00008206                get_match_length
 .text.uip_ds6_select_src
                0x00008244       0xaa contiki-sky.a(uip-ds6.o)
                0x00008244                uip_ds6_select_src
 .text.uip_ds6_compute_reachable_time
                0x000082ee       0x3e contiki-sky.a(uip-ds6.o)
                0x000082ee                uip_ds6_compute_reachable_time
 .text.uip_ds6_init
                0x0000832c      0x154 contiki-sky.a(uip-ds6.o)
                0x0000832c                uip_ds6_init
 .text.uip_ds6_nbr_rm
                0x00008480       0x1a contiki-sky.a(uip-ds6-nbr.o)
                0x00008480                uip_ds6_nbr_rm
 .text.uip_ds6_neighbors_init
                0x0000849a        0xe contiki-sky.a(uip-ds6-nbr.o)
                0x0000849a                uip_ds6_neighbors_init
 .text.uip_ds6_nbr_add
                0x000084a8       0x60 contiki-sky.a(uip-ds6-nbr.o)
                0x000084a8                uip_ds6_nbr_add
 .text.uip_ds6_nbr_get_ll
                0x00008508        0xc contiki-sky.a(uip-ds6-nbr.o)
                0x00008508                uip_ds6_nbr_get_ll
 .text.uip_ds6_nbr_lookup
                0x00008514       0x42 contiki-sky.a(uip-ds6-nbr.o)
                0x00008514                uip_ds6_nbr_lookup
 .text.uip_ds6_nbr_ll_lookup
                0x00008556        0xc contiki-sky.a(uip-ds6-nbr.o)
                0x00008556                uip_ds6_nbr_ll_lookup
 .text.uip_ds6_nbr_ipaddr_from_lladdr
                0x00008562        0x6 contiki-sky.a(uip-ds6-nbr.o)
                0x00008562                uip_ds6_nbr_ipaddr_from_lladdr
 .text.uip_ds6_nbr_lladdr_from_ipaddr
                0x00008568       0x12 contiki-sky.a(uip-ds6-nbr.o)
                0x00008568                uip_ds6_nbr_lladdr_from_ipaddr
 .text.uip_ds6_link_neighbor_callback
                0x0000857a       0x2a contiki-sky.a(uip-ds6-nbr.o)
                0x0000857a                uip_ds6_link_neighbor_callback
 .text.uip_ds6_neighbor_periodic
                0x000085a4       0x60 contiki-sky.a(uip-ds6-nbr.o)
                0x000085a4                uip_ds6_neighbor_periodic
 .text.call_route_callback
                0x00008604       0x4c contiki-sky.a(uip-ds6-route.o)
 .text.uip_ds6_route_init
                0x00008650       0x36 contiki-sky.a(uip-ds6-route.o)
                0x00008650                uip_ds6_route_init
 .text.uip_ds6_route_nexthop
                0x00008686       0x1a contiki-sky.a(uip-ds6-route.o)
                0x00008686                uip_ds6_route_nexthop
 .text.uip_ds6_route_head
                0x000086a0        0xa contiki-sky.a(uip-ds6-route.o)
                0x000086a0                uip_ds6_route_head
 .text.uip_ds6_route_next
                0x000086aa        0xe contiki-sky.a(uip-ds6-route.o)
                0x000086aa                uip_ds6_route_next
 .text.uip_ds6_route_lookup
                0x000086b8       0x8c contiki-sky.a(uip-ds6-route.o)
                0x000086b8                uip_ds6_route_lookup
 .text.uip_ds6_route_rm
                0x00008744       0xa4 contiki-sky.a(uip-ds6-route.o)
                0x00008744                uip_ds6_route_rm
 .text.rm_routelist
                0x000087e8       0x34 contiki-sky.a(uip-ds6-route.o)
 .text.rm_routelist_callback
                0x0000881c        0x6 contiki-sky.a(uip-ds6-route.o)
 .text.uip_ds6_route_add
                0x00008822      0x10c contiki-sky.a(uip-ds6-route.o)
                0x00008822                uip_ds6_route_add
 .text.uip_ds6_defrt_rm
                0x0000892e       0x48 contiki-sky.a(uip-ds6-route.o)
                0x0000892e                uip_ds6_defrt_rm
 .text.uip_ds6_defrt_lookup
                0x00008976       0x36 contiki-sky.a(uip-ds6-route.o)
                0x00008976                uip_ds6_defrt_lookup
 .text.uip_ds6_defrt_add
                0x000089ac       0x74 contiki-sky.a(uip-ds6-route.o)
                0x000089ac                uip_ds6_defrt_add
 .text.uip_ds6_defrt_choose
                0x00008a20       0x3a contiki-sky.a(uip-ds6-route.o)
                0x00008a20                uip_ds6_defrt_choose
 .text.uip_ds6_defrt_periodic
                0x00008a5a       0x38 contiki-sky.a(uip-ds6-route.o)
                0x00008a5a                uip_ds6_defrt_periodic
 .text.echo_reply_input
                0x00008a92      0x112 contiki-sky.a(uip-icmp6.o)
 .text.echo_request_input
                0x00008ba4      0x12c contiki-sky.a(uip-icmp6.o)
 .text.uip_icmp6_input
                0x00008cd0       0x44 contiki-sky.a(uip-icmp6.o)
                0x00008cd0                uip_icmp6_input
 .text.uip_icmp6_register_input_handler
                0x00008d14        0xc contiki-sky.a(uip-icmp6.o)
                0x00008d14                uip_icmp6_register_input_handler
 .text.uip_icmp6_error_output
                0x00008d20      0x17a contiki-sky.a(uip-icmp6.o)
                0x00008d20                uip_icmp6_error_output
 .text.uip_icmp6_send
                0x00008e9a       0x96 contiki-sky.a(uip-icmp6.o)
                0x00008e9a                uip_icmp6_send
 .text.uip_icmp6_init
                0x00008f30       0x12 contiki-sky.a(uip-icmp6.o)
                0x00008f30                uip_icmp6_init
 .text.uip_nd6_init
                0x00008f42        0x2 contiki-sky.a(uip-nd6.o)
                0x00008f42                uip_nd6_init
 .text.tcpip_output
                0x00008f44       0x10 contiki-sky.a(tcpip.o)
                0x00008f44                tcpip_output
 .text.tcpip_set_outputfunc
                0x00008f54        0x6 contiki-sky.a(tcpip.o)
                0x00008f54                tcpip_set_outputfunc
 .text.udp_new  0x00008f5a       0x1a contiki-sky.a(tcpip.o)
                0x00008f5a                udp_new
 .text.tcpip_input
                0x00008f74       0x16 contiki-sky.a(tcpip.o)
                0x00008f74                tcpip_input
 .text.tcpip_ipv6_output
                0x00008f8a       0xce contiki-sky.a(tcpip.o)
                0x00008f8a                tcpip_ipv6_output
 .text.process_thread_tcpip_process
                0x00009058       0xd0 contiki-sky.a(tcpip.o)
 .text.tcpip_uipcall
                0x00009128       0x2a contiki-sky.a(tcpip.o)
                0x00009128                tcpip_uipcall
 .text.uip_debug_ipaddr_print
                0x00009152       0x7c contiki-sky.a(uip-debug.o)
                0x00009152                uip_debug_ipaddr_print
 .text.uip_udp_packet_send
                0x000091ce       0x2e contiki-sky.a(uip-udp-packet.)
                0x000091ce                uip_udp_packet_send
 .text.rpl_get_mode
                0x000091fc        0x6 contiki-sky.a(rpl.o)
                0x000091fc                rpl_get_mode
 .text.rpl_purge_routes
                0x00009202       0x96 contiki-sky.a(rpl.o)
                0x00009202                rpl_purge_routes
 .text.rpl_remove_routes
                0x00009298       0x22 contiki-sky.a(rpl.o)
                0x00009298                rpl_remove_routes
 .text.rpl_remove_routes_by_nexthop
                0x000092ba       0x46 contiki-sky.a(rpl.o)
                0x000092ba                rpl_remove_routes_by_nexthop
 .text.rpl_add_route
                0x00009300       0x44 contiki-sky.a(rpl.o)
                0x00009300                rpl_add_route
 .text.rpl_link_neighbor_callback
                0x00009344       0x7c contiki-sky.a(rpl.o)
                0x00009344                rpl_link_neighbor_callback
 .text.rpl_ipv6_neighbor_callback
                0x000093c0       0x1e contiki-sky.a(rpl.o)
                0x000093c0                rpl_ipv6_neighbor_callback
 .text.rpl_init
                0x000093de       0x4a contiki-sky.a(rpl.o)
                0x000093de                rpl_init
 .text.lollipop_greater_than
                0x00009428       0x44 contiki-sky.a(rpl-dag.o)
 .text.acceptable_rank
                0x0000946c       0x50 contiki-sky.a(rpl-dag.o)
 .text.find_parent_any_dag_any_instance
                0x000094bc       0x14 contiki-sky.a(rpl-dag.o)
 .text.rpl_set_preferred_parent
                0x000094d0       0x30 contiki-sky.a(rpl-dag.o)
 .text.set_ip_from_prefix
                0x00009500       0x38 contiki-sky.a(rpl-dag.o)
 .text.check_prefix
                0x00009538       0x80 contiki-sky.a(rpl-dag.o)
 .text.rpl_get_nbr
                0x000095b8       0x1e contiki-sky.a(rpl-dag.o)
                0x000095b8                rpl_get_nbr
 .text.rpl_dag_init
                0x000095d6        0xe contiki-sky.a(rpl-dag.o)
                0x000095d6                rpl_dag_init
 .text.rpl_get_parent
                0x000095e4        0xc contiki-sky.a(rpl-dag.o)
                0x000095e4                rpl_get_parent
 .text.rpl_get_parent_ipaddr
                0x000095f0       0x10 contiki-sky.a(rpl-dag.o)
                0x000095f0                rpl_get_parent_ipaddr
 .text.rpl_set_prefix
                0x00009600       0x8e contiki-sky.a(rpl-dag.o)
                0x00009600                rpl_set_prefix
 .text.rpl_set_default_route
                0x0000968e       0x5a contiki-sky.a(rpl-dag.o)
                0x0000968e                rpl_set_default_route
 .text.rpl_alloc_instance
                0x000096e8       0x34 contiki-sky.a(rpl-dag.o)
                0x000096e8                rpl_alloc_instance
 .text.rpl_add_parent
                0x0000971c       0x56 contiki-sky.a(rpl-dag.o)
                0x0000971c                rpl_add_parent
 .text.rpl_find_parent
                0x00009772       0x1a contiki-sky.a(rpl-dag.o)
                0x00009772                rpl_find_parent
 .text.rpl_find_parent_any_dag
                0x0000978c       0x22 contiki-sky.a(rpl-dag.o)
                0x0000978c                rpl_find_parent_any_dag
 .text.rpl_select_parent
                0x000097ae       0x7e contiki-sky.a(rpl-dag.o)
                0x000097ae                rpl_select_parent
 .text.rpl_select_dag
                0x0000982c      0x182 contiki-sky.a(rpl-dag.o)
                0x0000982c                rpl_select_dag
 .text.rpl_nullify_parent
                0x000099ae       0x54 contiki-sky.a(rpl-dag.o)
                0x000099ae                rpl_nullify_parent
 .text.rpl_remove_parent
                0x00009a02       0x16 contiki-sky.a(rpl-dag.o)
                0x00009a02                rpl_remove_parent
 .text.nbr_callback
                0x00009a18        0x6 contiki-sky.a(rpl-dag.o)
 .text.remove_parents.constprop.2
                0x00009a1e       0x32 contiki-sky.a(rpl-dag.o)
 .text.rpl_free_dag
                0x00009a50       0x36 contiki-sky.a(rpl-dag.o)
                0x00009a50                rpl_free_dag
 .text.rpl_move_parent
                0x00009a86       0x5a contiki-sky.a(rpl-dag.o)
                0x00009a86                rpl_move_parent
 .text.rpl_get_any_dag
                0x00009ae0       0x18 contiki-sky.a(rpl-dag.o)
                0x00009ae0                rpl_get_any_dag
 .text.rpl_get_instance
                0x00009af8       0x1a contiki-sky.a(rpl-dag.o)
                0x00009af8                rpl_get_instance
 .text.rpl_alloc_dag
                0x00009b12       0x60 contiki-sky.a(rpl-dag.o)
                0x00009b12                rpl_alloc_dag
 .text.rpl_repair_root
                0x00009b72       0x50 contiki-sky.a(rpl-dag.o)
                0x00009b72                rpl_repair_root
 .text.rpl_set_root
                0x00009bc2      0x136 contiki-sky.a(rpl-dag.o)
                0x00009bc2                rpl_set_root
 .text.rpl_find_of
                0x00009cf8       0x10 contiki-sky.a(rpl-dag.o)
                0x00009cf8                rpl_find_of
 .text.rpl_join_instance
                0x00009d08      0x13c contiki-sky.a(rpl-dag.o)
                0x00009d08                rpl_join_instance
 .text.rpl_local_repair
                0x00009e44       0x7c contiki-sky.a(rpl-dag.o)
                0x00009e44                rpl_local_repair
 .text.rpl_process_parent_event
                0x00009ec0       0x4e contiki-sky.a(rpl-dag.o)
                0x00009ec0                rpl_process_parent_event
 .text.rpl_recalculate_ranks
                0x00009f0e       0x48 contiki-sky.a(rpl-dag.o)
                0x00009f0e                rpl_recalculate_ranks
 .text.rpl_add_dag
                0x00009f56      0x112 contiki-sky.a(rpl-dag.o)
                0x00009f56                rpl_add_dag
 .text.rpl_process_dio
                0x0000a068      0x2e2 contiki-sky.a(rpl-dag.o)
                0x0000a068                rpl_process_dio
 .text.rpl_lock_parent
                0x0000a34a        0xc contiki-sky.a(rpl-dag.o)
                0x0000a34a                rpl_lock_parent
 .text.rpl_verify_header
                0x0000a356       0xba contiki-sky.a(rpl-ext-header.)
                0x0000a356                rpl_verify_header
 .text.rpl_update_header_empty
                0x0000a410      0x126 contiki-sky.a(rpl-ext-header.)
                0x0000a410                rpl_update_header_empty
 .text.rpl_update_header_final
                0x0000a536       0x94 contiki-sky.a(rpl-ext-header.)
                0x0000a536                rpl_update_header_final
 .text.rpl_invert_header
                0x0000a5ca       0x7a contiki-sky.a(rpl-ext-header.)
                0x0000a5ca                rpl_invert_header
 .text.rpl_insert_header
                0x0000a644       0x12 contiki-sky.a(rpl-ext-header.)
                0x0000a644                rpl_insert_header
 .text.get32    0x0000a656       0x46 contiki-sky.a(rpl-icmp6.o)
 .text.set32    0x0000a69c       0x2a contiki-sky.a(rpl-icmp6.o)
 .text.get16    0x0000a6c6        0xe contiki-sky.a(rpl-icmp6.o)
 .text.set16    0x0000a6d4       0x10 contiki-sky.a(rpl-icmp6.o)
 .text.dao_ack_input
                0x0000a6e4        0x6 contiki-sky.a(rpl-icmp6.o)
 .text.dio_input
                0x0000a6ea      0x2d2 contiki-sky.a(rpl-icmp6.o)
 .text.dis_output
                0x0000a9bc       0x50 contiki-sky.a(rpl-icmp6.o)
                0x0000a9bc                dis_output
 .text.dio_output
                0x0000aa0c      0x268 contiki-sky.a(rpl-icmp6.o)
                0x0000aa0c                dio_output
 .text.dis_input
                0x0000ac74       0x28 contiki-sky.a(rpl-icmp6.o)
 .text.dao_output_target
                0x0000ac9c       0xea contiki-sky.a(rpl-icmp6.o)
                0x0000ac9c                dao_output_target
 .text.dao_output
                0x0000ad86       0x80 contiki-sky.a(rpl-icmp6.o)
                0x0000ad86                dao_output
 .text.dao_ack_output
                0x0000ae06       0x32 contiki-sky.a(rpl-icmp6.o)
                0x0000ae06                dao_ack_output
 .text.dao_input
                0x0000ae38      0x2a8 contiki-sky.a(rpl-icmp6.o)
 .text.rpl_icmp6_register_handlers
                0x0000b0e0       0x22 contiki-sky.a(rpl-icmp6.o)
                0x0000b0e0                rpl_icmp6_register_handlers
 .text.reset    0x0000b102        0x2 contiki-sky.a(rpl-mrhof.o)
 .text.update_metric_container
                0x0000b104        0x6 contiki-sky.a(rpl-mrhof.o)
 .text.calculate_rank
                0x0000b10a       0x3e contiki-sky.a(rpl-mrhof.o)
 .text.best_parent
                0x0000b148       0x74 contiki-sky.a(rpl-mrhof.o)
 .text.neighbor_link_callback
                0x0000b1bc       0xa2 contiki-sky.a(rpl-mrhof.o)
 .text.best_dag
                0x0000b25e       0x34 contiki-sky.a(rpl-mrhof.o)
 .text.new_dio_interval
                0x0000b292       0x92 contiki-sky.a(rpl-timers.o)
 .text.handle_periodic_timer
                0x0000b324       0x2e contiki-sky.a(rpl-timers.o)
 .text.set_dao_lifetime_timer
                0x0000b352       0x52 contiki-sky.a(rpl-timers.o)
 .text.schedule_dao
                0x0000b3a4       0x82 contiki-sky.a(rpl-timers.o)
 .text.handle_dio_timer
                0x0000b426       0x88 contiki-sky.a(rpl-timers.o)
 .text.handle_dao_timer
                0x0000b4ae       0x64 contiki-sky.a(rpl-timers.o)
 .text.rpl_reset_periodic_timer
                0x0000b512       0x60 contiki-sky.a(rpl-timers.o)
                0x0000b512                rpl_reset_periodic_timer
 .text.rpl_reset_dio_timer
                0x0000b572       0x18 contiki-sky.a(rpl-timers.o)
                0x0000b572                rpl_reset_dio_timer
 .text.rpl_schedule_dao
                0x0000b58a        0xc contiki-sky.a(rpl-timers.o)
                0x0000b58a                rpl_schedule_dao
 .text.rpl_schedule_probing
                0x0000b596       0x3c contiki-sky.a(rpl-timers.o)
                0x0000b596                rpl_schedule_probing
 .text.handle_probing_timer
                0x0000b5d2      0x124 contiki-sky.a(rpl-timers.o)
 .text.input_packet
                0x0000b6f6        0x6 contiki-sky.a(csma.o)
 .text.on       0x0000b6fc        0x6 contiki-sky.a(csma.o)
 .text.off      0x0000b702        0x6 contiki-sky.a(csma.o)
 .text.channel_check_interval
                0x0000b708       0x10 contiki-sky.a(csma.o)
 .text.transmit_packet_list
                0x0000b718       0x24 contiki-sky.a(csma.o)
 .text.send_packet
                0x0000b73c      0x17a contiki-sky.a(csma.o)
 .text.init     0x0000b8b6       0x1a contiki-sky.a(csma.o)
 .text.free_packet
                0x0000b8d0       0x9c contiki-sky.a(csma.o)
 .text.packet_sent
                0x0000b96c      0x130 contiki-sky.a(csma.o)
 .text.parse    0x0000ba9c       0xa0 contiki-sky.a(framer-802154.o)
 .text.create_frame.isra.0
                0x0000bb3c      0x108 contiki-sky.a(framer-802154.o)
 .text.create   0x0000bc44        0x8 contiki-sky.a(framer-802154.o)
 .text.hdr_length
                0x0000bc4c        0x8 contiki-sky.a(framer-802154.o)
 .text.framer_canonical_create_and_secure
                0x0000bc54       0x20 contiki-sky.a(framer.o)
                0x0000bc54                framer_canonical_create_and_secure
 .text.mac_call_sent_callback
                0x0000bc74       0x14 contiki-sky.a(mac.o)
                0x0000bc74                mac_call_sent_callback
 .text.linkaddr_copy
                0x0000bc88        0x8 contiki-sky.a(linkaddr.o)
                0x0000bc88                linkaddr_copy
 .text.linkaddr_cmp
                0x0000bc90       0x12 contiki-sky.a(linkaddr.o)
                0x0000bc90                linkaddr_cmp
 .text.linkaddr_set_node_addr
                0x0000bca2        0xc contiki-sky.a(linkaddr.o)
                0x0000bca2                linkaddr_set_node_addr
 .text.index_from_key
                0x0000bcae       0x48 contiki-sky.a(nbr-table.o)
 .text.item_from_key
                0x0000bcf6       0x34 contiki-sky.a(nbr-table.o)
 .text.nbr_set_bit
                0x0000bd2a       0x8e contiki-sky.a(nbr-table.o)
 .text.index_from_lladdr
                0x0000bdb8       0x42 contiki-sky.a(nbr-table.o)
 .text.nbr_get_bit.constprop.0
                0x0000bdfa       0x62 contiki-sky.a(nbr-table.o)
 .text.nbr_table_register
                0x0000be5c       0x28 contiki-sky.a(nbr-table.o)
                0x0000be5c                nbr_table_register
 .text.nbr_table_next
                0x0000be84       0x90 contiki-sky.a(nbr-table.o)
                0x0000be84                nbr_table_next
 .text.nbr_table_head
                0x0000bf14       0x36 contiki-sky.a(nbr-table.o)
                0x0000bf14                nbr_table_head
 .text.nbr_table_add_lladdr
                0x0000bf4a      0x144 contiki-sky.a(nbr-table.o)
                0x0000bf4a                nbr_table_add_lladdr
 .text.nbr_table_get_from_lladdr
                0x0000c08e       0x48 contiki-sky.a(nbr-table.o)
                0x0000c08e                nbr_table_get_from_lladdr
 .text.nbr_table_remove
                0x0000c0d6       0x32 contiki-sky.a(nbr-table.o)
                0x0000c0d6                nbr_table_remove
 .text.nbr_table_lock
                0x0000c108       0x10 contiki-sky.a(nbr-table.o)
                0x0000c108                nbr_table_lock
 .text.nbr_table_unlock
                0x0000c118       0x10 contiki-sky.a(nbr-table.o)
                0x0000c118                nbr_table_unlock
 .text.nbr_table_get_lladdr
                0x0000c128       0x5a contiki-sky.a(nbr-table.o)
                0x0000c128                nbr_table_get_lladdr
 .text.packetbuf_compact
                0x0000c182       0x2e contiki-sky.a(packetbuf.o)
                0x0000c182                packetbuf_compact
 .text.packetbuf_copyto
                0x0000c1b0       0x52 contiki-sky.a(packetbuf.o)
                0x0000c1b0                packetbuf_copyto
 .text.packetbuf_hdrreduce
                0x0000c202       0x1a contiki-sky.a(packetbuf.o)
                0x0000c202                packetbuf_hdrreduce
 .text.packetbuf_set_datalen
                0x0000c21c        0x6 contiki-sky.a(packetbuf.o)
                0x0000c21c                packetbuf_set_datalen
 .text.packetbuf_dataptr
                0x0000c222        0xe contiki-sky.a(packetbuf.o)
                0x0000c222                packetbuf_dataptr
 .text.packetbuf_hdrptr
                0x0000c230        0xa contiki-sky.a(packetbuf.o)
                0x0000c230                packetbuf_hdrptr
 .text.packetbuf_datalen
                0x0000c23a        0x6 contiki-sky.a(packetbuf.o)
                0x0000c23a                packetbuf_datalen
 .text.packetbuf_hdrlen
                0x0000c240       0x10 contiki-sky.a(packetbuf.o)
                0x0000c240                packetbuf_hdrlen
 .text.packetbuf_totlen
                0x0000c250        0xc contiki-sky.a(packetbuf.o)
                0x0000c250                packetbuf_totlen
 .text.packetbuf_hdralloc
                0x0000c25c       0x2e contiki-sky.a(packetbuf.o)
                0x0000c25c                packetbuf_hdralloc
 .text.packetbuf_attr_clear
                0x0000c28a       0x28 contiki-sky.a(packetbuf.o)
                0x0000c28a                packetbuf_attr_clear
 .text.packetbuf_clear
                0x0000c2b2       0x1a contiki-sky.a(packetbuf.o)
                0x0000c2b2                packetbuf_clear
 .text.packetbuf_copyfrom
                0x0000c2cc       0x2e contiki-sky.a(packetbuf.o)
                0x0000c2cc                packetbuf_copyfrom
 .text.packetbuf_attr_copyto
                0x0000c2fa       0x22 contiki-sky.a(packetbuf.o)
                0x0000c2fa                packetbuf_attr_copyto
 .text.packetbuf_attr_copyfrom
                0x0000c31c       0x24 contiki-sky.a(packetbuf.o)
                0x0000c31c                packetbuf_attr_copyfrom
 .text.packetbuf_holds_broadcast
                0x0000c340        0xe contiki-sky.a(packetbuf.o)
                0x0000c340                packetbuf_holds_broadcast
 .text.queuebuf_init
                0x0000c34e       0x12 contiki-sky.a(queuebuf.o)
                0x0000c34e                queuebuf_init
 .text.queuebuf_numfree
                0x0000c360        0xa contiki-sky.a(queuebuf.o)
                0x0000c360                queuebuf_numfree
 .text.queuebuf_new_from_packetbuf
                0x0000c36a       0x52 contiki-sky.a(queuebuf.o)
                0x0000c36a                queuebuf_new_from_packetbuf
 .text.queuebuf_update_attr_from_packetbuf
                0x0000c3bc       0x12 contiki-sky.a(queuebuf.o)
                0x0000c3bc                queuebuf_update_attr_from_packetbuf
 .text.queuebuf_update_from_packetbuf
                0x0000c3ce       0x22 contiki-sky.a(queuebuf.o)
                0x0000c3ce                queuebuf_update_from_packetbuf
 .text.queuebuf_free
                0x0000c3f0       0x2a contiki-sky.a(queuebuf.o)
                0x0000c3f0                queuebuf_free
 .text.queuebuf_to_packetbuf
                0x0000c41a       0x32 contiki-sky.a(queuebuf.o)
                0x0000c41a                queuebuf_to_packetbuf
 .text.queuebuf_attr
                0x0000c44c        0xe contiki-sky.a(queuebuf.o)
                0x0000c44c                queuebuf_attr
 .text.duty_cycle
                0x0000c45a        0x6 contiki-sky.a(contikimac.o)
 .text.init     0x0000c460       0x2a contiki-sky.a(contikimac.o)
 .text.on       0x0000c48a       0x1a contiki-sky.a(contikimac.o)
 .text.off      0x0000c4a4       0x22 contiki-sky.a(contikimac.o)
 .text.recv_burst_off
                0x0000c4c6        0xa contiki-sky.a(contikimac.o)
 .text.turn_off
                0x0000c4d0       0x20 contiki-sky.a(contikimac.o)
 .text.turn_on  0x0000c4f0       0x30 contiki-sky.a(contikimac.o)
 .text.schedule_powercycle_fixed.part.4
                0x0000c520       0x36 contiki-sky.a(contikimac.o)
 .text.powercycle_turn_radio_off
                0x0000c556       0x30 contiki-sky.a(contikimac.o)
 .text.powercycle
                0x0000c586      0x1d2 contiki-sky.a(contikimac.o)
 .text.input_packet
                0x0000c758       0xb2 contiki-sky.a(contikimac.o)
 .text.send_packet.isra.7
                0x0000c80a      0x1ec contiki-sky.a(contikimac.o)
 .text.qsend_list
                0x0000c9f6       0xc4 contiki-sky.a(contikimac.o)
 .text.qsend_packet
                0x0000caba       0x28 contiki-sky.a(contikimac.o)
 .text.bootstrap
                0x0000cae2        0x4 contiki-sky.a(nullsec.o)
 .text.send     0x0000cae6        0xa contiki-sky.a(nullsec.o)
 .text.on_frame_created
                0x0000caf0        0x4 contiki-sky.a(nullsec.o)
 .text.input    0x0000caf4        0x6 contiki-sky.a(nullsec.o)
 .text.get_overhead
                0x0000cafa        0x4 contiki-sky.a(nullsec.o)
 .text.spi_init
                0x0000cafe       0x32 contiki-sky.a(spi.o)
                0x0000cafe                spi_init
 .text.compower_accumulate
                0x0000cb30       0x72 contiki-sky.a(compower.o)
                0x0000cb30                compower_accumulate
 .text.compower_clear
                0x0000cba2       0x12 contiki-sky.a(compower.o)
                0x0000cba2                compower_clear
 .text.compower_attrconv
                0x0000cbb4       0x10 contiki-sky.a(compower.o)
                0x0000cbb4                compower_attrconv
 .text.stimer_set
                0x0000cbc4       0x1c contiki-sky.a(stimer.o)
                0x0000cbc4                stimer_set
 .text.stimer_expired
                0x0000cbe0       0x30 contiki-sky.a(stimer.o)
                0x0000cbe0                stimer_expired
 .text.memb_init
                0x0000cc10       0x36 contiki-sky.a(memb.o)
                0x0000cc10                memb_init
 .text.memb_alloc
                0x0000cc46       0x3e contiki-sky.a(memb.o)
                0x0000cc46                memb_alloc
 .text.memb_free
                0x0000cc84       0x3a contiki-sky.a(memb.o)
                0x0000cc84                memb_free
 .text.memb_inmemb
                0x0000ccbe       0x2e contiki-sky.a(memb.o)
                0x0000ccbe                memb_inmemb
 .text.memb_numfree
                0x0000ccec       0x26 contiki-sky.a(memb.o)
                0x0000ccec                memb_numfree
 .text.field_len
                0x0000cd12       0x98 contiki-sky.a(frame802154.o)
 .text.frame802154_hdrlen
                0x0000cdaa       0x2e contiki-sky.a(frame802154.o)
                0x0000cdaa                frame802154_hdrlen
 .text.frame802154_create
                0x0000cdd8      0x146 contiki-sky.a(frame802154.o)
                0x0000cdd8                frame802154_create
 .text.frame802154_parse
                0x0000cf1e      0x1da contiki-sky.a(frame802154.o)
                0x0000cf1e                frame802154_parse
 .text.mac_sequence_is_duplicate
                0x0000d0f8       0x44 contiki-sky.a(mac-sequence.o)
                0x0000d0f8                mac_sequence_is_duplicate
 .text.mac_sequence_register_seqno
                0x0000d13c       0x76 contiki-sky.a(mac-sequence.o)
                0x0000d13c                mac_sequence_register_seqno
 .text.libgcc   0x0000d1b2       0x2c /usr/lib/gcc/msp430/4.6.3/mmpy-16/libgcc.a(_mulsi3.o)
                0x0000d1b2                __mulsi3
 .text.libgcc   0x0000d1de       0x22 /usr/lib/gcc/msp430/4.6.3/mmpy-16/libgcc.a(_udivmod16.o)
                0x0000d1de                __udivhi3
                0x0000d1de                __ext_udivmod16
                0x0000d1f8                __umodhi3
 .text.libgcc   0x0000d200       0x3a /usr/lib/gcc/msp430/4.6.3/mmpy-16/libgcc.a(_divmod16.o)
                0x0000d200                __ext_divmod16
                0x0000d200                __divhi3
                0x0000d232                __modhi3
 .text.libgcc   0x0000d23a       0x40 /usr/lib/gcc/msp430/4.6.3/mmpy-16/libgcc.a(_udivmod32.o)
                0x0000d23a                __udivsi3
                0x0000d23a                __ext_udivmod32
                0x0000d270                __umodsi3
 .text          0x0000d27a       0x1e /usr/lib/gcc/msp430/4.6.3/../../../../msp430/lib/mmpy-16/libc.a(strcmp.o)
                0x0000d27a                strcmp
 .text          0x0000d298       0x28 /usr/lib/gcc/msp430/4.6.3/../../../../msp430/lib/mmpy-16/libc.a(strncmp.o)
                0x0000d298                strncmp
 .text          0x0000d2c0       0x20 /usr/lib/gcc/msp430/4.6.3/../../../../msp430/lib/mmpy-16/libc.a(memcmp.o)
                0x0000d2c0                memcmp
 .text          0x0000d2e0       0x2a /usr/lib/gcc/msp430/4.6.3/../../../../msp430/lib/mmpy-16/libc.a(strncpy.o)
                0x0000d2e0                strncpy
 .text          0x0000d30a       0xfa /usr/lib/gcc/msp430/4.6.3/../../../../msp430/lib/mmpy-16/libc.a(memcpy.o)
                0x0000d30a                memcpy
 .text          0x0000d404       0xfa /usr/lib/gcc/msp430/4.6.3/../../../../msp430/lib/mmpy-16/libc.a(memmove.o)
                0x0000d404                memmove
 .text          0x0000d4fe       0x6a /usr/lib/gcc/msp430/4.6.3/../../../../msp430/lib/mmpy-16/libc.a(memset.o)
                0x0000d4fe                memset
 .text          0x0000d568       0x8a /usr/lib/gcc/msp430/4.6.3/../../../../msp430/lib/mmpy-16/libc.a(atoi.o)
                0x0000d568                atoi
 .text          0x0000d5f2       0x1e /usr/lib/gcc/msp430/4.6.3/../../../../msp430/lib/mmpy-16/libc.a(printf.o)
                0x0000d5f2                printf
                0x0000d602                vprintf
 .text          0x0000d610       0xbc /usr/lib/gcc/msp430/4.6.3/../../../../msp430/lib/mmpy-16/libc.a(sprintf.o)
                0x0000d66e                sprintf
                0x0000d68a                snprintf
                0x0000d6a4                vsprintf
                0x0000d6ba                vsnprintf
 .text          0x0000d6cc      0x836 /usr/lib/gcc/msp430/4.6.3/../../../../msp430/lib/mmpy-16/libc.a(vuprintf.o)
                0x0000d864                vuprintf
 .text          0x0000df02       0x2c /usr/lib/gcc/msp430/4.6.3/../../../../msp430/lib/mmpy-16/libc.a(puts.o)
                0x0000df02                puts
 .text          0x0000df2e       0x54 /usr/lib/gcc/msp430/4.6.3/../../../../msp430/lib/mmpy-16/libc.a(rand.o)
                0x0000df2e                rand_r
                0x0000df52                rand
                0x0000df78                srand
 .text.libgcc   0x0000df82       0xf0 /usr/lib/gcc/msp430/4.6.3/mmpy-16/libgcc.a(_udivmod64.o)
                0x0000df82                __xabi_udivmod64
                0x0000dfe0                __udivdi3
                0x0000e006                __umoddi3
                0x0000e034                __udivmoddi4
 .text.crt0     0x0000e072        0x2 /usr/lib/gcc/msp430/4.6.3/mmpy-16/libcrt0.a(_unexpected_.o)
                0x0000e072                _unexpected_
                0x0000e074                . = ALIGN (0x2)

.rodata         0x0000e074      0x4b4
                0x0000e074                . = ALIGN (0x2)
 *(.rodata .rodata.* .gnu.linkonce.r.*)
 .rodata        0x0000e074      0x240 root.co
                0x0000e2a0                autostart_processes
 .rodata        0x0000e2b4      0x12e obj_sky/contiki-sky-main.o
 .rodata        0x0000e3e2       0x10 contiki-sky.a(button-sensor.o)
                0x0000e3ea                button_sensor
 .rodata        0x0000e3f2        0x8 contiki-sky.a(sensors.o)
 .rodata        0x0000e3fa       0x5a contiki-sky.a(cc2420.o)
                0x0000e416                cc2420_aes_128_driver
                0x0000e41a                cc2420_driver
 .rodata        0x0000e454        0xf contiki-sky.a(ctimer.o)
 .rodata        0x0000e463        0xc contiki-sky.a(etimer.o)
 *fill*         0x0000e46f        0x1 00
 .rodata        0x0000e470       0x24 contiki-sky.a(sicslowpan.o)
                0x0000e47c                sicslowpan_driver
                0x0000e482                llprefix
                0x0000e484                unc_mxconf
                0x0000e488                unc_ctxconf
                0x0000e48c                unc_llconf
 .rodata        0x0000e494        0xd contiki-sky.a(tcpip.o)
 .rodata        0x0000e4a1       0x29 contiki-sky.a(uip-debug.o)
 .rodata        0x0000e4ca       0x14 contiki-sky.a(csma.o)
                0x0000e4d0                csma_driver
 .rodata        0x0000e4de        0x8 contiki-sky.a(framer-802154.o)
                0x0000e4de                framer_802154
 .rodata        0x0000e4e6        0x8 contiki-sky.a(linkaddr.o)
                0x0000e4e6                linkaddr_null
 .rodata        0x0000e4ee       0x1c contiki-sky.a(contikimac.o)
                0x0000e4fa                contikimac_driver
 .rodata        0x0000e50a       0x14 contiki-sky.a(nullsec.o)
                0x0000e512                nullsec_driver
 .rodata        0x0000e51e        0x2 contiki-sky.a(frame802154.o)
 .rodata        0x0000e520        0x7 /usr/lib/gcc/msp430/4.6.3/../../../../msp430/lib/mmpy-16/libc.a(vuprintf.o)
                0x0000e528                . = ALIGN (0x2)
 *fill*         0x0000e527        0x1 00
                0x0000e528                _etext = .

.data           0x00001100       0xde load address 0x0000e528
                0x00001100                . = ALIGN (0x2)
                0x00001100                PROVIDE (__data_start, .)
 *(.data .data.* .gnu.linkonce.d.*)
 .data          0x00001100        0xa root.co
                0x00001100                root_process
 .data          0x0000110a        0x4 contiki-sky.a(contiki-sky-pla)
                0x0000110a                sensors
 .data          0x0000110e        0xa contiki-sky.a(sensors.o)
                0x0000110e                sensors_process
 .data          0x00001118        0xa contiki-sky.a(cc2420.o)
                0x00001118                cc2420_process
 .data          0x00001122        0x2 contiki-sky.a(msp430.o)
 .data          0x00001124        0xa contiki-sky.a(ctimer.o)
                0x00001124                ctimer_process
 .data          0x0000112e        0xa contiki-sky.a(etimer.o)
                0x0000112e                etimer_process
 .data          0x00001138        0xa contiki-sky.a(uip-ds6-nbr.o)
                0x00001138                ds6_neighbors
 .data          0x00001142       0x20 contiki-sky.a(uip-ds6-route.o)
 .data          0x00001162        0xc contiki-sky.a(uip-icmp6.o)
 .data          0x0000116e        0xa contiki-sky.a(tcpip.o)
                0x0000116e                tcpip_process
 .data          0x00001178        0xa contiki-sky.a(rpl-dag.o)
                0x00001178                rpl_parents
 .data          0x00001182       0x1a contiki-sky.a(rpl-icmp6.o)
 .data          0x0000119c        0xe contiki-sky.a(rpl-mrhof.o)
                0x0000119c                rpl_mrhof
 .data          0x000011aa       0x18 contiki-sky.a(csma.o)
 .data          0x000011c2        0x8 contiki-sky.a(nbr-table.o)
 .data          0x000011ca       0x10 contiki-sky.a(queuebuf.o)
 .data          0x000011da        0x4 /usr/lib/gcc/msp430/4.6.3/../../../../msp430/lib/mmpy-16/libc.a(rand.o)
                0x000011de                . = ALIGN (0x2)
                0x000011de                _edata = .
                0x0000e528                PROVIDE (__data_load_start, LOADADDR (.data))
                0x000000de                PROVIDE (__data_size, SIZEOF (.data))

.bss            0x000011de     0x1c32 load address 0x0000e606
                0x000011de                PROVIDE (__bss_start, .)
 *(.bss .bss.*)
 .bss           0x000011de      0x806 root.co
 .bss           0x000019e4        0xc obj_sky/contiki-sky-main.o
 .bss           0x000019f0        0x8 contiki-sky.a(button-sensor.o)
 .bss           0x000019f8        0x2 contiki-sky.a(node-id.o)
                0x000019f8                node_id
 .bss           0x000019fa        0x6 contiki-sky.a(sensors.o)
 .bss           0x00001a00        0x8 contiki-sky.a(cc2420.o)
 .bss           0x00001a08       0x9a contiki-sky.a(uart1.o)
 .bss           0x00001aa2        0xa contiki-sky.a(clock.o)
 .bss           0x00001aac        0x1 contiki-sky.a(leds.o)
 *fill*         0x00001aad        0x1 00
 .bss           0x00001aae        0x2 contiki-sky.a(watchdog.o)
 .bss           0x00001ab0        0x4 contiki-sky.a(ctimer.o)
 .bss           0x00001ab4        0x6 contiki-sky.a(etimer.o)
 .bss           0x00001aba       0x42 contiki-sky.a(process.o)
                0x00001aba                process_current
                0x00001abc                process_list
 .bss           0x00001afc        0x2 contiki-sky.a(rtimer.o)
 .bss           0x00001afe      0x124 contiki-sky.a(sicslowpan.o)
 .bss           0x00001c22        0xa contiki-sky.a(uip6.o)
                0x00001c22                uip_ext_opt_offset
                0x00001c24                uip_ext_len
                0x00001c26                uip_ext_bitmap
 .bss           0x00001c2c       0x18 contiki-sky.a(uip-ds6.o)
 .bss           0x00001c44      0x17c contiki-sky.a(uip-ds6-nbr.o)
 .bss           0x00001dc0      0x1d2 contiki-sky.a(uip-ds6-route.o)
 .bss           0x00001f92       0x14 contiki-sky.a(uip-icmp6.o)
 .bss           0x00001fa6        0xe contiki-sky.a(tcpip.o)
 .bss           0x00001fb4        0x2 contiki-sky.a(rpl.o)
 .bss           0x00001fb6       0x78 contiki-sky.a(rpl-dag.o)
 .bss           0x0000202e       0x18 contiki-sky.a(rpl-timers.o)
 .bss           0x00002046       0xc4 contiki-sky.a(csma.o)
 .bss           0x0000210a        0x2 contiki-sky.a(framer-802154.o)
 .bss           0x0000210c       0x96 contiki-sky.a(nbr-table.o)
 .bss           0x000021a2       0xb8 contiki-sky.a(packetbuf.o)
 .bss           0x0000225a      0x5a0 contiki-sky.a(queuebuf.o)
 .bss           0x000027fa       0x32 contiki-sky.a(contikimac.o)
 .bss           0x0000282c        0x8 contiki-sky.a(compower.o)
 .bss           0x00002834       0xa0 contiki-sky.a(mac-sequence.o)
 .bss           0x000028d4        0x4 /usr/lib/gcc/msp430/4.6.3/../../../../msp430/lib/mmpy-16/libc.a(sprintf.o)
 *(COMMON)
 COMMON         0x000028d8        0x2 contiki-sky.a(contiki-sky-pla)
                0x000028d8                sensors_flags
 COMMON         0x000028da        0x8 contiki-sky.a(ds2411.o)
                0x000028da                ds2411_id
 COMMON         0x000028e2        0x1 contiki-sky.a(sensors.o)
                0x000028e2                sensors_event
 *fill*         0x000028e3        0x1 00
 COMMON         0x000028e4       0x10 contiki-sky.a(cc2420.o)
                0x000028e4                cc2420_last_rssi
                0x000028e6                cc2420_sfd_start_time
                0x000028e8                cc2420_time_of_departure
                0x000028ea                cc2420_time_of_arrival
                0x000028ec                cc2420_last_correlation
                0x000028ee                cc2420_authority_level_of_sender
                0x000028f0                cc2420_sfd_counter
                0x000028f2                cc2420_sfd_end_time
 COMMON         0x000028f4        0x2 contiki-sky.a(msp430.o)
                0x000028f4                msp430_dco_required
 COMMON         0x000028f6       0x56 contiki-sky.a(energest.o)
                0x000028f6                energest_total_time
                0x00002926                energest_total_count
                0x00002928                energest_current_mode
                0x00002934                energest_current_time
 COMMON         0x0000294c        0x1 contiki-sky.a(process.o)
                0x0000294c                process_maxevents
 *fill*         0x0000294d        0x1 00
 COMMON         0x0000294e        0x8 contiki-sky.a(sicslowpan.o)
                0x0000294e                frag_sender
 COMMON         0x00002956      0x240 contiki-sky.a(uip6.o)
                0x00002956                uip_len
                0x00002958                uip_sappdata
                0x0000295a                uip_lladdr
                0x00002962                uip_aligned_buf
                0x00002a52                uip_flags
                0x00002a54                uip_next_hdr
                0x00002a56                uip_udp_conn
                0x00002a58                uip_appdata
                0x00002a5a                uip_conn
                0x00002a5c                uip_slen
                0x00002a5e                uip_udp_conns
 COMMON         0x00002b96      0x15c contiki-sky.a(uip-ds6.o)
                0x00002b96                uip_ds6_timer_ra
                0x00002b9e                uip_ds6_if
                0x00002c8a                uip_ds6_netif_addr_list_offset
                0x00002c8b                uip_ds6_addr_size
                0x00002c8c                uip_ds6_prefix_list
                0x00002ce6                uip_ds6_timer_periodic
 COMMON         0x00002cf2        0x1 contiki-sky.a(tcpip.o)
                0x00002cf2                tcpip_event
 *fill*         0x00002cf3        0x1 00
 COMMON         0x00002cf4       0xde contiki-sky.a(rpl-dag.o)
                0x00002cf4                default_instance
                0x00002cf6                instance_table
 COMMON         0x00002dd2        0x8 contiki-sky.a(linkaddr.o)
                0x00002dd2                linkaddr_node_addr
 COMMON         0x00002dda       0x2e contiki-sky.a(packetbuf.o)
                0x00002dda                packetbuf_addrs
                0x00002dea                packetbuf_attrs
 COMMON         0x00002e08        0x8 contiki-sky.a(compower.o)
                0x00002e08                compower_idle_activity
                0x00002e10                . = ALIGN (0x2)
                0x00002e10                PROVIDE (__bss_end, .)
                0x00001c32                PROVIDE (__bss_size, SIZEOF (.bss))

.noinit         0x00002e10        0x2 load address 0x0000e606
                0x00002e10                PROVIDE (__noinit_start, .)
 *(.noinit .noinit.*)
 .noinit.crt0   0x00002e10        0x2 /usr/lib/gcc/msp430/4.6.3/mmpy-16/libcrt0.a(__watchdog_support.o)
                0x00002e10                __wdt_clear_value
                0x00002e12                . = ALIGN (0x2)
                0x00002e12                PROVIDE (__noinit_end, .)
                0x00002e12                . = ALIGN (0x2)
                0x00002e12                _end = .

.infomem        0x00001000        0x0
 *(.infomem)
                0x00001000                . = ALIGN (0x2)
 *(.infomem.*)

.infomemnobits  0x00001000        0x0
 *(.infomemnobits)
                0x00001000                . = ALIGN (0x2)
 *(.infomemnobits.*)

.infoa
 *(.infoa .infoa.*)

.infob
 *(.infob .infob.*)

.infoc
 *(.infoc .infoc.*)

.infod
 *(.infod .infod.*)

.vectors        0x0000ffe0       0x20
                0x0000ffe0                PROVIDE (__vectors_start, .)
 *(.vectors*)
 .vectors       0x0000ffe0       0x20 /usr/lib/gcc/msp430/4.6.3/mmpy-16/crt0ivtbl16.o
                0x0000ffe0                __ivtbl_16
                0x00010000                _vectors_end = .

.fartext        0x00000000        0x0
                0x00000000                . = ALIGN (0x2)
 *(.fartext)
                0x00000000                . = ALIGN (0x2)
 *(.fartext.*)
                0x00000000                _efartext = .

.profiler
 *(.profiler)

.stab           0x00000000    0x2667c
 *(.stab)
 .stab          0x00000000     0x1e24 root.co
 .stab          0x00001e24     0x12b4 obj_sky/contiki-sky-main.o
                               0x1b0c (size before relaxing)
 .stab          0x000030d8      0x264 contiki-sky.a(contiki-sky-pla)
                                0x5b8 (size before relaxing)
 .stab          0x0000333c      0x468 contiki-sky.a(button-sensor.o)
                                0x7d4 (size before relaxing)
 .stab          0x000037a4      0x624 contiki-sky.a(ds2411.o)
                                0xb40 (size before relaxing)
 .stab          0x00003dc8      0xbac contiki-sky.a(xmem.o)
                                0xf60 (size before relaxing)
 .stab          0x00004974      0x2b8 contiki-sky.a(node-id.o)
                                0x4e0 (size before relaxing)
 .stab          0x00004c2c      0x654 contiki-sky.a(sensors.o)
                                0xb70 (size before relaxing)
 .stab          0x00005280     0x25e0 contiki-sky.a(cc2420.o)
                               0x2cac (size before relaxing)
 .stab          0x00007860      0x63c contiki-sky.a(cc2420-arch.o)
                               0x1728 (size before relaxing)
 .stab          0x00007e9c      0x60c contiki-sky.a(uart1.o)
                                0x960 (size before relaxing)
 .stab          0x000084a8      0x27c contiki-sky.a(uart1-putchar.o)
                                0x7bc (size before relaxing)
 .stab          0x00008724      0x744 contiki-sky.a(msp430.o)
                                0xa98 (size before relaxing)
 .stab          0x00008e68      0x948 contiki-sky.a(clock.o)
                                0xc9c (size before relaxing)
 .stab          0x000097b0      0x5dc contiki-sky.a(leds.o)
                                0x828 (size before relaxing)
 .stab          0x00009d8c      0x3a8 contiki-sky.a(leds-arch.o)
                                0x6fc (size before relaxing)
 .stab          0x0000a134      0x3fc contiki-sky.a(watchdog.o)
                                0x750 (size before relaxing)
 .stab          0x0000a530      0x3cc contiki-sky.a(rtimer-arch.o)
                                0x720 (size before relaxing)
 .stab          0x0000a8fc      0x294 contiki-sky.a(autostart.o)
                                0x534 (size before relaxing)
 .stab          0x0000ab90      0x7a4 contiki-sky.a(ctimer.o)
                                0xb10 (size before relaxing)
 .stab          0x0000b334      0x474 contiki-sky.a(energest.o)
                                0x6fc (size before relaxing)
 .stab          0x0000b7a8      0xa38 contiki-sky.a(etimer.o)
                                0xd08 (size before relaxing)
 .stab          0x0000c1e0      0xb7c contiki-sky.a(process.o)
                               0x1014 (size before relaxing)
 .stab          0x0000cd5c      0x3d8 contiki-sky.a(rtimer.o)
                                0x6c0 (size before relaxing)
 .stab          0x0000d134      0x354 contiki-sky.a(timer.o)
                                0x594 (size before relaxing)
 .stab          0x0000d488      0x7f8 contiki-sky.a(list.o)
                                0x804 (size before relaxing)
 .stab          0x0000dc80      0x228 contiki-sky.a(random.o)
                                0x624 (size before relaxing)
 .stab          0x0000dea8     0x1f98 contiki-sky.a(sicslowpan.o)
                               0x2ee0 (size before relaxing)
 .stab          0x0000fe40     0x14b8 contiki-sky.a(uip6.o)
                               0x2100 (size before relaxing)
 .stab          0x000112f8     0x13d4 contiki-sky.a(uip-ds6.o)
                               0x1f74 (size before relaxing)
 .stab          0x000126cc      0xcd8 contiki-sky.a(uip-ds6-nbr.o)
                               0x1710 (size before relaxing)
 .stab          0x000133a4     0x1260 contiki-sky.a(uip-ds6-route.o)
                               0x1de8 (size before relaxing)
 .stab          0x00014604      0xcf0 contiki-sky.a(uip-icmp6.o)
                               0x1968 (size before relaxing)
 .stab          0x000152f4      0x57c contiki-sky.a(uip-nd6.o)
                               0x1158 (size before relaxing)
 .stab          0x00015870      0xd14 contiki-sky.a(tcpip.o)
                               0x1f5c (size before relaxing)
 .stab          0x00016584      0x444 contiki-sky.a(uip-debug.o)
                                0xbd0 (size before relaxing)
 .stab          0x000169c8      0x450 contiki-sky.a(uip-udp-packet.)
                                0xc24 (size before relaxing)
 .stab          0x00016e18      0xa98 contiki-sky.a(rpl.o)
                               0x17dc (size before relaxing)
 .stab          0x000178b0     0x2f1c contiki-sky.a(rpl-dag.o)
                               0x3c3c (size before relaxing)
 .stab          0x0001a7cc      0xa5c contiki-sky.a(rpl-ext-header.)
                               0x1830 (size before relaxing)
 .stab          0x0001b228     0x17b8 contiki-sky.a(rpl-icmp6.o)
                               0x25d4 (size before relaxing)
 .stab          0x0001c9e0      0x8b8 contiki-sky.a(rpl-mrhof.o)
                               0x15c0 (size before relaxing)
 .stab          0x0001d298      0xbe8 contiki-sky.a(rpl-timers.o)
                               0x18f0 (size before relaxing)
 .stab          0x0001de80     0x1050 contiki-sky.a(csma.o)
                               0x1590 (size before relaxing)
 .stab          0x0001eed0      0x930 contiki-sky.a(framer-802154.o)
                                0xf54 (size before relaxing)
 .stab          0x0001f800      0x3fc contiki-sky.a(framer.o)
                                0xc54 (size before relaxing)
 .stab          0x0001fbfc      0x1f8 contiki-sky.a(mac.o)
                                0x4ec (size before relaxing)
 .stab          0x0001fdf4      0x2c4 contiki-sky.a(linkaddr.o)
                                0x6c0 (size before relaxing)
 .stab          0x000200b8      0xd80 contiki-sky.a(nbr-table.o)
                               0x1428 (size before relaxing)
 .stab          0x00020e38      0xdb0 contiki-sky.a(packetbuf.o)
                               0x1ed8 (size before relaxing)
 .stab          0x00021be8      0xaa4 contiki-sky.a(queuebuf.o)
                               0x1bb4 (size before relaxing)
 .stab          0x0002268c     0x1884 contiki-sky.a(contikimac.o)
                               0x22f8 (size before relaxing)
 .stab          0x00023f10      0x75c contiki-sky.a(nullsec.o)
                                0xda4 (size before relaxing)
 .stab          0x0002466c      0x204 contiki-sky.a(spi.o)
                                0x42c (size before relaxing)
 .stab          0x00024870      0x51c contiki-sky.a(compower.o)
                                0xd20 (size before relaxing)
 .stab          0x00024d8c      0x3c0 contiki-sky.a(stimer.o)
                                0x600 (size before relaxing)
 .stab          0x0002514c      0x5c4 contiki-sky.a(memb.o)
                                0xaf8 (size before relaxing)
 .stab          0x00025710      0x924 contiki-sky.a(frame802154.o)
                               0x10f8 (size before relaxing)
 .stab          0x00026034      0x648 contiki-sky.a(mac-sequence.o)
                               0x1770 (size before relaxing)

.stabstr        0x00000000    0x1b749
 *(.stabstr)
 .stabstr       0x00000000    0x1b749 root.co

.stab.excl
 *(.stab.excl)

.stab.exclstr
 *(.stab.exclstr)

.stab.index
 *(.stab.index)

.stab.indexstr
 *(.stab.indexstr)

.comment
 *(.comment)

.debug
 *(.debug)

.line
 *(.line)

.debug_srcinfo
 *(.debug_srcinfo)

.debug_sfnames
 *(.debug_sfnames)

.debug_aranges  0x00000000      0x1e0
 *(.debug_aranges)
 .debug_aranges
                0x00000000       0x14 /usr/lib/gcc/msp430/4.6.3/mmpy-16/libgcc.a(_mulsi3.o)
 .debug_aranges
                0x00000014       0x14 /usr/lib/gcc/msp430/4.6.3/mmpy-16/libgcc.a(_udivmod16.o)
 .debug_aranges
                0x00000028       0x14 /usr/lib/gcc/msp430/4.6.3/mmpy-16/libgcc.a(_divmod16.o)
 .debug_aranges
                0x0000003c       0x14 /usr/lib/gcc/msp430/4.6.3/mmpy-16/libgcc.a(_udivmod32.o)
 .debug_aranges
                0x00000050       0x14 /usr/lib/gcc/msp430/4.6.3/../../../../msp430/lib/mmpy-16/libc.a(strcmp.o)
 .debug_aranges
                0x00000064       0x14 /usr/lib/gcc/msp430/4.6.3/../../../../msp430/lib/mmpy-16/libc.a(strncmp.o)
 .debug_aranges
                0x00000078       0x14 /usr/lib/gcc/msp430/4.6.3/../../../../msp430/lib/mmpy-16/libc.a(memcmp.o)
 .debug_aranges
                0x0000008c       0x14 /usr/lib/gcc/msp430/4.6.3/../../../../msp430/lib/mmpy-16/libc.a(strncpy.o)
 .debug_aranges
                0x000000a0       0x14 /usr/lib/gcc/msp430/4.6.3/../../../../msp430/lib/mmpy-16/libc.a(memcpy.o)
 .debug_aranges
                0x000000b4       0x14 /usr/lib/gcc/msp430/4.6.3/../../../../msp430/lib/mmpy-16/libc.a(memmove.o)
 .debug_aranges
                0x000000c8       0x14 /usr/lib/gcc/msp430/4.6.3/../../../../msp430/lib/mmpy-16/libc.a(memset.o)
 .debug_aranges
                0x000000dc       0x14 /usr/lib/gcc/msp430/4.6.3/../../../../msp430/lib/mmpy-16/libc.a(atoi.o)
 .debug_aranges
                0x000000f0       0x14 /usr/lib/gcc/msp430/4.6.3/../../../../msp430/lib/mmpy-16/libc.a(printf.o)
 .debug_aranges
                0x00000104       0x14 /usr/lib/gcc/msp430/4.6.3/../../../../msp430/lib/mmpy-16/libc.a(sprintf.o)
 .debug_aranges
                0x00000118       0x14 /usr/lib/gcc/msp430/4.6.3/../../../../msp430/lib/mmpy-16/libc.a(vuprintf.o)
 .debug_aranges
                0x0000012c       0x14 /usr/lib/gcc/msp430/4.6.3/../../../../msp430/lib/mmpy-16/libc.a(puts.o)
 .debug_aranges
                0x00000140       0x14 /usr/lib/gcc/msp430/4.6.3/../../../../msp430/lib/mmpy-16/libc.a(rand.o)
 .debug_aranges
                0x00000154       0x14 /usr/lib/gcc/msp430/4.6.3/mmpy-16/libgcc.a(_udivmod64.o)
 .debug_aranges
                0x00000168       0x14 /usr/lib/gcc/msp430/4.6.3/mmpy-16/libcrt0.a(__watchdog_support.o)
 .debug_aranges
                0x0000017c       0x14 /usr/lib/gcc/msp430/4.6.3/mmpy-16/libcrt0.a(__init_stack.o)
 .debug_aranges
                0x00000190       0x14 /usr/lib/gcc/msp430/4.6.3/mmpy-16/libcrt0.a(_copy_data.o)
 .debug_aranges
                0x000001a4       0x14 /usr/lib/gcc/msp430/4.6.3/mmpy-16/libcrt0.a(_clear_bss.o)
 .debug_aranges
                0x000001b8       0x14 /usr/lib/gcc/msp430/4.6.3/mmpy-16/libcrt0.a(_endless_loop__.o)
 .debug_aranges
                0x000001cc       0x14 /usr/lib/gcc/msp430/4.6.3/mmpy-16/libcrt0.a(_unexpected_.o)

.debug_pubnames
 *(.debug_pubnames)

.debug_info     0x00000000     0x1a34
 *(.debug_info)
 .debug_info    0x00000000       0xd6 /usr/lib/gcc/msp430/4.6.3/mmpy-16/libgcc.a(_mulsi3.o)
 .debug_info    0x000000d6       0xd6 /usr/lib/gcc/msp430/4.6.3/mmpy-16/libgcc.a(_udivmod16.o)
 .debug_info    0x000001ac       0xd6 /usr/lib/gcc/msp430/4.6.3/mmpy-16/libgcc.a(_divmod16.o)
 .debug_info    0x00000282       0xd6 /usr/lib/gcc/msp430/4.6.3/mmpy-16/libgcc.a(_udivmod32.o)
 .debug_info    0x00000358       0xa4 /usr/lib/gcc/msp430/4.6.3/../../../../msp430/lib/mmpy-16/libc.a(strcmp.o)
 .debug_info    0x000003fc       0xbb /usr/lib/gcc/msp430/4.6.3/../../../../msp430/lib/mmpy-16/libc.a(strncmp.o)
 .debug_info    0x000004b7       0xe8 /usr/lib/gcc/msp430/4.6.3/../../../../msp430/lib/mmpy-16/libc.a(memcmp.o)
 .debug_info    0x0000059f       0xe1 /usr/lib/gcc/msp430/4.6.3/../../../../msp430/lib/mmpy-16/libc.a(strncpy.o)
 .debug_info    0x00000680      0x113 /usr/lib/gcc/msp430/4.6.3/../../../../msp430/lib/mmpy-16/libc.a(memcpy.o)
 .debug_info    0x00000793      0x113 /usr/lib/gcc/msp430/4.6.3/../../../../msp430/lib/mmpy-16/libc.a(memmove.o)
 .debug_info    0x000008a6       0xfe /usr/lib/gcc/msp430/4.6.3/../../../../msp430/lib/mmpy-16/libc.a(memset.o)
 .debug_info    0x000009a4       0xb4 /usr/lib/gcc/msp430/4.6.3/../../../../msp430/lib/mmpy-16/libc.a(atoi.o)
 .debug_info    0x00000a58      0x105 /usr/lib/gcc/msp430/4.6.3/../../../../msp430/lib/mmpy-16/libc.a(printf.o)
 .debug_info    0x00000b5d      0x277 /usr/lib/gcc/msp430/4.6.3/../../../../msp430/lib/mmpy-16/libc.a(sprintf.o)
 .debug_info    0x00000dd4      0x565 /usr/lib/gcc/msp430/4.6.3/../../../../msp430/lib/mmpy-16/libc.a(vuprintf.o)
 .debug_info    0x00001339       0x96 /usr/lib/gcc/msp430/4.6.3/../../../../msp430/lib/mmpy-16/libc.a(puts.o)
 .debug_info    0x000013cf      0x13f /usr/lib/gcc/msp430/4.6.3/../../../../msp430/lib/mmpy-16/libc.a(rand.o)
 .debug_info    0x0000150e       0xd6 /usr/lib/gcc/msp430/4.6.3/mmpy-16/libgcc.a(_udivmod64.o)
 .debug_info    0x000015e4       0xb8 /usr/lib/gcc/msp430/4.6.3/mmpy-16/libcrt0.a(__watchdog_support.o)
 .debug_info    0x0000169c       0xb8 /usr/lib/gcc/msp430/4.6.3/mmpy-16/libcrt0.a(__init_stack.o)
 .debug_info    0x00001754       0xb8 /usr/lib/gcc/msp430/4.6.3/mmpy-16/libcrt0.a(_copy_data.o)
 .debug_info    0x0000180c       0xb8 /usr/lib/gcc/msp430/4.6.3/mmpy-16/libcrt0.a(_clear_bss.o)
 .debug_info    0x000018c4       0xb8 /usr/lib/gcc/msp430/4.6.3/mmpy-16/libcrt0.a(_endless_loop__.o)
 .debug_info    0x0000197c       0xb8 /usr/lib/gcc/msp430/4.6.3/mmpy-16/libcrt0.a(_unexpected_.o)
 *(.gnu.linkonce.wi.*)

.debug_abbrev   0x00000000      0xa43
 *(.debug_abbrev)
 .debug_abbrev  0x00000000       0x14 /usr/lib/gcc/msp430/4.6.3/mmpy-16/libgcc.a(_mulsi3.o)
 .debug_abbrev  0x00000014       0x14 /usr/lib/gcc/msp430/4.6.3/mmpy-16/libgcc.a(_udivmod16.o)
 .debug_abbrev  0x00000028       0x14 /usr/lib/gcc/msp430/4.6.3/mmpy-16/libgcc.a(_divmod16.o)
 .debug_abbrev  0x0000003c       0x14 /usr/lib/gcc/msp430/4.6.3/mmpy-16/libgcc.a(_udivmod32.o)
 .debug_abbrev  0x00000050       0x60 /usr/lib/gcc/msp430/4.6.3/../../../../msp430/lib/mmpy-16/libc.a(strcmp.o)
 .debug_abbrev  0x000000b0       0x7c /usr/lib/gcc/msp430/4.6.3/../../../../msp430/lib/mmpy-16/libc.a(strncmp.o)
 .debug_abbrev  0x0000012c       0x9b /usr/lib/gcc/msp430/4.6.3/../../../../msp430/lib/mmpy-16/libc.a(memcmp.o)
 .debug_abbrev  0x000001c7       0x94 /usr/lib/gcc/msp430/4.6.3/../../../../msp430/lib/mmpy-16/libc.a(strncpy.o)
 .debug_abbrev  0x0000025b       0x97 /usr/lib/gcc/msp430/4.6.3/../../../../msp430/lib/mmpy-16/libc.a(memcpy.o)
 .debug_abbrev  0x000002f2       0x97 /usr/lib/gcc/msp430/4.6.3/../../../../msp430/lib/mmpy-16/libc.a(memmove.o)
 .debug_abbrev  0x00000389       0x9c /usr/lib/gcc/msp430/4.6.3/../../../../msp430/lib/mmpy-16/libc.a(memset.o)
 .debug_abbrev  0x00000425       0x7e /usr/lib/gcc/msp430/4.6.3/../../../../msp430/lib/mmpy-16/libc.a(atoi.o)
 .debug_abbrev  0x000004a3       0xd0 /usr/lib/gcc/msp430/4.6.3/../../../../msp430/lib/mmpy-16/libc.a(printf.o)
 .debug_abbrev  0x00000573      0x105 /usr/lib/gcc/msp430/4.6.3/../../../../msp430/lib/mmpy-16/libc.a(sprintf.o)
 .debug_abbrev  0x00000678      0x1ef /usr/lib/gcc/msp430/4.6.3/../../../../msp430/lib/mmpy-16/libc.a(vuprintf.o)
 .debug_abbrev  0x00000867       0x60 /usr/lib/gcc/msp430/4.6.3/../../../../msp430/lib/mmpy-16/libc.a(puts.o)
 .debug_abbrev  0x000008c7       0xf0 /usr/lib/gcc/msp430/4.6.3/../../../../msp430/lib/mmpy-16/libc.a(rand.o)
 .debug_abbrev  0x000009b7       0x14 /usr/lib/gcc/msp430/4.6.3/mmpy-16/libgcc.a(_udivmod64.o)
 .debug_abbrev  0x000009cb       0x14 /usr/lib/gcc/msp430/4.6.3/mmpy-16/libcrt0.a(__watchdog_support.o)
 .debug_abbrev  0x000009df       0x14 /usr/lib/gcc/msp430/4.6.3/mmpy-16/libcrt0.a(__init_stack.o)
 .debug_abbrev  0x000009f3       0x14 /usr/lib/gcc/msp430/4.6.3/mmpy-16/libcrt0.a(_copy_data.o)
 .debug_abbrev  0x00000a07       0x14 /usr/lib/gcc/msp430/4.6.3/mmpy-16/libcrt0.a(_clear_bss.o)
 .debug_abbrev  0x00000a1b       0x14 /usr/lib/gcc/msp430/4.6.3/mmpy-16/libcrt0.a(_endless_loop__.o)
 .debug_abbrev  0x00000a2f       0x14 /usr/lib/gcc/msp430/4.6.3/mmpy-16/libcrt0.a(_unexpected_.o)

.debug_line     0x00000000      0xfca
 *(.debug_line)